###############################################################################
#                                                                             #
# IAR C/C++ Compiler V8.10.3.10338/W32 for 8051         24/Jun/2019  18:14:05 #
# Copyright 2004-2011 IAR Systems AB.                                         #
#                                                                             #
#    Core               =  plain                                              #
#    Code model         =  banked                                             #
#    Data model         =  large                                              #
#    Calling convention =  xdata reentrant                                    #
#    Constant location  =  data_rom                                           #
#    Dptr setup         =  1,16                                               #
#    Source file        =  E:\Github_Repository\zigbee-net-tech\ZStack-2.5.1a #
#                          \Projects\zstack\Samples\SampleApp\Source\SinglyLi #
#                          nkedList.c                                         #
#    Command line       =  -f E:\Github_Repository\zigbee-net-tech\ZStack-2.5 #
#                          .1a\Projects\zstack\Samples\SampleApp\CC2530DB\..\ #
#                          ..\..\Tools\CC2530DB\f8wEndev.cfg (-DCPU32MHZ      #
#                          -DROOT=__near_func -DMAC_CFG_TX_DATA_MAX=3         #
#                          -DMAC_CFG_TX_MAX=6 -DMAC_CFG_RX_MAX=3              #
#                          -DEND_DEVICE) -f E:\Github_Repository\zigbee-net-t #
#                          ech\ZStack-2.5.1a\Projects\zstack\Samples\SampleAp #
#                          p\CC2530DB\..\..\..\Tools\CC2530DB\f8wConfig.cfg   #
#                          (-DZIGBEEPRO -DSECURE=0 -DZG_SECURE_DYNAMIC=0      #
#                          -DREFLECTOR -DDEFAULT_CHANLIST=0x00000800          #
#                          -DZDAPP_CONFIG_PAN_ID=0xFFF1                       #
#                          -DNWK_START_DELAY=100 -DEXTENDED_JOINING_RANDOM_MA #
#                          SK=0x007F -DBEACON_REQUEST_DELAY=100               #
#                          -DBEACON_REQ_DELAY_MASK=0x00FF                     #
#                          -DLINK_STATUS_JITTER_MASK=0x007F                   #
#                          -DROUTE_EXPIRY_TIME=30 -DAPSC_ACK_WAIT_DURATION_PO #
#                          LLED=3000 -DNWK_INDIRECT_MSG_TIMEOUT=7             #
#                          -DMAX_RREQ_ENTRIES=8 -DAPSC_MAX_FRAME_RETRIES=3    #
#                          -DNWK_MAX_DATA_RETRIES=2                           #
#                          -DMAX_POLL_FAILURE_RETRIES=2 -DMAX_BCAST=9         #
#                          -DAPS_MAX_GROUPS=16 -DMAX_RTG_ENTRIES=40           #
#                          -DNWK_MAX_BINDING_ENTRIES=4                        #
#                          -DMAX_BINDING_CLUSTER_IDS=4 "-DDEFAULT_KEY={0x01,  #
#                          0x03, 0x05, 0x07, 0x09, 0x0B, 0x0D, 0x0F, 0x00,    #
#                          0x02, 0x04, 0x06, 0x08, 0x0A, 0x0C, 0x0D}"         #
#                          -DMAC_MAX_FRAME_SIZE=116                           #
#                          -DZDNWKMGR_MIN_TRANSMISSIONS=20 "-DCONST=const     #
#                          __code" -DGENERIC=__generic                        #
#                          -DRFD_RCVC_ALWAYS_ON=FALSE -DPOLL_RATE=1000        #
#                          -DQUEUED_POLL_RATE=100 -DRESPONSE_POLL_RATE=100)   #
#                          -DREJOIN_POLL_RATE=440 E:\Github_Repository\zigbee #
#                          -net-tech\ZStack-2.5.1a\Projects\zstack\Samples\Sa #
#                          mpleApp\Source\SinglyLinkedList.c -D               #
#                          NWK_AUTO_POLL -D ZTOOL_P1 -D MT_TASK -D            #
#                          MT_SYS_FUNC -D MT_ZDO_FUNC -lC                     #
#                          E:\Github_Repository\zigbee-net-tech\ZStack-2.5.1a #
#                          \Projects\zstack\Samples\SampleApp\CC2530DB\EndDev #
#                          iceEB\List\ -lA E:\Github_Repository\zigbee-net-te #
#                          ch\ZStack-2.5.1a\Projects\zstack\Samples\SampleApp #
#                          \CC2530DB\EndDeviceEB\List\ --diag_suppress        #
#                          Pe001,Pa010 -o E:\Github_Repository\zigbee-net-tec #
#                          h\ZStack-2.5.1a\Projects\zstack\Samples\SampleApp\ #
#                          CC2530DB\EndDeviceEB\Obj\ -e --no_code_motion      #
#                          --debug --core=plain --dptr=16,1                   #
#                          --data_model=large --code_model=banked             #
#                          --calling_convention=xdata_reentrant               #
#                          --place_constants=data_rom --nr_virtual_regs 16    #
#                          -I E:\Github_Repository\zigbee-net-tech\ZStack-2.5 #
#                          .1a\Projects\zstack\Samples\SampleApp\CC2530DB\    #
#                          -I E:\Github_Repository\zigbee-net-tech\ZStack-2.5 #
#                          .1a\Projects\zstack\Samples\SampleApp\CC2530DB\..\ #
#                          Source\ -I E:\Github_Repository\zigbee-net-tech\ZS #
#                          tack-2.5.1a\Projects\zstack\Samples\SampleApp\CC25 #
#                          30DB\..\..\..\ZMain\TI2530DB\ -I                   #
#                          E:\Github_Repository\zigbee-net-tech\ZStack-2.5.1a #
#                          \Projects\zstack\Samples\SampleApp\CC2530DB\..\..\ #
#                          ..\..\..\Components\hal\include\ -I                #
#                          E:\Github_Repository\zigbee-net-tech\ZStack-2.5.1a #
#                          \Projects\zstack\Samples\SampleApp\CC2530DB\..\..\ #
#                          ..\..\..\Components\hal\target\CC2530EB\ -I        #
#                          E:\Github_Repository\zigbee-net-tech\ZStack-2.5.1a #
#                          \Projects\zstack\Samples\SampleApp\CC2530DB\..\..\ #
#                          ..\..\..\Components\mac\include\ -I                #
#                          E:\Github_Repository\zigbee-net-tech\ZStack-2.5.1a #
#                          \Projects\zstack\Samples\SampleApp\CC2530DB\..\..\ #
#                          ..\..\..\Components\mac\high_level\ -I             #
#                          E:\Github_Repository\zigbee-net-tech\ZStack-2.5.1a #
#                          \Projects\zstack\Samples\SampleApp\CC2530DB\..\..\ #
#                          ..\..\..\Components\mac\low_level\srf04\ -I        #
#                          E:\Github_Repository\zigbee-net-tech\ZStack-2.5.1a #
#                          \Projects\zstack\Samples\SampleApp\CC2530DB\..\..\ #
#                          ..\..\..\Components\mac\low_level\srf04\single_chi #
#                          p\ -I E:\Github_Repository\zigbee-net-tech\ZStack- #
#                          2.5.1a\Projects\zstack\Samples\SampleApp\CC2530DB\ #
#                          ..\..\..\..\..\Components\mt\ -I                   #
#                          E:\Github_Repository\zigbee-net-tech\ZStack-2.5.1a #
#                          \Projects\zstack\Samples\SampleApp\CC2530DB\..\..\ #
#                          ..\..\..\Components\osal\include\ -I               #
#                          E:\Github_Repository\zigbee-net-tech\ZStack-2.5.1a #
#                          \Projects\zstack\Samples\SampleApp\CC2530DB\..\..\ #
#                          ..\..\..\Components\services\saddr\ -I             #
#                          E:\Github_Repository\zigbee-net-tech\ZStack-2.5.1a #
#                          \Projects\zstack\Samples\SampleApp\CC2530DB\..\..\ #
#                          ..\..\..\Components\services\sdata\ -I             #
#                          E:\Github_Repository\zigbee-net-tech\ZStack-2.5.1a #
#                          \Projects\zstack\Samples\SampleApp\CC2530DB\..\..\ #
#                          ..\..\..\Components\stack\af\ -I                   #
#                          E:\Github_Repository\zigbee-net-tech\ZStack-2.5.1a #
#                          \Projects\zstack\Samples\SampleApp\CC2530DB\..\..\ #
#                          ..\..\..\Components\stack\nwk\ -I                  #
#                          E:\Github_Repository\zigbee-net-tech\ZStack-2.5.1a #
#                          \Projects\zstack\Samples\SampleApp\CC2530DB\..\..\ #
#                          ..\..\..\Components\stack\sapi\ -I                 #
#                          E:\Github_Repository\zigbee-net-tech\ZStack-2.5.1a #
#                          \Projects\zstack\Samples\SampleApp\CC2530DB\..\..\ #
#                          ..\..\..\Components\stack\sec\ -I                  #
#                          E:\Github_Repository\zigbee-net-tech\ZStack-2.5.1a #
#                          \Projects\zstack\Samples\SampleApp\CC2530DB\..\..\ #
#                          ..\..\..\Components\stack\sys\ -I                  #
#                          E:\Github_Repository\zigbee-net-tech\ZStack-2.5.1a #
#                          \Projects\zstack\Samples\SampleApp\CC2530DB\..\..\ #
#                          ..\..\..\Components\stack\zdo\ -I                  #
#                          E:\Github_Repository\zigbee-net-tech\ZStack-2.5.1a #
#                          \Projects\zstack\Samples\SampleApp\CC2530DB\..\..\ #
#                          ..\..\..\Components\zmac\ -I                       #
#                          E:\Github_Repository\zigbee-net-tech\ZStack-2.5.1a #
#                          \Projects\zstack\Samples\SampleApp\CC2530DB\..\..\ #
#                          ..\..\..\Components\zmac\f8w\ -Ohz                 #
#                          --require_prototypes                               #
#    List file          =  E:\Github_Repository\zigbee-net-tech\ZStack-2.5.1a #
#                          \Projects\zstack\Samples\SampleApp\CC2530DB\EndDev #
#                          iceEB\List\SinglyLinkedList.lst                    #
#    Object file        =  E:\Github_Repository\zigbee-net-tech\ZStack-2.5.1a #
#                          \Projects\zstack\Samples\SampleApp\CC2530DB\EndDev #
#                          iceEB\Obj\SinglyLinkedList.r51                     #
#                                                                             #
#                                                                             #
###############################################################################

E:\Github_Repository\zigbee-net-tech\ZStack-2.5.1a\Projects\zstack\Samples\SampleApp\Source\SinglyLinkedList.c
      1          /*******************************************
      2           *                                         *
      3           *                                         *
      4           * 文件名: SinglyLinkedList.c              *
      5           *                                         *
      6           *                                         *
      7           *******************************************/
      8          
      9          #ifndef SINGLYLINKEDLIST_C
     10          #define SINGLYLINKEDLIST_C
     11          
     12          #include "SinglyLinkedList.h" 		
     13          #include "OSAL.h"
     14          #include "MT_UART.h"
     15          #include "common.h"
     16          
     17          /**
     18          查找某个指定机器编号的设备是否在列表中
     19          存在：0
     20          不存在：-1
     21          */

   \                                 In  segment BANKED_CODE, align 1, keep-with-next
     22          int findEndDeviceShortAddrByMachineid(LinkList L, uint8 machineId, uint8* addr) {
   \                     findEndDeviceShortAddrByMachineid:
   \   000000   74F7         MOV     A,#-0x9
   \   000002   12....       LCALL   ?BANKED_ENTER_XDATA
   \   000005                ; Saved register size: 9
   \   000005                ; Auto size: 0
   \   000005   E9           MOV     A,R1
   \   000006   FE           MOV     R6,A
     23            LinkList p = L->next;
   \   000007   12....       LCALL   ??Subroutine17_0 & 0xFFFF
   \                     ??CrossCallReturnLabel_35:
   \   00000A   8003         SJMP    ??CrossCallReturnLabel_11
     24            while(p) {
     25              if(p->data.machineId == machineId) {
     26                addr[0] = p->data.shortAddrH;
     27                addr[1] = p->data.shortAddrL;
     28                return 0;
     29              }
     30              p = p->next;
   \                     ??findEndDeviceShortAddrByMachineid_0:
   \   00000C   12....       LCALL   ?Subroutine8 & 0xFFFF
   \                     ??CrossCallReturnLabel_11:
   \   00000F   12....       LCALL   ?Subroutine3 & 0xFFFF
   \                     ??CrossCallReturnLabel_0:
   \   000012   6022         JZ      ??findEndDeviceShortAddrByMachineid_1
   \   000014   8882         MOV     DPL,R0
   \   000016   8983         MOV     DPH,R1
   \   000018   E0           MOVX    A,@DPTR
   \   000019   6E           XRL     A,R6
   \   00001A   70F0         JNZ     ??findEndDeviceShortAddrByMachineid_0
   \   00001C   A3           INC     DPTR
   \   00001D   E0           MOVX    A,@DPTR
   \   00001E   8C82         MOV     DPL,R4
   \   000020   8D83         MOV     DPH,R5
   \   000022   F0           MOVX    @DPTR,A
   \   000023   8882         MOV     DPL,R0
   \   000025   8983         MOV     DPH,R1
   \   000027   A3           INC     DPTR
   \   000028   A3           INC     DPTR
   \   000029   E0           MOVX    A,@DPTR
   \   00002A   8C82         MOV     DPL,R4
   \   00002C   8D83         MOV     DPH,R5
   \   00002E   A3           INC     DPTR
   \   00002F   F0           MOVX    @DPTR,A
   \   000030   7A00         MOV     R2,#0x0
   \   000032   7B00         MOV     R3,#0x0
   \   000034   8004         SJMP    ??findEndDeviceShortAddrByMachineid_2
     31            }
     32            
     33            return -1;
   \                     ??findEndDeviceShortAddrByMachineid_1:
   \   000036   7AFF         MOV     R2,#-0x1
   \   000038   7BFF         MOV     R3,#-0x1
   \                     ??findEndDeviceShortAddrByMachineid_2:
   \   00003A                REQUIRE ?Subroutine0
   \   00003A                ; // Fall through to label ?Subroutine0
     34          }

   \                                 In  segment BANKED_CODE, align 1, keep-with-next
   \                     ?Subroutine0:
   \   000000   7F01         MOV     R7,#0x1
   \   000002   02....       LJMP    ?BANKED_LEAVE_XDATA

   \                                 In  segment BANKED_CODE, align 1, keep-with-next
   \                     ?Subroutine8:
   \   000000   E8           MOV     A,R0
   \   000001   12....       LCALL   ??Subroutine18_0 & 0xFFFF
   \                     ??CrossCallReturnLabel_45:
   \   000004   E9           MOV     A,R1
   \   000005   22           RET

   \                                 In  segment BANKED_CODE, align 1, keep-with-next
   \                     ?Subroutine3:
   \   000000   12....       LCALL   ?Subroutine14 & 0xFFFF
   \                     ??CrossCallReturnLabel_22:
   \   000003   F8           MOV     R0,A
   \   000004   A3           INC     DPTR
   \   000005   E0           MOVX    A,@DPTR
   \   000006   F9           MOV     R1,A
   \   000007   E8           MOV     A,R0
   \   000008   49           ORL     A,R1
   \   000009   22           RET

   \                                 In  segment BANKED_CODE, align 1, keep-with-next
   \                     ??Subroutine17_0:
   \   000000   EA           MOV     A,R2
   \   000001   12....       LCALL   ??Subroutine18_0 & 0xFFFF
   \                     ??CrossCallReturnLabel_48:
   \   000004   EB           MOV     A,R3
   \   000005   22           RET

   \                                 In  segment BANKED_CODE, align 1, keep-with-next
   \                     ??Subroutine18_0:
   \   000000   240C         ADD     A,#0xc
   \   000002   F582         MOV     DPL,A
   \   000004   22           RET

   \                                 In  segment BANKED_CODE, align 1, keep-with-next
   \                     ?Subroutine14:
   \   000000   3400         ADDC    A,#0x0
   \   000002   F583         MOV     DPH,A
   \   000004   E0           MOVX    A,@DPTR
   \   000005   22           RET
     35          

   \                                 In  segment BANKED_CODE, align 1, keep-with-next
     36          Status InitList_L(LinkList *L)                  // 初始化单链表L
   \                     InitList_L:
     37          {
   \   000000   74F7         MOV     A,#-0x9
   \   000002   12....       LCALL   ?BANKED_ENTER_XDATA
   \   000005                ; Saved register size: 9
   \   000005                ; Auto size: 0
   \   000005   EA           MOV     A,R2
   \   000006   FE           MOV     R6,A
   \   000007   EB           MOV     A,R3
   \   000008   FF           MOV     R7,A
     38          	(*L) = (LinkList)osal_msg_allocate(sizeof(LNode)); // osal_msg_deallocate
   \   000009                ; Setup parameters for call to function osal_msg_allocate
   \   000009   7A0E         MOV     R2,#0xe
   \   00000B   7B00         MOV     R3,#0x0
   \   00000D   12....       LCALL   ??osal_msg_allocate?relay
   \   000010   8E82         MOV     DPL,R6
   \   000012   8F83         MOV     DPH,R7
   \   000014   EA           MOV     A,R2
   \   000015   F0           MOVX    @DPTR,A
   \   000016   A3           INC     DPTR
   \   000017   EB           MOV     A,R3
   \   000018   F0           MOVX    @DPTR,A
     39          	if(!(*L)) {
   \   000019   8E82         MOV     DPL,R6
   \   00001B   8F83         MOV     DPH,R7
   \   00001D   E0           MOVX    A,@DPTR
   \   00001E   F8           MOV     R0,A
   \   00001F   A3           INC     DPTR
   \   000020   E0           MOVX    A,@DPTR
   \   000021   F9           MOV     R1,A
   \   000022   E8           MOV     A,R0
   \   000023   49           ORL     A,R1
   \   000024   7006         JNZ     ??InitList_L_0
     40                    return (OVERFLOW);
   \   000026   7AFE         MOV     R2,#-0x2
   \   000028   7BFF         MOV     R3,#-0x1
   \   00002A   8014         SJMP    ??InitList_L_1
     41                  }        
     42          	(*L)->next = NULL;	
   \                     ??InitList_L_0:
   \   00002C   8E82         MOV     DPL,R6
   \   00002E   8F83         MOV     DPH,R7
   \   000030   E0           MOVX    A,@DPTR
   \   000031   240C         ADD     A,#0xc
   \   000033   F8           MOV     R0,A
   \   000034   A3           INC     DPTR
   \   000035   E0           MOVX    A,@DPTR
   \   000036   12....       LCALL   ?Subroutine5 & 0xFFFF
   \                     ??CrossCallReturnLabel_6:
   \   000039   E4           CLR     A
   \   00003A   F0           MOVX    @DPTR,A
   \   00003B   A3           INC     DPTR
   \   00003C   F0           MOVX    @DPTR,A
     43          
     44          	return OK;
   \   00003D   7A01         MOV     R2,#0x1
   \   00003F   FB           MOV     R3,A
   \                     ??InitList_L_1:
   \   000040   80..         SJMP    ?Subroutine0
     45          }

   \                                 In  segment BANKED_CODE, align 1, keep-with-next
   \                     ?Subroutine5:
   \   000000   3400         ADDC    A,#0x0
   \   000002   F9           MOV     R1,A
   \   000003   8882         MOV     DPL,R0
   \   000005   8983         MOV     DPH,R1
   \   000007   22           RET
     46          

   \                                 In  segment BANKED_CODE, align 1, keep-with-next
     47          void DestroyList_L(LinkList *L)			//销毁所有结点 
   \                     DestroyList_L:
     48          {
   \   000000   74F6         MOV     A,#-0xa
   \   000002   12....       LCALL   ?BANKED_ENTER_XDATA
   \   000005                ; Saved register size: 10
   \   000005                ; Auto size: 0
   \   000005   8A..         MOV     ?V0 + 0,R2
   \   000007   8B..         MOV     ?V0 + 1,R3
     49          	LinkList p = *L;	
   \   000009   8A82         MOV     DPL,R2
   \   00000B   8B83         MOV     DPH,R3
   \   00000D   E0           MOVX    A,@DPTR
   \   00000E   FE           MOV     R6,A
   \   00000F   A3           INC     DPTR
   \   000010   E0           MOVX    A,@DPTR
   \   000011   FF           MOV     R7,A
   \   000012   801F         SJMP    ??DestroyList_L_0
     50          
     51          	while(p)
     52          	{
     53          		p = (*L)->next;
   \                     ??DestroyList_L_1:
   \   000014   85..82       MOV     DPL,?V0 + 0
   \   000017   85..83       MOV     DPH,?V0 + 1
   \   00001A   12....       LCALL   ?Subroutine4 & 0xFFFF
   \                     ??CrossCallReturnLabel_5:
   \   00001D   FE           MOV     R6,A
   \   00001E   A3           INC     DPTR
   \   00001F   E0           MOVX    A,@DPTR
   \   000020   FF           MOV     R7,A
     54          		osal_msg_deallocate((uint8*)*L);
   \   000021                ; Setup parameters for call to function osal_msg_deallocate
   \   000021   12....       LCALL   ??osal_msg_deallocate?relay
     55          		(*L) = p;
   \   000024   EE           MOV     A,R6
   \   000025   F8           MOV     R0,A
   \   000026   EF           MOV     A,R7
   \   000027   F9           MOV     R1,A
   \   000028   85..82       MOV     DPL,?V0 + 0
   \   00002B   85..83       MOV     DPH,?V0 + 1
   \   00002E   E8           MOV     A,R0
   \   00002F   F0           MOVX    @DPTR,A
   \   000030   A3           INC     DPTR
   \   000031   E9           MOV     A,R1
   \   000032   F0           MOVX    @DPTR,A
     56          	}
   \                     ??DestroyList_L_0:
   \   000033   EE           MOV     A,R6
   \   000034   4F           ORL     A,R7
   \   000035   70DD         JNZ     ??DestroyList_L_1
     57          }
   \   000037                REQUIRE ?Subroutine1
   \   000037                ; // Fall through to label ?Subroutine1

   \                                 In  segment BANKED_CODE, align 1, keep-with-next
   \                     ?Subroutine1:
   \   000000   7F02         MOV     R7,#0x2
   \   000002   02....       LJMP    ?BANKED_LEAVE_XDATA

   \                                 In  segment BANKED_CODE, align 1, keep-with-next
   \                     ?Subroutine4:
   \   000000   E0           MOVX    A,@DPTR
   \   000001   FA           MOV     R2,A
   \   000002   A3           INC     DPTR
   \   000003   E0           MOVX    A,@DPTR
   \   000004   FB           MOV     R3,A
   \   000005   EA           MOV     A,R2
   \   000006   12....       LCALL   ??Subroutine18_0 & 0xFFFF
   \                     ??CrossCallReturnLabel_44:
   \   000009   EB           MOV     A,R3
   \   00000A   12....       LCALL   ?Subroutine14 & 0xFFFF
   \                     ??CrossCallReturnLabel_23:
   \   00000D   22           RET
     58          

   \                                 In  segment BANKED_CODE, align 1, keep-with-next
     59          int ListLength_L(LinkList L)
   \                     ListLength_L:
     60          {
   \   000000   C082         PUSH    DPL
   \   000002   C083         PUSH    DPH
   \   000004                ; Saved register size: 2
   \   000004                ; Auto size: 0
     61          	LinkList p;
     62          	int i = 0;
   \   000004   7C00         MOV     R4,#0x0
   \   000006   7D00         MOV     R5,#0x0
     63          	
     64          	if(L)
   \   000008   EA           MOV     A,R2
   \   000009   4B           ORL     A,R3
   \   00000A   6015         JZ      ??ListLength_L_0
     65          	{
     66                    i = 0;
     67                    p = L->next;
   \   00000C   12....       LCALL   ??Subroutine17_0 & 0xFFFF
   \                     ??CrossCallReturnLabel_36:
   \   00000F   800B         SJMP    ??CrossCallReturnLabel_12
     68                    while(p)
     69                    {
     70                      i++;
   \                     ??ListLength_L_1:
   \   000011   EC           MOV     A,R4
   \   000012   2401         ADD     A,#0x1
   \   000014   0C           INC     R4
   \   000015   ED           MOV     A,R5
   \   000016   3400         ADDC    A,#0x0
   \   000018   FD           MOV     R5,A
     71                      p = p->next;
   \   000019   12....       LCALL   ?Subroutine8 & 0xFFFF
     72                    }		
     73          	}
   \                     ??CrossCallReturnLabel_12:
   \   00001C   12....       LCALL   ?Subroutine3 & 0xFFFF
   \                     ??CrossCallReturnLabel_1:
   \   00001F   70F0         JNZ     ??ListLength_L_1
     74          	
     75          	return i;
   \                     ??ListLength_L_0:
   \   000021   EC           MOV     A,R4
   \   000022   FA           MOV     R2,A
   \   000023   ED           MOV     A,R5
   \   000024   FB           MOV     R3,A
   \   000025                REQUIRE ?Subroutine2
   \   000025                ; // Fall through to label ?Subroutine2
     76          }

   \                                 In  segment BANKED_CODE, align 1, keep-with-next
   \                     ?Subroutine2:
   \   000000   D083         POP     DPH
   \   000002   D082         POP     DPL
   \   000004   02....       LJMP    ?BRET
     77          
     78          /**
     79            检查某个IEEE地址终端是否在列表中，如果已经在列表中返回位置
     80          */

   \                                 In  segment BANKED_CODE, align 1, keep-with-next
     81          int checkEPIsInListByIEEE(LinkList L, uint8* ieeeAddrP) {
   \                     checkEPIsInListByIEEE:
   \   000000   74F1         MOV     A,#-0xf
   \   000002   12....       LCALL   ?BANKED_ENTER_XDATA
   \   000005                ; Saved register size: 15
   \   000005                ; Auto size: 0
   \   000005   8C..         MOV     ?V0 + 2,R4
   \   000007   8D..         MOV     ?V0 + 3,R5
     82            int i = 0;
   \   000009   75..00       MOV     ?V0 + 0,#0x0
   \   00000C   12....       LCALL   ??Subroutine16_0 & 0xFFFF
     83            LinkList p = L->next;
   \                     ??CrossCallReturnLabel_34:
   \   00000F   8005         SJMP    ??checkEPIsInListByIEEE_0
     84            while(p) {
     85              i++;
     86              if(osal_memcmp(p->data.IEEEArr, ieeeAddrP, 8) == TRUE) {
     87                return i;
     88              }
     89              p = p->next;
   \                     ??checkEPIsInListByIEEE_1:
   \   000011   EE           MOV     A,R6
   \   000012   12....       LCALL   ??Subroutine18_0 & 0xFFFF
   \                     ??CrossCallReturnLabel_41:
   \   000015   EF           MOV     A,R7
   \                     ??checkEPIsInListByIEEE_0:
   \   000016   12....       LCALL   ?Subroutine6 & 0xFFFF
   \                     ??CrossCallReturnLabel_9:
   \   000019   6035         JZ      ??checkEPIsInListByIEEE_2
   \   00001B   12....       LCALL   ?Subroutine11 & 0xFFFF
   \                     ??CrossCallReturnLabel_17:
   \   00001E                ; Setup parameters for call to function osal_memcmp
   \   00001E   85....       MOV     ?V0 + 4,?V0 + 2
   \   000021   85....       MOV     ?V0 + 5,?V0 + 3
   \   000024   75..00       MOV     ?V0 + 6,#0x0
   \   000027   78..         MOV     R0,#?V0 + 4
   \   000029   12....       LCALL   ?PUSH_XSTACK_I_THREE
   \   00002C   7C08         MOV     R4,#0x8
   \   00002E   7D00         MOV     R5,#0x0
   \   000030   8E82         MOV     DPL,R6
   \   000032   8F83         MOV     DPH,R7
   \   000034   A3           INC     DPTR
   \   000035   A3           INC     DPTR
   \   000036   A3           INC     DPTR
   \   000037   A982         MOV     R1,DPL
   \   000039   AA83         MOV     R2,DPH
   \   00003B   7B00         MOV     R3,#0x0
   \   00003D   12....       LCALL   ??osal_memcmp?relay
   \   000040   7403         MOV     A,#0x3
   \   000042   12....       LCALL   ?DEALLOC_XSTACK8
   \   000045   E9           MOV     A,R1
   \   000046   6401         XRL     A,#0x1
   \   000048   70C7         JNZ     ??checkEPIsInListByIEEE_1
   \   00004A   AA..         MOV     R2,?V0 + 0
   \   00004C   AB..         MOV     R3,?V0 + 1
   \   00004E   8004         SJMP    ??checkEPIsInListByIEEE_3
     90            }
     91            
     92            return -1;
   \                     ??checkEPIsInListByIEEE_2:
   \   000050   7AFF         MOV     R2,#-0x1
   \   000052   7BFF         MOV     R3,#-0x1
   \                     ??checkEPIsInListByIEEE_3:
   \   000054   7F07         MOV     R7,#0x7
   \   000056   02....       LJMP    ?BANKED_LEAVE_XDATA
     93          }

   \                                 In  segment BANKED_CODE, align 1, keep-with-next
   \                     ?Subroutine11:
   \   000000   E5..         MOV     A,?V0 + 0
   \   000002   2401         ADD     A,#0x1
   \   000004   F5..         MOV     ?V0 + 0,A
   \   000006   E5..         MOV     A,?V0 + 1
   \   000008   3400         ADDC    A,#0x0
   \   00000A   F5..         MOV     ?V0 + 1,A
   \   00000C   22           RET

   \                                 In  segment BANKED_CODE, align 1, keep-with-next
   \                     ??Subroutine16_0:
   \   000000   75..00       MOV     ?V0 + 1,#0x0
   \   000003                REQUIRE ??Subroutine17_0
   \   000003                ; // Fall through to label ??Subroutine17_0

   \                                 In  segment BANKED_CODE, align 1, keep-with-next
   \                     ?Subroutine6:
   \   000000   12....       LCALL   ?Subroutine14 & 0xFFFF
   \                     ??CrossCallReturnLabel_24:
   \   000003   FE           MOV     R6,A
   \   000004   A3           INC     DPTR
   \   000005   E0           MOVX    A,@DPTR
   \   000006   FF           MOV     R7,A
   \   000007   EE           MOV     A,R6
   \   000008   4F           ORL     A,R7
   \   000009   22           RET
     94          
     95          /**
     96          根据终端编号查找终端是否在列表中
     97          */

   \                                 In  segment BANKED_CODE, align 1, keep-with-next
     98          int checkEPIsInListByMachineId(LinkList L, uint8 machineId) {
   \                     checkEPIsInListByMachineId:
   \   000000   C082         PUSH    DPL
   \   000002   C083         PUSH    DPH
   \   000004                ; Saved register size: 2
   \   000004                ; Auto size: 0
     99            int i = 0;
   \   000004   7C00         MOV     R4,#0x0
   \   000006   7D00         MOV     R5,#0x0
    100            LinkList p = L->next;
   \   000008   12....       LCALL   ??Subroutine17_0 & 0xFFFF
   \                     ??CrossCallReturnLabel_37:
   \   00000B   8005         SJMP    ??checkEPIsInListByMachineId_0
    101            while(p) {
    102              i++;
    103              if(p->data.machineId == machineId) {
    104                return i;
    105              }
    106              p = p->next;
   \                     ??checkEPIsInListByMachineId_1:
   \   00000D   12....       LCALL   ?Subroutine13 & 0xFFFF
   \                     ??CrossCallReturnLabel_46:
   \   000010   E583         MOV     A,DPH
   \                     ??checkEPIsInListByMachineId_0:
   \   000012   12....       LCALL   ?Subroutine9 & 0xFFFF
   \                     ??CrossCallReturnLabel_15:
   \   000015   8A82         MOV     DPL,R2
   \   000017   8B83         MOV     DPH,R3
   \   000019   E582         MOV     A,DPL
   \   00001B   4583         ORL     A,DPH
   \   00001D   6012         JZ      ??checkEPIsInListByMachineId_2
   \   00001F   EC           MOV     A,R4
   \   000020   2401         ADD     A,#0x1
   \   000022   0C           INC     R4
   \   000023   ED           MOV     A,R5
   \   000024   3400         ADDC    A,#0x0
   \   000026   FD           MOV     R5,A
   \   000027   E0           MOVX    A,@DPTR
   \   000028   69           XRL     A,R1
   \   000029   70E2         JNZ     ??checkEPIsInListByMachineId_1
   \   00002B   EC           MOV     A,R4
   \   00002C   FA           MOV     R2,A
   \   00002D   ED           MOV     A,R5
   \   00002E   FB           MOV     R3,A
   \   00002F   8004         SJMP    ??checkEPIsInListByMachineId_3
    107            }
    108            
    109            return -1;
   \                     ??checkEPIsInListByMachineId_2:
   \   000031   7AFF         MOV     R2,#-0x1
   \   000033   7BFF         MOV     R3,#-0x1
   \                     ??checkEPIsInListByMachineId_3:
   \   000035   02....       LJMP    ?Subroutine2 & 0xFFFF
    110          }

   \                                 In  segment BANKED_CODE, align 1, keep-with-next
   \                     ?Subroutine9:
   \   000000   12....       LCALL   ?Subroutine14 & 0xFFFF
   \                     ??CrossCallReturnLabel_25:
   \   000003   FA           MOV     R2,A
   \   000004   A3           INC     DPTR
   \   000005   E0           MOVX    A,@DPTR
   \   000006   FB           MOV     R3,A
   \   000007   22           RET

   \                                 In  segment BANKED_CODE, align 1, keep-with-next
   \                     ?Subroutine13:
   \   000000   E582         MOV     A,DPL
   \   000002                REQUIRE ??Subroutine18_0
   \   000002                ; // Fall through to label ??Subroutine18_0
    111          
    112          /**
    113            更新指定位置元素的时间状态值
    114          */

   \                                 In  segment BANKED_CODE, align 1, keep-with-next
    115          void updateListEleStatus(LinkList L, int i, int initLeftSec) {
   \                     updateListEleStatus:
   \   000000   74F6         MOV     A,#-0xa
   \   000002   12....       LCALL   ?BANKED_ENTER_XDATA
   \   000005                ; Saved register size: 10
   \   000005                ; Auto size: 0
   \   000005   740A         MOV     A,#0xa
   \   000007   12....       LCALL   ?XSTACK_DISP0_8
   \   00000A   E0           MOVX    A,@DPTR
   \   00000B   FE           MOV     R6,A
    116            int j = 1;
   \   00000C   12....       LCALL   ?Subroutine7 & 0xFFFF
    117            LinkList p = L->next;
   \                     ??CrossCallReturnLabel_32:
   \   00000F   8006         SJMP    ??CrossCallReturnLabel_13
    118            
    119            while(p && j<i)  //p不为空且还未到达i处
    120            {
    121              j++;
   \                     ??updateListEleStatus_0:
   \   000011   12....       LCALL   ?Subroutine11 & 0xFFFF
    122              p = p->next;
   \                     ??CrossCallReturnLabel_18:
   \   000014   12....       LCALL   ?Subroutine8 & 0xFFFF
    123            }
   \                     ??CrossCallReturnLabel_13:
   \   000017   12....       LCALL   ?Subroutine3 & 0xFFFF
   \                     ??CrossCallReturnLabel_2:
   \   00001A   6005         JZ      ??updateListEleStatus_1
   \   00001C   12....       LCALL   ?Subroutine12 & 0xFFFF
   \                     ??CrossCallReturnLabel_20:
   \   00001F   40F0         JC      ??updateListEleStatus_0
    124            p->data.leftSecCount = initLeftSec;
   \                     ??updateListEleStatus_1:
   \   000021   12....       LCALL   ?Subroutine10 & 0xFFFF
   \                     ??CrossCallReturnLabel_30:
   \   000024   EE           MOV     A,R6
   \   000025   F0           MOVX    @DPTR,A
    125          }
   \   000026   02....       LJMP    ?Subroutine1 & 0xFFFF

   \                                 In  segment BANKED_CODE, align 1, keep-with-next
   \                     ?Subroutine10:
   \   000000   E8           MOV     A,R0
   \   000001   240B         ADD     A,#0xb
   \   000003   F582         MOV     DPL,A
   \   000005   E9           MOV     A,R1
   \   000006                REQUIRE ??Subroutine15_0
   \   000006                ; // Fall through to label ??Subroutine15_0

   \                                 In  segment BANKED_CODE, align 1, keep-with-next
   \                     ??Subroutine15_0:
   \   000000   3400         ADDC    A,#0x0
   \   000002   F583         MOV     DPH,A
   \   000004   22           RET

   \                                 In  segment BANKED_CODE, align 1, keep-with-next
   \                     ?Subroutine12:
   \   000000   C3           CLR     C
   \   000001   E5..         MOV     A,?V0 + 0
   \   000003   9C           SUBB    A,R4
   \   000004   E5..         MOV     A,?V0 + 1
   \   000006   9D           SUBB    A,R5
   \   000007   A2D2         MOV     C,0xD0 /* PSW */.2
   \   000009   65D0         XRL     A,PSW
   \   00000B   33           RLC     A
   \   00000C   22           RET

   \                                 In  segment BANKED_CODE, align 1, keep-with-next
   \                     ?Subroutine7:
   \   000000   75..01       MOV     ?V0 + 0,#0x1
   \   000003                REQUIRE ??Subroutine16_0
   \   000003                ; // Fall through to label ??Subroutine16_0
    126          
    127          /**
    128            遍历终端列表，将所有节点剩余时间-1，如果小于0，则置0
    129          */

   \                                 In  segment BANKED_CODE, align 1, keep-with-next
    130          void  decAllListEPLeftSec(LinkList L) {  
   \                     decAllListEPLeftSec:
   \   000000   C082         PUSH    DPL
   \   000002   C083         PUSH    DPH
   \   000004                ; Saved register size: 2
   \   000004                ; Auto size: 0
    131            LinkList p = L->next;
   \   000004   12....       LCALL   ??Subroutine17_0 & 0xFFFF
   \                     ??CrossCallReturnLabel_38:
   \   000007   8015         SJMP    ??CrossCallReturnLabel_14
    132            int i = 0;
    133            while(p) {
    134              i++;
    135              p->data.leftSecCount -= 1;
   \                     ??decAllListEPLeftSec_0:
   \   000009   12....       LCALL   ?Subroutine10 & 0xFFFF
   \                     ??CrossCallReturnLabel_31:
   \   00000C   E0           MOVX    A,@DPTR
   \   00000D   14           DEC     A
   \   00000E   F0           MOVX    @DPTR,A
    136              if(p->data.leftSecCount < 0) {
   \   00000F   C3           CLR     C
   \   000010   9400         SUBB    A,#0x0
   \   000012   A2D2         MOV     C,0xD0 /* PSW */.2
   \   000014   65D0         XRL     A,PSW
   \   000016   33           RLC     A
   \   000017   5002         JNC     ??decAllListEPLeftSec_1
    137                p->data.leftSecCount = 0;      
   \   000019   E4           CLR     A
   \   00001A   F0           MOVX    @DPTR,A
    138              }
    139              // myprintf("i = %d, leftSecCount = %d\n", i, p->data.leftSecCount);
    140              p = p->next;
   \                     ??decAllListEPLeftSec_1:
   \   00001B   12....       LCALL   ?Subroutine8 & 0xFFFF
    141            }
   \                     ??CrossCallReturnLabel_14:
   \   00001E   12....       LCALL   ?Subroutine3 & 0xFFFF
   \                     ??CrossCallReturnLabel_3:
   \   000021   70E6         JNZ     ??decAllListEPLeftSec_0
    142          }
   \   000023   02....       LJMP    ?Subroutine2 & 0xFFFF
    143          
    144          /*════╗
    145          ║ 算法2.8║ 
    146          ╚════*/

   \                                 In  segment BANKED_CODE, align 1, keep-with-next
    147          Status GetElem_L(LinkList L, int i, LElemType_L *e)
   \                     GetElem_L:
    148          {
   \   000000   74F6         MOV     A,#-0xa
   \   000002   12....       LCALL   ?BANKED_ENTER_XDATA
   \   000005                ; Saved register size: 10
   \   000005                ; Auto size: 0
   \   000005   740A         MOV     A,#0xa
   \   000007   12....       LCALL   ?XSTACK_DISP0_8
   \   00000A   E0           MOVX    A,@DPTR
   \   00000B   FE           MOV     R6,A
   \   00000C   A3           INC     DPTR
   \   00000D   E0           MOVX    A,@DPTR
   \   00000E   FF           MOV     R7,A
    149          	int j = 1;
   \   00000F   12....       LCALL   ?Subroutine7 & 0xFFFF
    150          	LinkList p = L->next;
   \                     ??CrossCallReturnLabel_33:
   \   000012   8008         SJMP    ??GetElem_L_0
    151          	
    152          	while(p && j<i)						//p不为空且还未到达i处
    153          	{
    154          		j++;
   \                     ??GetElem_L_1:
   \   000014   12....       LCALL   ?Subroutine11 & 0xFFFF
    155          		p = p->next;
   \                     ??CrossCallReturnLabel_19:
   \   000017   12....       LCALL   ?Subroutine13 & 0xFFFF
    156          	}
   \                     ??CrossCallReturnLabel_47:
   \   00001A   E583         MOV     A,DPH
   \                     ??GetElem_L_0:
   \   00001C   12....       LCALL   ??Subroutine15_0 & 0xFFFF
   \                     ??CrossCallReturnLabel_26:
   \   00001F   E0           MOVX    A,@DPTR
   \   000020   F8           MOV     R0,A
   \   000021   A3           INC     DPTR
   \   000022   E0           MOVX    A,@DPTR
   \   000023   F9           MOV     R1,A
   \   000024   8882         MOV     DPL,R0
   \   000026   8983         MOV     DPH,R1
   \   000028   E582         MOV     A,DPL
   \   00002A   4583         ORL     A,DPH
   \   00002C   6013         JZ      ??GetElem_L_2
   \   00002E   12....       LCALL   ?Subroutine12 & 0xFFFF
   \                     ??CrossCallReturnLabel_21:
   \   000031   40E1         JC      ??GetElem_L_1
   \   000033   C3           CLR     C
   \   000034   EC           MOV     A,R4
   \   000035   95..         SUBB    A,?V0 + 0
   \   000037   ED           MOV     A,R5
   \   000038   95..         SUBB    A,?V0 + 1
   \   00003A   A2D2         MOV     C,0xD0 /* PSW */.2
   \   00003C   65D0         XRL     A,PSW
   \   00003E   33           RLC     A
   \   00003F   5006         JNC     ??GetElem_L_3
    157          
    158          	if(!p || j>i)						//第i个元素不存在 
    159          		return ERROR;
   \                     ??GetElem_L_2:
   \   000041   7A00         MOV     R2,#0x0
   \   000043   7B00         MOV     R3,#0x0
   \   000045   800C         SJMP    ??GetElem_L_4
    160          
    161          	*e = p->data;
   \                     ??GetElem_L_3:
   \   000047   EE           MOV     A,R6
   \   000048   FC           MOV     R4,A
   \   000049   EF           MOV     A,R7
   \   00004A   FD           MOV     R5,A
   \   00004B   740C         MOV     A,#0xc
   \   00004D   12....       LCALL   ?MOVE_LONG8_XDATA_XDATA
    162          
    163          	return OK; 
   \   000050   7A01         MOV     R2,#0x1
   \   000052   FB           MOV     R3,A
   \                     ??GetElem_L_4:
   \   000053   02....       LJMP    ?Subroutine1 & 0xFFFF
    164          }
    165          
    166          /**
    167            向列表中插入一个终端上传的地址
    168            参数：
    169              插入的位置
    170              短地址高字节
    171              短地址低字节
    172              ieee地址8个字节
    173              心跳检测的次数，协调器检查每次减1，终端上传每次加1
    174          */

   \                                 In  segment BANKED_CODE, align 1, keep-with-next
    175          Status ListInsert_L(LinkList L, int i, uint8 machineId, uint8 addrH, uint8 addrL, uint8* ieeeAddrP, int8 delaySec)
   \                     ListInsert_L:
    176          {
   \   000000   74EE         MOV     A,#-0x12
   \   000002   12....       LCALL   ?BANKED_ENTER_XDATA
   \   000005                ; Saved register size: 18
   \   000005                ; Auto size: 0
   \   000005   89..         MOV     ?V0 + 2,R1
   \   000007   7412         MOV     A,#0x12
   \   000009   12....       LCALL   ?XSTACK_DISP0_8
   \   00000C   E0           MOVX    A,@DPTR
   \   00000D   F5..         MOV     ?V0 + 6,A
   \   00000F   7413         MOV     A,#0x13
   \   000011   12....       LCALL   ?XSTACK_DISP0_8
   \   000014   E0           MOVX    A,@DPTR
   \   000015   F5..         MOV     ?V0 + 7,A
   \   000017   7414         MOV     A,#0x14
   \   000019   12....       LCALL   ?XSTACK_DISP0_8
   \   00001C   E0           MOVX    A,@DPTR
   \   00001D   F5..         MOV     ?V0 + 4,A
   \   00001F   A3           INC     DPTR
   \   000020   E0           MOVX    A,@DPTR
   \   000021   F5..         MOV     ?V0 + 5,A
   \   000023   7416         MOV     A,#0x16
   \   000025   12....       LCALL   ?XSTACK_DISP0_8
   \   000028   E0           MOVX    A,@DPTR
   \   000029   F5..         MOV     ?V0 + 3,A
    177          	LinkList p, s;
    178          	int j = 0;	
   \   00002B   7800         MOV     R0,#0x0
   \   00002D   7900         MOV     R1,#0x0
    179          	p = L;
   \   00002F   8A..         MOV     ?V0 + 0,R2
   \   000031   8B..         MOV     ?V0 + 1,R3
   \   000033   8019         SJMP    ??ListInsert_L_0
    180          	
    181          	while(p && j<i-1)					//寻找第i-1个结点 
    182          	{
    183          		p = p->next;
   \                     ??ListInsert_L_1:
   \   000035   E5..         MOV     A,?V0 + 0
   \   000037   12....       LCALL   ??Subroutine18_0 & 0xFFFF
   \                     ??CrossCallReturnLabel_42:
   \   00003A   E5..         MOV     A,?V0 + 1
   \   00003C   12....       LCALL   ??Subroutine15_0 & 0xFFFF
   \                     ??CrossCallReturnLabel_27:
   \   00003F   E0           MOVX    A,@DPTR
   \   000040   F5..         MOV     ?V0 + 0,A
   \   000042   A3           INC     DPTR
   \   000043   E0           MOVX    A,@DPTR
   \   000044   F5..         MOV     ?V0 + 1,A
    184          		++j;
   \   000046   E8           MOV     A,R0
   \   000047   2401         ADD     A,#0x1
   \   000049   08           INC     R0
   \   00004A   E9           MOV     A,R1
   \   00004B   3400         ADDC    A,#0x0
   \   00004D   F9           MOV     R1,A
    185          	}	
   \                     ??ListInsert_L_0:
   \   00004E   E5..         MOV     A,?V0 + 0
   \   000050   45..         ORL     A,?V0 + 1
   \   000052   6020         JZ      ??ListInsert_L_2
   \   000054   EC           MOV     A,R4
   \   000055   24FF         ADD     A,#-0x1
   \   000057   FA           MOV     R2,A
   \   000058   ED           MOV     A,R5
   \   000059   34FF         ADDC    A,#-0x1
   \   00005B   FB           MOV     R3,A
   \   00005C   C3           CLR     C
   \   00005D   E8           MOV     A,R0
   \   00005E   9A           SUBB    A,R2
   \   00005F   E9           MOV     A,R1
   \   000060   9B           SUBB    A,R3
   \   000061   A2D2         MOV     C,0xD0 /* PSW */.2
   \   000063   65D0         XRL     A,PSW
   \   000065   33           RLC     A
   \   000066   40CD         JC      ??ListInsert_L_1
   \   000068   C3           CLR     C
   \   000069   EA           MOV     A,R2
   \   00006A   98           SUBB    A,R0
   \   00006B   EB           MOV     A,R3
   \   00006C   99           SUBB    A,R1
   \   00006D   A2D2         MOV     C,0xD0 /* PSW */.2
   \   00006F   65D0         XRL     A,PSW
   \   000071   33           RLC     A
   \   000072   5004         JNC     ??ListInsert_L_3
    186          	if(!p || j>i-1)
    187                  {
    188          		return ERROR;
   \                     ??ListInsert_L_2:
   \   000074   7A00         MOV     R2,#0x0
   \   000076   807E         SJMP    ??ListInsert_L_4
    189                  }
    190          
    191          	s = (LinkList)osal_msg_allocate(sizeof(LNode));
   \                     ??ListInsert_L_3:
   \   000078                ; Setup parameters for call to function osal_msg_allocate
   \   000078   7A0E         MOV     R2,#0xe
   \   00007A   7B00         MOV     R3,#0x0
   \   00007C   12....       LCALL   ??osal_msg_allocate?relay
   \   00007F   8A..         MOV     ?V0 + 8,R2
   \   000081   8B..         MOV     ?V0 + 9,R3
   \   000083   AE..         MOV     R6,?V0 + 8
   \   000085   AF..         MOV     R7,?V0 + 9
    192          	if(!s)
   \   000087   EE           MOV     A,R6
   \   000088   4F           ORL     A,R7
   \   000089   7006         JNZ     ??ListInsert_L_5
    193                  {
    194          		return OVERFLOW;
   \   00008B   7AFE         MOV     R2,#-0x2
   \   00008D   7BFF         MOV     R3,#-0x1
   \   00008F   8067         SJMP    ??ListInsert_L_6
    195                  }
    196                  s->data.machineId = machineId;
   \                     ??ListInsert_L_5:
   \   000091   8E82         MOV     DPL,R6
   \   000093   8F83         MOV     DPH,R7
   \   000095   E5..         MOV     A,?V0 + 2
   \   000097   F0           MOVX    @DPTR,A
    197          	s->data.shortAddrH = addrH;
   \   000098   A3           INC     DPTR
   \   000099   E5..         MOV     A,?V0 + 6
   \   00009B   F0           MOVX    @DPTR,A
    198                  s->data.shortAddrL = addrL;
   \   00009C   8E82         MOV     DPL,R6
   \   00009E   8F83         MOV     DPH,R7
   \   0000A0   A3           INC     DPTR
   \   0000A1   A3           INC     DPTR
   \   0000A2   E5..         MOV     A,?V0 + 7
   \   0000A4   F0           MOVX    @DPTR,A
    199                  osal_memcpy(s->data.IEEEArr, ieeeAddrP, 8);
   \   0000A5                ; Setup parameters for call to function osal_memcpy
   \   0000A5   75..00       MOV     ?V0 + 6,#0x0
   \   0000A8   78..         MOV     R0,#?V0 + 4
   \   0000AA   12....       LCALL   ?PUSH_XSTACK_I_THREE
   \   0000AD   7C08         MOV     R4,#0x8
   \   0000AF   7D00         MOV     R5,#0x0
   \   0000B1   EE           MOV     A,R6
   \   0000B2   2403         ADD     A,#0x3
   \   0000B4   0A           INC     R2
   \   0000B5   0A           INC     R2
   \   0000B6   0A           INC     R2
   \   0000B7   EF           MOV     A,R7
   \   0000B8   3400         ADDC    A,#0x0
   \   0000BA   FB           MOV     R3,A
   \   0000BB   12....       LCALL   ??osal_memcpy?relay
   \   0000BE   7403         MOV     A,#0x3
   \   0000C0   12....       LCALL   ?DEALLOC_XSTACK8
    200                  s->data.leftSecCount = delaySec;
   \   0000C3   EE           MOV     A,R6
   \   0000C4   240B         ADD     A,#0xb
   \   0000C6   F582         MOV     DPL,A
   \   0000C8   EF           MOV     A,R7
   \   0000C9   12....       LCALL   ??Subroutine15_0 & 0xFFFF
   \                     ??CrossCallReturnLabel_28:
   \   0000CC   E5..         MOV     A,?V0 + 3
   \   0000CE   F0           MOVX    @DPTR,A
    201                  
    202          	s->next = p->next;
   \   0000CF   E5..         MOV     A,?V0 + 0
   \   0000D1   240C         ADD     A,#0xc
   \   0000D3   F8           MOV     R0,A
   \   0000D4   E5..         MOV     A,?V0 + 1
   \   0000D6   12....       LCALL   ?Subroutine5 & 0xFFFF
   \                     ??CrossCallReturnLabel_7:
   \   0000D9   E0           MOVX    A,@DPTR
   \   0000DA   FA           MOV     R2,A
   \   0000DB   A3           INC     DPTR
   \   0000DC   E0           MOVX    A,@DPTR
   \   0000DD   FB           MOV     R3,A
   \   0000DE   EE           MOV     A,R6
   \   0000DF   12....       LCALL   ??Subroutine18_0 & 0xFFFF
   \                     ??CrossCallReturnLabel_43:
   \   0000E2   EF           MOV     A,R7
   \   0000E3   12....       LCALL   ??Subroutine15_0 & 0xFFFF
   \                     ??CrossCallReturnLabel_29:
   \   0000E6   EA           MOV     A,R2
   \   0000E7   F0           MOVX    @DPTR,A
   \   0000E8   A3           INC     DPTR
   \   0000E9   EB           MOV     A,R3
   \   0000EA   F0           MOVX    @DPTR,A
    203          	p->next = s;
   \   0000EB   8882         MOV     DPL,R0
   \   0000ED   8983         MOV     DPH,R1
   \   0000EF   EE           MOV     A,R6
   \   0000F0   F0           MOVX    @DPTR,A
   \   0000F1   A3           INC     DPTR
   \   0000F2   EF           MOV     A,R7
   \   0000F3   F0           MOVX    @DPTR,A
    204          
    205          	return OK;
   \   0000F4   7A01         MOV     R2,#0x1
   \                     ??ListInsert_L_4:
   \   0000F6   7B00         MOV     R3,#0x0
   \                     ??ListInsert_L_6:
   \   0000F8   7F0A         MOV     R7,#0xa
   \   0000FA   02....       LJMP    ?BANKED_LEAVE_XDATA
    206          }
    207          
    208          /*═════╗
    209          ║ 算法2.10 ║ 
    210          ╚═════*/

   \                                 In  segment BANKED_CODE, align 1, keep-with-next
    211          Status ListDelete_L(LinkList L, int i)
   \                     ListDelete_L:
    212          {
   \   000000   74F7         MOV     A,#-0x9
   \   000002   12....       LCALL   ?BANKED_ENTER_XDATA
   \   000005                ; Saved register size: 9
   \   000005                ; Auto size: 0
    213          	LinkList pre, p; 
    214          	int j;
    215          
    216          	pre = L;
    217          	j = 1; 
   \   000005   7801         MOV     R0,#0x1
   \   000007   7900         MOV     R1,#0x0
   \   000009   800E         SJMP    ??ListDelete_L_0
    218          
    219          	while(pre->next && j<i)			//寻找第i个结点，并令pre指向其前驱 
    220          	{
    221          		pre = pre->next;
   \                     ??ListDelete_L_1:
   \   00000B   12....       LCALL   ??Subroutine17_0 & 0xFFFF
   \                     ??CrossCallReturnLabel_39:
   \   00000E   12....       LCALL   ?Subroutine9 & 0xFFFF
    222          		++j;
   \                     ??CrossCallReturnLabel_16:
   \   000011   E8           MOV     A,R0
   \   000012   2401         ADD     A,#0x1
   \   000014   08           INC     R0
   \   000015   E9           MOV     A,R1
   \   000016   3400         ADDC    A,#0x0
   \   000018   F9           MOV     R1,A
    223          	}
   \                     ??ListDelete_L_0:
   \   000019   12....       LCALL   ??Subroutine17_0 & 0xFFFF
   \                     ??CrossCallReturnLabel_40:
   \   00001C   12....       LCALL   ?Subroutine6 & 0xFFFF
   \                     ??CrossCallReturnLabel_10:
   \   00001F   600C         JZ      ??ListDelete_L_2
   \   000021   C3           CLR     C
   \   000022   E8           MOV     A,R0
   \   000023   9C           SUBB    A,R4
   \   000024   E9           MOV     A,R1
   \   000025   9D           SUBB    A,R5
   \   000026   A2D2         MOV     C,0xD0 /* PSW */.2
   \   000028   65D0         XRL     A,PSW
   \   00002A   33           RLC     A
   \   00002B   40DE         JC      ??ListDelete_L_1
    224          	
    225          	if(!pre->next || j>i)			//删除位置不合理
   \                     ??ListDelete_L_2:
   \   00002D   EE           MOV     A,R6
   \   00002E   4F           ORL     A,R7
   \   00002F   600C         JZ      ??ListDelete_L_3
   \   000031   C3           CLR     C
   \   000032   EC           MOV     A,R4
   \   000033   98           SUBB    A,R0
   \   000034   ED           MOV     A,R5
   \   000035   99           SUBB    A,R1
   \   000036   A2D2         MOV     C,0xD0 /* PSW */.2
   \   000038   65D0         XRL     A,PSW
   \   00003A   33           RLC     A
   \   00003B   5004         JNC     ??ListDelete_L_4
    226          		return ERROR;
   \                     ??ListDelete_L_3:
   \   00003D   7A00         MOV     R2,#0x0
   \   00003F   801D         SJMP    ??ListDelete_L_5
    227          
    228          	p = pre->next;
   \                     ??ListDelete_L_4:
   \   000041   EA           MOV     A,R2
   \   000042   240C         ADD     A,#0xc
   \   000044   F8           MOV     R0,A
   \   000045   EB           MOV     A,R3
   \   000046   12....       LCALL   ?Subroutine5 & 0xFFFF
   \                     ??CrossCallReturnLabel_8:
   \   000049   12....       LCALL   ?Subroutine4 & 0xFFFF
    229          	pre->next = p->next;
   \                     ??CrossCallReturnLabel_4:
   \   00004C   FC           MOV     R4,A
   \   00004D   A3           INC     DPTR
   \   00004E   E0           MOVX    A,@DPTR
   \   00004F   FD           MOV     R5,A
   \   000050   8882         MOV     DPL,R0
   \   000052   8983         MOV     DPH,R1
   \   000054   EC           MOV     A,R4
   \   000055   F0           MOVX    @DPTR,A
   \   000056   A3           INC     DPTR
   \   000057   ED           MOV     A,R5
   \   000058   F0           MOVX    @DPTR,A
    230          	osal_msg_deallocate((uint8 *)p);
   \   000059                ; Setup parameters for call to function osal_msg_deallocate
   \   000059   12....       LCALL   ??osal_msg_deallocate?relay
    231          
    232          	return OK; 
   \   00005C   7A01         MOV     R2,#0x1
   \                     ??ListDelete_L_5:
   \   00005E   7B00         MOV     R3,#0x0
   \   000060   02....       LJMP    ?Subroutine0 & 0xFFFF
    233          }

   \                                 In  segment BANK_RELAYS, align 1
   \                     ??findEndDeviceShortAddrByMachineid?relay:
   \   000000   12....       LCALL   ?BDISPATCH
   \   000003   ......       DC24    findEndDeviceShortAddrByMachineid

   \                                 In  segment BANK_RELAYS, align 1
   \                     ??InitList_L?relay:
   \   000000   12....       LCALL   ?BDISPATCH
   \   000003   ......       DC24    InitList_L

   \                                 In  segment BANK_RELAYS, align 1
   \                     ??DestroyList_L?relay:
   \   000000   12....       LCALL   ?BDISPATCH
   \   000003   ......       DC24    DestroyList_L

   \                                 In  segment BANK_RELAYS, align 1
   \                     ??ListLength_L?relay:
   \   000000   12....       LCALL   ?BDISPATCH
   \   000003   ......       DC24    ListLength_L

   \                                 In  segment BANK_RELAYS, align 1
   \                     ??checkEPIsInListByIEEE?relay:
   \   000000   12....       LCALL   ?BDISPATCH
   \   000003   ......       DC24    checkEPIsInListByIEEE

   \                                 In  segment BANK_RELAYS, align 1
   \                     ??checkEPIsInListByMachineId?relay:
   \   000000   12....       LCALL   ?BDISPATCH
   \   000003   ......       DC24    checkEPIsInListByMachineId

   \                                 In  segment BANK_RELAYS, align 1
   \                     ??updateListEleStatus?relay:
   \   000000   12....       LCALL   ?BDISPATCH
   \   000003   ......       DC24    updateListEleStatus

   \                                 In  segment BANK_RELAYS, align 1
   \                     ??decAllListEPLeftSec?relay:
   \   000000   12....       LCALL   ?BDISPATCH
   \   000003   ......       DC24    decAllListEPLeftSec

   \                                 In  segment BANK_RELAYS, align 1
   \                     ??GetElem_L?relay:
   \   000000   12....       LCALL   ?BDISPATCH
   \   000003   ......       DC24    GetElem_L

   \                                 In  segment BANK_RELAYS, align 1
   \                     ??ListInsert_L?relay:
   \   000000   12....       LCALL   ?BDISPATCH
   \   000003   ......       DC24    ListInsert_L

   \                                 In  segment BANK_RELAYS, align 1
   \                     ??ListDelete_L?relay:
   \   000000   12....       LCALL   ?BDISPATCH
   \   000003   ......       DC24    ListDelete_L
    234          
    235          
    236          #endif 

   Maximum stack usage in bytes:

     Function                       ISTACK PSTACK XSTACK
     --------                       ------ ------ ------
     DestroyList_L                      0      0     10
       -> osal_msg_deallocate           0      0     20
     GetElem_L                          0      0     12
     InitList_L                         0      0      9
       -> osal_msg_allocate             0      0     18
     ListDelete_L                       0      0      9
       -> osal_msg_deallocate           0      0     18
     ListInsert_L                       1      0     26
       -> osal_msg_allocate             0      0     36
       -> osal_memcpy                   0      0     42
     ListLength_L                       2      0      0
     checkEPIsInListByIEEE              0      0     18
       -> osal_memcmp                   0      0     36
     checkEPIsInListByMachineId         2      0      0
     decAllListEPLeftSec                2      0      0
     findEndDeviceShortAddrByMachineid
                                        1      0      9
     updateListEleStatus                1      0     12


   Segment part sizes:

     Function/Label                            Bytes
     --------------                            -----
     findEndDeviceShortAddrByMachineid
                                                 58
     ?Subroutine0                                 5
     ?Subroutine8                                 6
     ?Subroutine3                                10
     ??Subroutine17_0                             6
     ??Subroutine18_0                             5
     ?Subroutine14                                6
     InitList_L                                  66
     ?Subroutine5                                 8
     DestroyList_L                               55
     ?Subroutine1                                 5
     ?Subroutine4                                14
     ListLength_L                                37
     ?Subroutine2                                 7
     checkEPIsInListByIEEE                       89
     ?Subroutine11                               13
     ??Subroutine16_0                             3
     ?Subroutine6                                10
     checkEPIsInListByMachineId                  56
     ?Subroutine9                                 8
     ?Subroutine13                                2
     updateListEleStatus                         41
     ?Subroutine10                                6
     ??Subroutine15_0                             5
     ?Subroutine12                               13
     ?Subroutine7                                 3
     decAllListEPLeftSec                         38
     GetElem_L                                   86
     ListInsert_L                               253
     ListDelete_L                                99
     ??findEndDeviceShortAddrByMachineid?relay    6
     ??InitList_L?relay                           6
     ??DestroyList_L?relay                        6
     ??ListLength_L?relay                         6
     ??checkEPIsInListByIEEE?relay                6
     ??checkEPIsInListByMachineId?relay           6
     ??updateListEleStatus?relay                  6
     ??decAllListEPLeftSec?relay                  6
     ??GetElem_L?relay                            6
     ??ListInsert_L?relay                         6
     ??ListDelete_L?relay                         6

 
 1 013 bytes in segment BANKED_CODE
    66 bytes in segment BANK_RELAYS
 
 1 079 bytes of CODE memory

Errors: none
Warnings: none
