###############################################################################
#                                                                             #
# IAR C/C++ Compiler V8.10.3.10338/W32 for 8051         23/Jun/2019  21:03:20 #
# Copyright 2004-2011 IAR Systems AB.                                         #
#                                                                             #
#    Core               =  plain                                              #
#    Code model         =  banked                                             #
#    Data model         =  large                                              #
#    Calling convention =  xdata reentrant                                    #
#    Constant location  =  data_rom                                           #
#    Dptr setup         =  1,16                                               #
#    Source file        =  E:\Github_Repository\zigbee-net-tech\ZStack-2.5.1a #
#                          \Projects\zstack\Samples\SampleApp\Source\SinglyLi #
#                          nkedList.c                                         #
#    Command line       =  -f E:\Github_Repository\zigbee-net-tech\ZStack-2.5 #
#                          .1a\Projects\zstack\Samples\SampleApp\CC2530DB\..\ #
#                          ..\..\Tools\CC2530DB\f8wEndev.cfg (-DCPU32MHZ      #
#                          -DROOT=__near_func -DMAC_CFG_TX_DATA_MAX=3         #
#                          -DMAC_CFG_TX_MAX=6 -DMAC_CFG_RX_MAX=3              #
#                          -DEND_DEVICE) -f E:\Github_Repository\zigbee-net-t #
#                          ech\ZStack-2.5.1a\Projects\zstack\Samples\SampleAp #
#                          p\CC2530DB\..\..\..\Tools\CC2530DB\f8wConfig.cfg   #
#                          (-DZIGBEEPRO -DSECURE=0 -DZG_SECURE_DYNAMIC=0      #
#                          -DREFLECTOR -DDEFAULT_CHANLIST=0x00000800          #
#                          -DZDAPP_CONFIG_PAN_ID=0xFFF1                       #
#                          -DNWK_START_DELAY=100 -DEXTENDED_JOINING_RANDOM_MA #
#                          SK=0x007F -DBEACON_REQUEST_DELAY=100               #
#                          -DBEACON_REQ_DELAY_MASK=0x00FF                     #
#                          -DLINK_STATUS_JITTER_MASK=0x007F                   #
#                          -DROUTE_EXPIRY_TIME=30 -DAPSC_ACK_WAIT_DURATION_PO #
#                          LLED=3000 -DNWK_INDIRECT_MSG_TIMEOUT=7             #
#                          -DMAX_RREQ_ENTRIES=8 -DAPSC_MAX_FRAME_RETRIES=3    #
#                          -DNWK_MAX_DATA_RETRIES=2                           #
#                          -DMAX_POLL_FAILURE_RETRIES=2 -DMAX_BCAST=9         #
#                          -DAPS_MAX_GROUPS=16 -DMAX_RTG_ENTRIES=40           #
#                          -DNWK_MAX_BINDING_ENTRIES=4                        #
#                          -DMAX_BINDING_CLUSTER_IDS=4 "-DDEFAULT_KEY={0x01,  #
#                          0x03, 0x05, 0x07, 0x09, 0x0B, 0x0D, 0x0F, 0x00,    #
#                          0x02, 0x04, 0x06, 0x08, 0x0A, 0x0C, 0x0D}"         #
#                          -DMAC_MAX_FRAME_SIZE=116                           #
#                          -DZDNWKMGR_MIN_TRANSMISSIONS=20 "-DCONST=const     #
#                          __code" -DGENERIC=__generic                        #
#                          -DRFD_RCVC_ALWAYS_ON=FALSE -DPOLL_RATE=1000        #
#                          -DQUEUED_POLL_RATE=100 -DRESPONSE_POLL_RATE=100)   #
#                          -DREJOIN_POLL_RATE=440 E:\Github_Repository\zigbee #
#                          -net-tech\ZStack-2.5.1a\Projects\zstack\Samples\Sa #
#                          mpleApp\Source\SinglyLinkedList.c -D               #
#                          NWK_AUTO_POLL -D ZTOOL_P1 -D MT_TASK -D            #
#                          MT_SYS_FUNC -D MT_ZDO_FUNC -lC                     #
#                          E:\Github_Repository\zigbee-net-tech\ZStack-2.5.1a #
#                          \Projects\zstack\Samples\SampleApp\CC2530DB\EndDev #
#                          iceEB\List\ -lA E:\Github_Repository\zigbee-net-te #
#                          ch\ZStack-2.5.1a\Projects\zstack\Samples\SampleApp #
#                          \CC2530DB\EndDeviceEB\List\ --diag_suppress        #
#                          Pe001,Pa010 -o E:\Github_Repository\zigbee-net-tec #
#                          h\ZStack-2.5.1a\Projects\zstack\Samples\SampleApp\ #
#                          CC2530DB\EndDeviceEB\Obj\ -e --no_code_motion      #
#                          --debug --core=plain --dptr=16,1                   #
#                          --data_model=large --code_model=banked             #
#                          --calling_convention=xdata_reentrant               #
#                          --place_constants=data_rom --nr_virtual_regs 16    #
#                          -I E:\Github_Repository\zigbee-net-tech\ZStack-2.5 #
#                          .1a\Projects\zstack\Samples\SampleApp\CC2530DB\    #
#                          -I E:\Github_Repository\zigbee-net-tech\ZStack-2.5 #
#                          .1a\Projects\zstack\Samples\SampleApp\CC2530DB\..\ #
#                          Source\ -I E:\Github_Repository\zigbee-net-tech\ZS #
#                          tack-2.5.1a\Projects\zstack\Samples\SampleApp\CC25 #
#                          30DB\..\..\..\ZMain\TI2530DB\ -I                   #
#                          E:\Github_Repository\zigbee-net-tech\ZStack-2.5.1a #
#                          \Projects\zstack\Samples\SampleApp\CC2530DB\..\..\ #
#                          ..\..\..\Components\hal\include\ -I                #
#                          E:\Github_Repository\zigbee-net-tech\ZStack-2.5.1a #
#                          \Projects\zstack\Samples\SampleApp\CC2530DB\..\..\ #
#                          ..\..\..\Components\hal\target\CC2530EB\ -I        #
#                          E:\Github_Repository\zigbee-net-tech\ZStack-2.5.1a #
#                          \Projects\zstack\Samples\SampleApp\CC2530DB\..\..\ #
#                          ..\..\..\Components\mac\include\ -I                #
#                          E:\Github_Repository\zigbee-net-tech\ZStack-2.5.1a #
#                          \Projects\zstack\Samples\SampleApp\CC2530DB\..\..\ #
#                          ..\..\..\Components\mac\high_level\ -I             #
#                          E:\Github_Repository\zigbee-net-tech\ZStack-2.5.1a #
#                          \Projects\zstack\Samples\SampleApp\CC2530DB\..\..\ #
#                          ..\..\..\Components\mac\low_level\srf04\ -I        #
#                          E:\Github_Repository\zigbee-net-tech\ZStack-2.5.1a #
#                          \Projects\zstack\Samples\SampleApp\CC2530DB\..\..\ #
#                          ..\..\..\Components\mac\low_level\srf04\single_chi #
#                          p\ -I E:\Github_Repository\zigbee-net-tech\ZStack- #
#                          2.5.1a\Projects\zstack\Samples\SampleApp\CC2530DB\ #
#                          ..\..\..\..\..\Components\mt\ -I                   #
#                          E:\Github_Repository\zigbee-net-tech\ZStack-2.5.1a #
#                          \Projects\zstack\Samples\SampleApp\CC2530DB\..\..\ #
#                          ..\..\..\Components\osal\include\ -I               #
#                          E:\Github_Repository\zigbee-net-tech\ZStack-2.5.1a #
#                          \Projects\zstack\Samples\SampleApp\CC2530DB\..\..\ #
#                          ..\..\..\Components\services\saddr\ -I             #
#                          E:\Github_Repository\zigbee-net-tech\ZStack-2.5.1a #
#                          \Projects\zstack\Samples\SampleApp\CC2530DB\..\..\ #
#                          ..\..\..\Components\services\sdata\ -I             #
#                          E:\Github_Repository\zigbee-net-tech\ZStack-2.5.1a #
#                          \Projects\zstack\Samples\SampleApp\CC2530DB\..\..\ #
#                          ..\..\..\Components\stack\af\ -I                   #
#                          E:\Github_Repository\zigbee-net-tech\ZStack-2.5.1a #
#                          \Projects\zstack\Samples\SampleApp\CC2530DB\..\..\ #
#                          ..\..\..\Components\stack\nwk\ -I                  #
#                          E:\Github_Repository\zigbee-net-tech\ZStack-2.5.1a #
#                          \Projects\zstack\Samples\SampleApp\CC2530DB\..\..\ #
#                          ..\..\..\Components\stack\sapi\ -I                 #
#                          E:\Github_Repository\zigbee-net-tech\ZStack-2.5.1a #
#                          \Projects\zstack\Samples\SampleApp\CC2530DB\..\..\ #
#                          ..\..\..\Components\stack\sec\ -I                  #
#                          E:\Github_Repository\zigbee-net-tech\ZStack-2.5.1a #
#                          \Projects\zstack\Samples\SampleApp\CC2530DB\..\..\ #
#                          ..\..\..\Components\stack\sys\ -I                  #
#                          E:\Github_Repository\zigbee-net-tech\ZStack-2.5.1a #
#                          \Projects\zstack\Samples\SampleApp\CC2530DB\..\..\ #
#                          ..\..\..\Components\stack\zdo\ -I                  #
#                          E:\Github_Repository\zigbee-net-tech\ZStack-2.5.1a #
#                          \Projects\zstack\Samples\SampleApp\CC2530DB\..\..\ #
#                          ..\..\..\Components\zmac\ -I                       #
#                          E:\Github_Repository\zigbee-net-tech\ZStack-2.5.1a #
#                          \Projects\zstack\Samples\SampleApp\CC2530DB\..\..\ #
#                          ..\..\..\Components\zmac\f8w\ -Ohz                 #
#                          --require_prototypes                               #
#    List file          =  E:\Github_Repository\zigbee-net-tech\ZStack-2.5.1a #
#                          \Projects\zstack\Samples\SampleApp\CC2530DB\EndDev #
#                          iceEB\List\SinglyLinkedList.lst                    #
#    Object file        =  E:\Github_Repository\zigbee-net-tech\ZStack-2.5.1a #
#                          \Projects\zstack\Samples\SampleApp\CC2530DB\EndDev #
#                          iceEB\Obj\SinglyLinkedList.r51                     #
#                                                                             #
#                                                                             #
###############################################################################

E:\Github_Repository\zigbee-net-tech\ZStack-2.5.1a\Projects\zstack\Samples\SampleApp\Source\SinglyLinkedList.c
      1          /*******************************************
      2           *                                         *
      3           *                                         *
      4           * 文件名: SinglyLinkedList.c              *
      5           *                                         *
      6           *                                         *
      7           *******************************************/
      8          
      9          #ifndef SINGLYLINKEDLIST_C
     10          #define SINGLYLINKEDLIST_C
     11          
     12          #include "SinglyLinkedList.h" 		
     13          #include "OSAL.h"
     14          #include "MT_UART.h"
     15          
     16          /**
     17          查找某个指定机器编号的设备是否在列表中
     18          存在：0
     19          不存在：-1
     20          */

   \                                 In  segment BANKED_CODE, align 1, keep-with-next
     21          int findEndDeviceShortAddrByMachineid(LinkList L, uint8 machineId, uint8* addr) {
   \                     findEndDeviceShortAddrByMachineid:
   \   000000   74F7         MOV     A,#-0x9
   \   000002   12....       LCALL   ?BANKED_ENTER_XDATA
   \   000005                ; Saved register size: 9
   \   000005                ; Auto size: 0
   \   000005   E9           MOV     A,R1
   \   000006   FE           MOV     R6,A
     22            int i = 0;
     23            LinkList p = L->next;
   \   000007   12....       LCALL   ??Subroutine16_0 & 0xFFFF
   \                     ??CrossCallReturnLabel_37:
   \   00000A   8004         SJMP    ??findEndDeviceShortAddrByMachineid_0
     24            while(p) {
     25              i++;
     26              if(p->data.machineId == machineId) {
     27                addr[0] = p->data.shortAddrH;
     28                addr[0] = p->data.shortAddrL;
     29                return 0;
     30              }
     31              p = p->next;
   \                     ??findEndDeviceShortAddrByMachineid_1:
   \   00000C   12....       LCALL   ?Subroutine7 & 0xFFFF
   \                     ??CrossCallReturnLabel_31:
   \   00000F   E9           MOV     A,R1
   \                     ??findEndDeviceShortAddrByMachineid_0:
   \   000010   12....       LCALL   ?Subroutine3 & 0xFFFF
   \                     ??CrossCallReturnLabel_0:
   \   000013   6021         JZ      ??findEndDeviceShortAddrByMachineid_2
   \   000015   8882         MOV     DPL,R0
   \   000017   8983         MOV     DPH,R1
   \   000019   E0           MOVX    A,@DPTR
   \   00001A   6E           XRL     A,R6
   \   00001B   70EF         JNZ     ??findEndDeviceShortAddrByMachineid_1
   \   00001D   A3           INC     DPTR
   \   00001E   E0           MOVX    A,@DPTR
   \   00001F   8C82         MOV     DPL,R4
   \   000021   8D83         MOV     DPH,R5
   \   000023   F0           MOVX    @DPTR,A
   \   000024   8882         MOV     DPL,R0
   \   000026   8983         MOV     DPH,R1
   \   000028   A3           INC     DPTR
   \   000029   A3           INC     DPTR
   \   00002A   E0           MOVX    A,@DPTR
   \   00002B   8C82         MOV     DPL,R4
   \   00002D   8D83         MOV     DPH,R5
   \   00002F   F0           MOVX    @DPTR,A
   \   000030   7A00         MOV     R2,#0x0
   \   000032   7B00         MOV     R3,#0x0
   \   000034   8004         SJMP    ??findEndDeviceShortAddrByMachineid_3
     32            }
     33            
     34            return -1;
   \                     ??findEndDeviceShortAddrByMachineid_2:
   \   000036   7AFF         MOV     R2,#-0x1
   \   000038   7BFF         MOV     R3,#-0x1
   \                     ??findEndDeviceShortAddrByMachineid_3:
   \   00003A                REQUIRE ?Subroutine0
   \   00003A                ; // Fall through to label ?Subroutine0
     35          }

   \                                 In  segment BANKED_CODE, align 1, keep-with-next
   \                     ?Subroutine0:
   \   000000   7F01         MOV     R7,#0x1
   \   000002   02....       LJMP    ?BANKED_LEAVE_XDATA

   \                                 In  segment BANKED_CODE, align 1, keep-with-next
   \                     ?Subroutine3:
   \   000000   12....       LCALL   ?Subroutine12 & 0xFFFF
   \                     ??CrossCallReturnLabel_21:
   \   000003   F8           MOV     R0,A
   \   000004   A3           INC     DPTR
   \   000005   E0           MOVX    A,@DPTR
   \   000006   F9           MOV     R1,A
   \   000007   E8           MOV     A,R0
   \   000008   49           ORL     A,R1
   \   000009   22           RET

   \                                 In  segment BANKED_CODE, align 1, keep-with-next
   \                     ?Subroutine12:
   \   000000   3400         ADDC    A,#0x0
   \   000002   F583         MOV     DPH,A
   \   000004   E0           MOVX    A,@DPTR
   \   000005   22           RET

   \                                 In  segment BANKED_CODE, align 1, keep-with-next
   \                     ?Subroutine7:
   \   000000   E8           MOV     A,R0
   \   000001                REQUIRE ??Subroutine14_0
   \   000001                ; // Fall through to label ??Subroutine14_0

   \                                 In  segment BANKED_CODE, align 1, keep-with-next
   \                     ??Subroutine14_0:
   \   000000   240C         ADD     A,#0xc
   \   000002   F582         MOV     DPL,A
   \   000004   22           RET

   \                                 In  segment BANKED_CODE, align 1, keep-with-next
   \                     ??Subroutine16_0:
   \   000000   EA           MOV     A,R2
   \   000001   240C         ADD     A,#0xc
   \   000003   F582         MOV     DPL,A
   \   000005   EB           MOV     A,R3
   \   000006   22           RET
     36          

   \                                 In  segment BANKED_CODE, align 1, keep-with-next
     37          Status InitList_L(LinkList *L)                  // 初始化单链表L
   \                     InitList_L:
     38          {
   \   000000   74F7         MOV     A,#-0x9
   \   000002   12....       LCALL   ?BANKED_ENTER_XDATA
   \   000005                ; Saved register size: 9
   \   000005                ; Auto size: 0
   \   000005   EA           MOV     A,R2
   \   000006   FE           MOV     R6,A
   \   000007   EB           MOV     A,R3
   \   000008   FF           MOV     R7,A
     39          	(*L) = (LinkList)osal_msg_allocate(sizeof(LNode)); // osal_msg_deallocate
   \   000009                ; Setup parameters for call to function osal_msg_allocate
   \   000009   7A0E         MOV     R2,#0xe
   \   00000B   7B00         MOV     R3,#0x0
   \   00000D   12....       LCALL   ??osal_msg_allocate?relay
   \   000010   8E82         MOV     DPL,R6
   \   000012   8F83         MOV     DPH,R7
   \   000014   EA           MOV     A,R2
   \   000015   F0           MOVX    @DPTR,A
   \   000016   A3           INC     DPTR
   \   000017   EB           MOV     A,R3
   \   000018   F0           MOVX    @DPTR,A
     40          	if(!(*L)) {
   \   000019   8E82         MOV     DPL,R6
   \   00001B   8F83         MOV     DPH,R7
   \   00001D   E0           MOVX    A,@DPTR
   \   00001E   F8           MOV     R0,A
   \   00001F   A3           INC     DPTR
   \   000020   E0           MOVX    A,@DPTR
   \   000021   F9           MOV     R1,A
   \   000022   E8           MOV     A,R0
   \   000023   49           ORL     A,R1
   \   000024   7006         JNZ     ??InitList_L_0
     41                    return (OVERFLOW);
   \   000026   7AFE         MOV     R2,#-0x2
   \   000028   7BFF         MOV     R3,#-0x1
   \   00002A   8014         SJMP    ??InitList_L_1
     42                  }        
     43          	(*L)->next = NULL;	
   \                     ??InitList_L_0:
   \   00002C   8E82         MOV     DPL,R6
   \   00002E   8F83         MOV     DPH,R7
   \   000030   E0           MOVX    A,@DPTR
   \   000031   240C         ADD     A,#0xc
   \   000033   F8           MOV     R0,A
   \   000034   A3           INC     DPTR
   \   000035   E0           MOVX    A,@DPTR
   \   000036   12....       LCALL   ?Subroutine8 & 0xFFFF
   \                     ??CrossCallReturnLabel_6:
   \   000039   E4           CLR     A
   \   00003A   F0           MOVX    @DPTR,A
   \   00003B   A3           INC     DPTR
   \   00003C   F0           MOVX    @DPTR,A
     44          
     45          	return OK;
   \   00003D   7A01         MOV     R2,#0x1
   \   00003F   FB           MOV     R3,A
   \                     ??InitList_L_1:
   \   000040   80..         SJMP    ?Subroutine0
     46          }

   \                                 In  segment BANKED_CODE, align 1, keep-with-next
   \                     ?Subroutine8:
   \   000000   3400         ADDC    A,#0x0
   \   000002   F9           MOV     R1,A
   \   000003   8882         MOV     DPL,R0
   \   000005   8983         MOV     DPH,R1
   \   000007   22           RET
     47          

   \                                 In  segment BANKED_CODE, align 1, keep-with-next
     48          void DestroyList_L(LinkList *L)			//销毁所有结点 
   \                     DestroyList_L:
     49          {
   \   000000   74F6         MOV     A,#-0xa
   \   000002   12....       LCALL   ?BANKED_ENTER_XDATA
   \   000005                ; Saved register size: 10
   \   000005                ; Auto size: 0
   \   000005   8A..         MOV     ?V0 + 0,R2
   \   000007   8B..         MOV     ?V0 + 1,R3
     50          	LinkList p = *L;	
   \   000009   8A82         MOV     DPL,R2
   \   00000B   8B83         MOV     DPH,R3
   \   00000D   E0           MOVX    A,@DPTR
   \   00000E   FE           MOV     R6,A
   \   00000F   A3           INC     DPTR
   \   000010   E0           MOVX    A,@DPTR
   \   000011   FF           MOV     R7,A
   \   000012   801F         SJMP    ??DestroyList_L_0
     51          
     52          	while(p)
     53          	{
     54          		p = (*L)->next;
   \                     ??DestroyList_L_1:
   \   000014   85..82       MOV     DPL,?V0 + 0
   \   000017   85..83       MOV     DPH,?V0 + 1
   \   00001A   12....       LCALL   ?Subroutine5 & 0xFFFF
   \                     ??CrossCallReturnLabel_20:
   \   00001D   FE           MOV     R6,A
   \   00001E   A3           INC     DPTR
   \   00001F   E0           MOVX    A,@DPTR
   \   000020   FF           MOV     R7,A
     55          		osal_msg_deallocate((uint8*)*L);
   \   000021                ; Setup parameters for call to function osal_msg_deallocate
   \   000021   12....       LCALL   ??osal_msg_deallocate?relay
     56          		(*L) = p;
   \   000024   EE           MOV     A,R6
   \   000025   F8           MOV     R0,A
   \   000026   EF           MOV     A,R7
   \   000027   F9           MOV     R1,A
   \   000028   85..82       MOV     DPL,?V0 + 0
   \   00002B   85..83       MOV     DPH,?V0 + 1
   \   00002E   E8           MOV     A,R0
   \   00002F   F0           MOVX    @DPTR,A
   \   000030   A3           INC     DPTR
   \   000031   E9           MOV     A,R1
   \   000032   F0           MOVX    @DPTR,A
     57          	}
   \                     ??DestroyList_L_0:
   \   000033   EE           MOV     A,R6
   \   000034   4F           ORL     A,R7
   \   000035   70DD         JNZ     ??DestroyList_L_1
     58          }
   \   000037                REQUIRE ?Subroutine1
   \   000037                ; // Fall through to label ?Subroutine1

   \                                 In  segment BANKED_CODE, align 1, keep-with-next
   \                     ?Subroutine1:
   \   000000   7F02         MOV     R7,#0x2
   \   000002   02....       LJMP    ?BANKED_LEAVE_XDATA

   \                                 In  segment BANKED_CODE, align 1, keep-with-next
   \                     ?Subroutine5:
   \   000000   E0           MOVX    A,@DPTR
   \   000001   FA           MOV     R2,A
   \   000002   A3           INC     DPTR
   \   000003   E0           MOVX    A,@DPTR
   \   000004   FB           MOV     R3,A
   \   000005                REQUIRE ??Subroutine13_0
   \   000005                ; // Fall through to label ??Subroutine13_0

   \                                 In  segment BANKED_CODE, align 1, keep-with-next
   \                     ??Subroutine13_0:
   \   000000   EA           MOV     A,R2
   \   000001   240C         ADD     A,#0xc
   \   000003   F582         MOV     DPL,A
   \   000005   EB           MOV     A,R3
   \   000006   12....       LCALL   ?Subroutine12 & 0xFFFF
   \                     ??CrossCallReturnLabel_24:
   \   000009   22           RET
     59          

   \                                 In  segment BANKED_CODE, align 1, keep-with-next
     60          int ListLength_L(LinkList L)
   \                     ListLength_L:
     61          {
   \   000000   C082         PUSH    DPL
   \   000002   C083         PUSH    DPH
   \   000004                ; Saved register size: 2
   \   000004                ; Auto size: 0
     62          	LinkList p;
     63          	int i = 0;
   \   000004   7C00         MOV     R4,#0x0
   \   000006   7D00         MOV     R5,#0x0
     64          	
     65          	if(L)
   \   000008   EA           MOV     A,R2
   \   000009   4B           ORL     A,R3
   \   00000A   6016         JZ      ??ListLength_L_0
     66          	{
     67                    i = 0;
     68                    p = L->next;
   \   00000C   12....       LCALL   ??Subroutine16_0 & 0xFFFF
   \                     ??CrossCallReturnLabel_38:
   \   00000F   800C         SJMP    ??ListLength_L_1
     69                    while(p)
     70                    {
     71                      i++;
   \                     ??ListLength_L_2:
   \   000011   EC           MOV     A,R4
   \   000012   2401         ADD     A,#0x1
   \   000014   0C           INC     R4
   \   000015   ED           MOV     A,R5
   \   000016   3400         ADDC    A,#0x0
   \   000018   FD           MOV     R5,A
     72                      p = p->next;
   \   000019   12....       LCALL   ?Subroutine7 & 0xFFFF
     73                    }		
     74          	}
   \                     ??CrossCallReturnLabel_32:
   \   00001C   E9           MOV     A,R1
   \                     ??ListLength_L_1:
   \   00001D   12....       LCALL   ?Subroutine3 & 0xFFFF
   \                     ??CrossCallReturnLabel_1:
   \   000020   70EF         JNZ     ??ListLength_L_2
     75          	
     76          	return i;
   \                     ??ListLength_L_0:
   \   000022   EC           MOV     A,R4
   \   000023   FA           MOV     R2,A
   \   000024   ED           MOV     A,R5
   \   000025   FB           MOV     R3,A
   \   000026                REQUIRE ?Subroutine2
   \   000026                ; // Fall through to label ?Subroutine2
     77          }

   \                                 In  segment BANKED_CODE, align 1, keep-with-next
   \                     ?Subroutine2:
   \   000000   D083         POP     DPH
   \   000002   D082         POP     DPL
   \   000004   02....       LJMP    ?BRET
     78          
     79          /**
     80            检查某个IEEE地址终端是否在列表中，如果已经在列表中返回位置
     81          */

   \                                 In  segment BANKED_CODE, align 1, keep-with-next
     82          int checkEPIsInListByIEEE(LinkList L, uint8* ieeeAddrP) {
   \                     checkEPIsInListByIEEE:
   \   000000   74F1         MOV     A,#-0xf
   \   000002   12....       LCALL   ?BANKED_ENTER_XDATA
   \   000005                ; Saved register size: 15
   \   000005                ; Auto size: 0
   \   000005   8C..         MOV     ?V0 + 2,R4
   \   000007   8D..         MOV     ?V0 + 3,R5
     83            int i = 0;
   \   000009   75..00       MOV     ?V0 + 0,#0x0
   \   00000C   12....       LCALL   ??Subroutine15_0 & 0xFFFF
     84            LinkList p = L->next;
   \                     ??CrossCallReturnLabel_36:
   \   00000F   8005         SJMP    ??checkEPIsInListByIEEE_0
     85            while(p) {
     86              i++;
     87              if(osal_memcmp(p->data.IEEEArr, ieeeAddrP, 8) == TRUE) {
     88                return i;
     89              }
     90              p = p->next;
   \                     ??checkEPIsInListByIEEE_1:
   \   000011   EE           MOV     A,R6
   \   000012   12....       LCALL   ??Subroutine14_0 & 0xFFFF
   \                     ??CrossCallReturnLabel_25:
   \   000015   EF           MOV     A,R7
   \                     ??checkEPIsInListByIEEE_0:
   \   000016   12....       LCALL   ?Subroutine4 & 0xFFFF
   \                     ??CrossCallReturnLabel_3:
   \   000019   6035         JZ      ??checkEPIsInListByIEEE_2
   \   00001B   12....       LCALL   ?Subroutine10 & 0xFFFF
   \                     ??CrossCallReturnLabel_13:
   \   00001E                ; Setup parameters for call to function osal_memcmp
   \   00001E   85....       MOV     ?V0 + 4,?V0 + 2
   \   000021   85....       MOV     ?V0 + 5,?V0 + 3
   \   000024   75..00       MOV     ?V0 + 6,#0x0
   \   000027   78..         MOV     R0,#?V0 + 4
   \   000029   12....       LCALL   ?PUSH_XSTACK_I_THREE
   \   00002C   7C08         MOV     R4,#0x8
   \   00002E   7D00         MOV     R5,#0x0
   \   000030   8E82         MOV     DPL,R6
   \   000032   8F83         MOV     DPH,R7
   \   000034   A3           INC     DPTR
   \   000035   A3           INC     DPTR
   \   000036   A3           INC     DPTR
   \   000037   A982         MOV     R1,DPL
   \   000039   AA83         MOV     R2,DPH
   \   00003B   7B00         MOV     R3,#0x0
   \   00003D   12....       LCALL   ??osal_memcmp?relay
   \   000040   7403         MOV     A,#0x3
   \   000042   12....       LCALL   ?DEALLOC_XSTACK8
   \   000045   E9           MOV     A,R1
   \   000046   6401         XRL     A,#0x1
   \   000048   70C7         JNZ     ??checkEPIsInListByIEEE_1
   \   00004A   AA..         MOV     R2,?V0 + 0
   \   00004C   AB..         MOV     R3,?V0 + 1
   \   00004E   8004         SJMP    ??checkEPIsInListByIEEE_3
     91            }
     92            
     93            return -1;
   \                     ??checkEPIsInListByIEEE_2:
   \   000050   7AFF         MOV     R2,#-0x1
   \   000052   7BFF         MOV     R3,#-0x1
   \                     ??checkEPIsInListByIEEE_3:
   \   000054   7F07         MOV     R7,#0x7
   \   000056   02....       LJMP    ?BANKED_LEAVE_XDATA
     94          }

   \                                 In  segment BANKED_CODE, align 1, keep-with-next
   \                     ?Subroutine10:
   \   000000   E5..         MOV     A,?V0 + 0
   \   000002   2401         ADD     A,#0x1
   \   000004   F5..         MOV     ?V0 + 0,A
   \   000006   E5..         MOV     A,?V0 + 1
   \   000008   3400         ADDC    A,#0x0
   \   00000A   F5..         MOV     ?V0 + 1,A
   \   00000C   22           RET

   \                                 In  segment BANKED_CODE, align 1, keep-with-next
   \                     ?Subroutine4:
   \   000000   12....       LCALL   ?Subroutine12 & 0xFFFF
   \                     ??CrossCallReturnLabel_22:
   \   000003   FE           MOV     R6,A
   \   000004   A3           INC     DPTR
   \   000005   E0           MOVX    A,@DPTR
   \   000006   FF           MOV     R7,A
   \   000007   EE           MOV     A,R6
   \   000008   4F           ORL     A,R7
   \   000009   22           RET

   \                                 In  segment BANKED_CODE, align 1, keep-with-next
   \                     ??Subroutine15_0:
   \   000000   75..00       MOV     ?V0 + 1,#0x0
   \   000003                REQUIRE ??Subroutine16_0
   \   000003                ; // Fall through to label ??Subroutine16_0
     95          
     96          /**
     97          根据终端编号查找终端是否在列表中
     98          */

   \                                 In  segment BANKED_CODE, align 1, keep-with-next
     99          int checkEPIsInListByMachineId(LinkList L, uint8 machineId) {
   \                     checkEPIsInListByMachineId:
   \   000000   C082         PUSH    DPL
   \   000002   C083         PUSH    DPH
   \   000004                ; Saved register size: 2
   \   000004                ; Auto size: 0
    100            int i = 0;
   \   000004   7C00         MOV     R4,#0x0
   \   000006   7D00         MOV     R5,#0x0
    101            LinkList p = L->next;
   \   000008   12....       LCALL   ??Subroutine16_0 & 0xFFFF
   \                     ??CrossCallReturnLabel_39:
   \   00000B   8007         SJMP    ??checkEPIsInListByMachineId_0
    102            while(p) {
    103              i++;
    104              if(p->data.machineId == machineId) {
    105                return i;
    106              }
    107              p = p->next;
   \                     ??checkEPIsInListByMachineId_1:
   \   00000D   E582         MOV     A,DPL
   \   00000F   12....       LCALL   ??Subroutine14_0 & 0xFFFF
   \                     ??CrossCallReturnLabel_26:
   \   000012   E583         MOV     A,DPH
   \                     ??checkEPIsInListByMachineId_0:
   \   000014   12....       LCALL   ?Subroutine9 & 0xFFFF
   \                     ??CrossCallReturnLabel_9:
   \   000017   FA           MOV     R2,A
   \   000018   A3           INC     DPTR
   \   000019   E0           MOVX    A,@DPTR
   \   00001A   FB           MOV     R3,A
   \   00001B   8A82         MOV     DPL,R2
   \   00001D   8B83         MOV     DPH,R3
   \   00001F   E582         MOV     A,DPL
   \   000021   4583         ORL     A,DPH
   \   000023   6012         JZ      ??checkEPIsInListByMachineId_2
   \   000025   EC           MOV     A,R4
   \   000026   2401         ADD     A,#0x1
   \   000028   0C           INC     R4
   \   000029   ED           MOV     A,R5
   \   00002A   3400         ADDC    A,#0x0
   \   00002C   FD           MOV     R5,A
   \   00002D   E0           MOVX    A,@DPTR
   \   00002E   69           XRL     A,R1
   \   00002F   70DC         JNZ     ??checkEPIsInListByMachineId_1
   \   000031   EC           MOV     A,R4
   \   000032   FA           MOV     R2,A
   \   000033   ED           MOV     A,R5
   \   000034   FB           MOV     R3,A
   \   000035   8004         SJMP    ??checkEPIsInListByMachineId_3
    108            }
    109            
    110            return -1;
   \                     ??checkEPIsInListByMachineId_2:
   \   000037   7AFF         MOV     R2,#-0x1
   \   000039   7BFF         MOV     R3,#-0x1
   \                     ??checkEPIsInListByMachineId_3:
   \   00003B   02....       LJMP    ?Subroutine2 & 0xFFFF
    111          }

   \                                 In  segment BANKED_CODE, align 1, keep-with-next
   \                     ?Subroutine9:
   \   000000   12....       LCALL   ?Subroutine12 & 0xFFFF
   \                     ??CrossCallReturnLabel_23:
   \   000003   22           RET
    112          
    113          /**
    114            更新指定位置元素的时间状态值
    115          */

   \                                 In  segment BANKED_CODE, align 1, keep-with-next
    116          void updateListEleStatus(LinkList L, int i, int initLeftSec) {
   \                     updateListEleStatus:
   \   000000   74F6         MOV     A,#-0xa
   \   000002   12....       LCALL   ?BANKED_ENTER_XDATA
   \   000005                ; Saved register size: 10
   \   000005                ; Auto size: 0
   \   000005   740A         MOV     A,#0xa
   \   000007   12....       LCALL   ?XSTACK_DISP0_8
   \   00000A   E0           MOVX    A,@DPTR
   \   00000B   FE           MOV     R6,A
    117            int j = 1;
   \   00000C   12....       LCALL   ?Subroutine6 & 0xFFFF
    118            LinkList p = L->next;
   \                     ??CrossCallReturnLabel_34:
   \   00000F   8007         SJMP    ??updateListEleStatus_0
    119            
    120            while(p && j<i)  //p不为空且还未到达i处
    121            {
    122              j++;
   \                     ??updateListEleStatus_1:
   \   000011   12....       LCALL   ?Subroutine10 & 0xFFFF
    123              p = p->next;
   \                     ??CrossCallReturnLabel_14:
   \   000014   12....       LCALL   ?Subroutine7 & 0xFFFF
    124            }
   \                     ??CrossCallReturnLabel_33:
   \   000017   E9           MOV     A,R1
   \                     ??updateListEleStatus_0:
   \   000018   12....       LCALL   ?Subroutine3 & 0xFFFF
   \                     ??CrossCallReturnLabel_2:
   \   00001B   6005         JZ      ??updateListEleStatus_2
   \   00001D   12....       LCALL   ?Subroutine11 & 0xFFFF
   \                     ??CrossCallReturnLabel_16:
   \   000020   40EF         JC      ??updateListEleStatus_1
    125            p->data.leftSecCount = initLeftSec;
   \                     ??updateListEleStatus_2:
   \   000022   E8           MOV     A,R0
   \   000023   240B         ADD     A,#0xb
   \   000025   F582         MOV     DPL,A
   \   000027   E9           MOV     A,R1
   \   000028   3400         ADDC    A,#0x0
   \   00002A   F583         MOV     DPH,A
   \   00002C   EE           MOV     A,R6
   \   00002D   F0           MOVX    @DPTR,A
    126          }
   \   00002E   02....       LJMP    ?Subroutine1 & 0xFFFF

   \                                 In  segment BANKED_CODE, align 1, keep-with-next
   \                     ?Subroutine11:
   \   000000   C3           CLR     C
   \   000001   E5..         MOV     A,?V0 + 0
   \   000003   9C           SUBB    A,R4
   \   000004   E5..         MOV     A,?V0 + 1
   \   000006   9D           SUBB    A,R5
   \   000007   A2D2         MOV     C,0xD0 /* PSW */.2
   \   000009   65D0         XRL     A,PSW
   \   00000B   33           RLC     A
   \   00000C   22           RET

   \                                 In  segment BANKED_CODE, align 1, keep-with-next
   \                     ?Subroutine6:
   \   000000   75..01       MOV     ?V0 + 0,#0x1
   \   000003                REQUIRE ??Subroutine15_0
   \   000003                ; // Fall through to label ??Subroutine15_0
    127          
    128          /**
    129            遍历终端列表，将所有节点剩余时间-1，如果小于0，则置0
    130          */

   \                                 In  segment BANKED_CODE, align 1, keep-with-next
    131          void  decAllListEPLeftSec(LinkList L) {
   \                     decAllListEPLeftSec:
   \   000000   74F5         MOV     A,#-0xb
   \   000002   12....       LCALL   ?BANKED_ENTER_XDATA
   \   000005                ; Saved register size: 11
   \   000005                ; Auto size: 11
   \   000005   74F5         MOV     A,#-0xb
   \   000007   12....       LCALL   ?ALLOC_XSTACK8
    132            uint8 sendBuf[11] = {'#', 0x44, 0, 0, 0, 0, 0, 0, 0, 0, '@'};
   \   00000A   85..82       MOV     DPL,?XSP + 0
   \   00000D   85..83       MOV     DPH,?XSP + 1
   \   000010   AC82         MOV     R4,DPL
   \   000012   AD83         MOV     R5,DPH
   \   000014   7583..       MOV     DPH,#(`?<Constant {35, 68, 0, 0, 0, 0, 0, 0, 0, 0, 64` >> 8) & 0xff
   \   000017   7582..       MOV     DPL,#`?<Constant {35, 68, 0, 0, 0, 0, 0, 0, 0, 0, 64` & 0xff
   \   00001A   740B         MOV     A,#0xb
   \   00001C   12....       LCALL   ?MOVE_LONG8_XDATA_XDATA
    133            LinkList p = L->next;
   \   00001F   12....       LCALL   ??Subroutine16_0 & 0xFFFF
   \                     ??CrossCallReturnLabel_40:
   \   000022   8058         SJMP    ??decAllListEPLeftSec_0
    134            int i = 0;
    135            while(p) {
    136              i++;
    137              p->data.leftSecCount -= 1;
   \                     ??decAllListEPLeftSec_1:
   \   000024   EE           MOV     A,R6
   \   000025   240B         ADD     A,#0xb
   \   000027   F582         MOV     DPL,A
   \   000029   EF           MOV     A,R7
   \   00002A   12....       LCALL   ?Subroutine9 & 0xFFFF
   \                     ??CrossCallReturnLabel_10:
   \   00002D   14           DEC     A
   \   00002E   F0           MOVX    @DPTR,A
    138              if(p->data.leftSecCount < 0) {
   \   00002F   C3           CLR     C
   \   000030   9400         SUBB    A,#0x0
   \   000032   A2D2         MOV     C,0xD0 /* PSW */.2
   \   000034   65D0         XRL     A,PSW
   \   000036   33           RLC     A
   \   000037   503E         JNC     ??decAllListEPLeftSec_2
    139                p->data.leftSecCount = 0;
   \   000039   E4           CLR     A
   \   00003A   F0           MOVX    @DPTR,A
    140                osal_memcpy(sendBuf+2, p->data.IEEEArr, 8); // 复制IEEE地址
   \   00003B                ; Setup parameters for call to function osal_memcpy
   \   00003B   8E82         MOV     DPL,R6
   \   00003D   8F83         MOV     DPH,R7
   \   00003F   A3           INC     DPTR
   \   000040   A3           INC     DPTR
   \   000041   A3           INC     DPTR
   \   000042   A982         MOV     R1,DPL
   \   000044   AA83         MOV     R2,DPH
   \   000046   89..         MOV     ?V0 + 0,R1
   \   000048   8A..         MOV     ?V0 + 1,R2
   \   00004A   F5..         MOV     ?V0 + 2,A
   \   00004C   78..         MOV     R0,#?V0 + 0
   \   00004E   12....       LCALL   ?PUSH_XSTACK_I_THREE
   \   000051   7C08         MOV     R4,#0x8
   \   000053   7D00         MOV     R5,#0x0
   \   000055   7405         MOV     A,#0x5
   \   000057   12....       LCALL   ?XSTACK_DISP0_8
   \   00005A   AA82         MOV     R2,DPL
   \   00005C   AB83         MOV     R3,DPH
   \   00005E   12....       LCALL   ??osal_memcpy?relay
   \   000061   7403         MOV     A,#0x3
   \   000063   12....       LCALL   ?DEALLOC_XSTACK8
    141                mySendByteBuf(sendBuf, 11); // 发送到上位机
   \   000066                ; Setup parameters for call to function mySendByteBuf
   \   000066   7C0B         MOV     R4,#0xb
   \   000068   7D00         MOV     R5,#0x0
   \   00006A   85..82       MOV     DPL,?XSP + 0
   \   00006D   85..83       MOV     DPH,?XSP + 1
   \   000070   AA82         MOV     R2,DPL
   \   000072   AB83         MOV     R3,DPH
   \   000074   12....       LCALL   ??mySendByteBuf?relay
    142                // myprintf("one end device offline\n");
    143              }
    144              // myprintf("i = %d, leftSecCount = %d\n", i, p->data.leftSecCount);
    145              p = p->next;
   \                     ??decAllListEPLeftSec_2:
   \   000077   EE           MOV     A,R6
   \   000078   12....       LCALL   ??Subroutine14_0 & 0xFFFF
    146            }
   \                     ??CrossCallReturnLabel_27:
   \   00007B   EF           MOV     A,R7
   \                     ??decAllListEPLeftSec_0:
   \   00007C   12....       LCALL   ?Subroutine4 & 0xFFFF
   \                     ??CrossCallReturnLabel_4:
   \   00007F   70A3         JNZ     ??decAllListEPLeftSec_1
    147          }
   \   000081   740B         MOV     A,#0xb
   \   000083   12....       LCALL   ?DEALLOC_XSTACK8
   \   000086   7F03         MOV     R7,#0x3
   \   000088   02....       LJMP    ?BANKED_LEAVE_XDATA
    148          
    149          /*════╗
    150          ║ 算法2.8║ 
    151          ╚════*/

   \                                 In  segment BANKED_CODE, align 1, keep-with-next
    152          Status GetElem_L(LinkList L, int i, LElemType_L *e)
   \                     GetElem_L:
    153          {
   \   000000   74F6         MOV     A,#-0xa
   \   000002   12....       LCALL   ?BANKED_ENTER_XDATA
   \   000005                ; Saved register size: 10
   \   000005                ; Auto size: 0
   \   000005   740A         MOV     A,#0xa
   \   000007   12....       LCALL   ?XSTACK_DISP0_8
   \   00000A   E0           MOVX    A,@DPTR
   \   00000B   FE           MOV     R6,A
   \   00000C   A3           INC     DPTR
   \   00000D   E0           MOVX    A,@DPTR
   \   00000E   FF           MOV     R7,A
    154          	int j = 1;
   \   00000F   12....       LCALL   ?Subroutine6 & 0xFFFF
    155          	LinkList p = L->next;
   \                     ??CrossCallReturnLabel_35:
   \   000012   800A         SJMP    ??GetElem_L_0
    156          	
    157          	while(p && j<i)						//p不为空且还未到达i处
    158          	{
    159          		j++;
   \                     ??GetElem_L_1:
   \   000014   12....       LCALL   ?Subroutine10 & 0xFFFF
    160          		p = p->next;
   \                     ??CrossCallReturnLabel_15:
   \   000017   E582         MOV     A,DPL
   \   000019   12....       LCALL   ??Subroutine14_0 & 0xFFFF
    161          	}
   \                     ??CrossCallReturnLabel_28:
   \   00001C   E583         MOV     A,DPH
   \                     ??GetElem_L_0:
   \   00001E   12....       LCALL   ?Subroutine9 & 0xFFFF
   \                     ??CrossCallReturnLabel_11:
   \   000021   F8           MOV     R0,A
   \   000022   A3           INC     DPTR
   \   000023   E0           MOVX    A,@DPTR
   \   000024   F9           MOV     R1,A
   \   000025   8882         MOV     DPL,R0
   \   000027   8983         MOV     DPH,R1
   \   000029   E582         MOV     A,DPL
   \   00002B   4583         ORL     A,DPH
   \   00002D   6013         JZ      ??GetElem_L_2
   \   00002F   12....       LCALL   ?Subroutine11 & 0xFFFF
   \                     ??CrossCallReturnLabel_17:
   \   000032   40E0         JC      ??GetElem_L_1
   \   000034   C3           CLR     C
   \   000035   EC           MOV     A,R4
   \   000036   95..         SUBB    A,?V0 + 0
   \   000038   ED           MOV     A,R5
   \   000039   95..         SUBB    A,?V0 + 1
   \   00003B   A2D2         MOV     C,0xD0 /* PSW */.2
   \   00003D   65D0         XRL     A,PSW
   \   00003F   33           RLC     A
   \   000040   5006         JNC     ??GetElem_L_3
    162          
    163          	if(!p || j>i)						//第i个元素不存在 
    164          		return ERROR;
   \                     ??GetElem_L_2:
   \   000042   7A00         MOV     R2,#0x0
   \   000044   7B00         MOV     R3,#0x0
   \   000046   800C         SJMP    ??GetElem_L_4
    165          
    166          	*e = p->data;
   \                     ??GetElem_L_3:
   \   000048   EE           MOV     A,R6
   \   000049   FC           MOV     R4,A
   \   00004A   EF           MOV     A,R7
   \   00004B   FD           MOV     R5,A
   \   00004C   740C         MOV     A,#0xc
   \   00004E   12....       LCALL   ?MOVE_LONG8_XDATA_XDATA
    167          
    168          	return OK; 
   \   000051   7A01         MOV     R2,#0x1
   \   000053   FB           MOV     R3,A
   \                     ??GetElem_L_4:
   \   000054   02....       LJMP    ?Subroutine1 & 0xFFFF
    169          }
    170          
    171          /**
    172            向列表中插入一个终端上传的地址
    173            参数：
    174              插入的位置
    175              短地址高字节
    176              短地址低字节
    177              ieee地址8个字节
    178              心跳检测的次数，协调器检查每次减1，终端上传每次加1
    179          */

   \                                 In  segment BANKED_CODE, align 1, keep-with-next
    180          Status ListInsert_L(LinkList L, int i, uint8 addrH, uint8 addrL, uint8* ieeeAddrP, int8 delaySec)
   \                     ListInsert_L:
    181          {
   \   000000   74EE         MOV     A,#-0x12
   \   000002   12....       LCALL   ?BANKED_ENTER_XDATA
   \   000005                ; Saved register size: 18
   \   000005                ; Auto size: 0
   \   000005   89..         MOV     ?V0 + 2,R1
   \   000007   7412         MOV     A,#0x12
   \   000009   12....       LCALL   ?XSTACK_DISP0_8
   \   00000C   E0           MOVX    A,@DPTR
   \   00000D   F5..         MOV     ?V0 + 6,A
   \   00000F   7413         MOV     A,#0x13
   \   000011   12....       LCALL   ?XSTACK_DISP0_8
   \   000014   E0           MOVX    A,@DPTR
   \   000015   F5..         MOV     ?V0 + 4,A
   \   000017   A3           INC     DPTR
   \   000018   E0           MOVX    A,@DPTR
   \   000019   F5..         MOV     ?V0 + 5,A
   \   00001B   7415         MOV     A,#0x15
   \   00001D   12....       LCALL   ?XSTACK_DISP0_8
   \   000020   E0           MOVX    A,@DPTR
   \   000021   F5..         MOV     ?V0 + 3,A
    182          	LinkList p, s;
    183          	int j = 0;	
   \   000023   7800         MOV     R0,#0x0
   \   000025   7900         MOV     R1,#0x0
    184          	p = L;
   \   000027   8A..         MOV     ?V0 + 0,R2
   \   000029   8B..         MOV     ?V0 + 1,R3
   \   00002B   8018         SJMP    ??ListInsert_L_0
    185          	
    186          	while(p && j<i-1)					//寻找第i-1个结点 
    187          	{
    188          		p = p->next;
   \                     ??ListInsert_L_1:
   \   00002D   E5..         MOV     A,?V0 + 0
   \   00002F   12....       LCALL   ??Subroutine14_0 & 0xFFFF
   \                     ??CrossCallReturnLabel_29:
   \   000032   E5..         MOV     A,?V0 + 1
   \   000034   12....       LCALL   ?Subroutine9 & 0xFFFF
   \                     ??CrossCallReturnLabel_12:
   \   000037   F5..         MOV     ?V0 + 0,A
   \   000039   A3           INC     DPTR
   \   00003A   E0           MOVX    A,@DPTR
   \   00003B   F5..         MOV     ?V0 + 1,A
    189          		++j;
   \   00003D   E8           MOV     A,R0
   \   00003E   2401         ADD     A,#0x1
   \   000040   08           INC     R0
   \   000041   E9           MOV     A,R1
   \   000042   3400         ADDC    A,#0x0
   \   000044   F9           MOV     R1,A
    190          	}	
   \                     ??ListInsert_L_0:
   \   000045   E5..         MOV     A,?V0 + 0
   \   000047   45..         ORL     A,?V0 + 1
   \   000049   6020         JZ      ??ListInsert_L_2
   \   00004B   EC           MOV     A,R4
   \   00004C   24FF         ADD     A,#-0x1
   \   00004E   FA           MOV     R2,A
   \   00004F   ED           MOV     A,R5
   \   000050   34FF         ADDC    A,#-0x1
   \   000052   FB           MOV     R3,A
   \   000053   C3           CLR     C
   \   000054   E8           MOV     A,R0
   \   000055   9A           SUBB    A,R2
   \   000056   E9           MOV     A,R1
   \   000057   9B           SUBB    A,R3
   \   000058   A2D2         MOV     C,0xD0 /* PSW */.2
   \   00005A   65D0         XRL     A,PSW
   \   00005C   33           RLC     A
   \   00005D   40CE         JC      ??ListInsert_L_1
   \   00005F   C3           CLR     C
   \   000060   EA           MOV     A,R2
   \   000061   98           SUBB    A,R0
   \   000062   EB           MOV     A,R3
   \   000063   99           SUBB    A,R1
   \   000064   A2D2         MOV     C,0xD0 /* PSW */.2
   \   000066   65D0         XRL     A,PSW
   \   000068   33           RLC     A
   \   000069   5004         JNC     ??ListInsert_L_3
    191          	if(!p || j>i-1)
    192                  {
    193          		return ERROR;
   \                     ??ListInsert_L_2:
   \   00006B   7A00         MOV     R2,#0x0
   \   00006D   807D         SJMP    ??ListInsert_L_4
    194                  }
    195          
    196          	s = (LinkList)osal_msg_allocate(sizeof(LNode));
   \                     ??ListInsert_L_3:
   \   00006F                ; Setup parameters for call to function osal_msg_allocate
   \   00006F   7A0E         MOV     R2,#0xe
   \   000071   7B00         MOV     R3,#0x0
   \   000073   12....       LCALL   ??osal_msg_allocate?relay
   \   000076   8A..         MOV     ?V0 + 8,R2
   \   000078   8B..         MOV     ?V0 + 9,R3
   \   00007A   AE..         MOV     R6,?V0 + 8
   \   00007C   AF..         MOV     R7,?V0 + 9
    197          	if(!s)
   \   00007E   EE           MOV     A,R6
   \   00007F   4F           ORL     A,R7
   \   000080   7006         JNZ     ??ListInsert_L_5
    198                  {
    199          		return (OVERFLOW);
   \   000082   7AFE         MOV     R2,#-0x2
   \   000084   7BFF         MOV     R3,#-0x1
   \   000086   8066         SJMP    ??ListInsert_L_6
    200                  }
    201          	s->data.shortAddrH = addrH;
   \                     ??ListInsert_L_5:
   \   000088   8E82         MOV     DPL,R6
   \   00008A   8F83         MOV     DPH,R7
   \   00008C   A3           INC     DPTR
   \   00008D   E5..         MOV     A,?V0 + 2
   \   00008F   F0           MOVX    @DPTR,A
    202                  s->data.shortAddrL = addrL;
   \   000090   8E82         MOV     DPL,R6
   \   000092   8F83         MOV     DPH,R7
   \   000094   A3           INC     DPTR
   \   000095   A3           INC     DPTR
   \   000096   E5..         MOV     A,?V0 + 6
   \   000098   F0           MOVX    @DPTR,A
    203                  osal_memcpy(s->data.IEEEArr, ieeeAddrP, 8);
   \   000099                ; Setup parameters for call to function osal_memcpy
   \   000099   75..00       MOV     ?V0 + 6,#0x0
   \   00009C   78..         MOV     R0,#?V0 + 4
   \   00009E   12....       LCALL   ?PUSH_XSTACK_I_THREE
   \   0000A1   7C08         MOV     R4,#0x8
   \   0000A3   7D00         MOV     R5,#0x0
   \   0000A5   EE           MOV     A,R6
   \   0000A6   2403         ADD     A,#0x3
   \   0000A8   0A           INC     R2
   \   0000A9   0A           INC     R2
   \   0000AA   0A           INC     R2
   \   0000AB   EF           MOV     A,R7
   \   0000AC   3400         ADDC    A,#0x0
   \   0000AE   FB           MOV     R3,A
   \   0000AF   12....       LCALL   ??osal_memcpy?relay
   \   0000B2   7403         MOV     A,#0x3
   \   0000B4   12....       LCALL   ?DEALLOC_XSTACK8
    204                  s->data.leftSecCount = delaySec;
   \   0000B7   EE           MOV     A,R6
   \   0000B8   240B         ADD     A,#0xb
   \   0000BA   F582         MOV     DPL,A
   \   0000BC   EF           MOV     A,R7
   \   0000BD   3400         ADDC    A,#0x0
   \   0000BF   F583         MOV     DPH,A
   \   0000C1   E5..         MOV     A,?V0 + 3
   \   0000C3   F0           MOVX    @DPTR,A
    205                  
    206          	s->next = p->next;
   \   0000C4   E5..         MOV     A,?V0 + 0
   \   0000C6   240C         ADD     A,#0xc
   \   0000C8   F8           MOV     R0,A
   \   0000C9   E5..         MOV     A,?V0 + 1
   \   0000CB   12....       LCALL   ?Subroutine8 & 0xFFFF
   \                     ??CrossCallReturnLabel_7:
   \   0000CE   E0           MOVX    A,@DPTR
   \   0000CF   FA           MOV     R2,A
   \   0000D0   A3           INC     DPTR
   \   0000D1   E0           MOVX    A,@DPTR
   \   0000D2   FB           MOV     R3,A
   \   0000D3   EE           MOV     A,R6
   \   0000D4   12....       LCALL   ??Subroutine14_0 & 0xFFFF
   \                     ??CrossCallReturnLabel_30:
   \   0000D7   EF           MOV     A,R7
   \   0000D8   3400         ADDC    A,#0x0
   \   0000DA   F583         MOV     DPH,A
   \   0000DC   EA           MOV     A,R2
   \   0000DD   F0           MOVX    @DPTR,A
   \   0000DE   A3           INC     DPTR
   \   0000DF   EB           MOV     A,R3
   \   0000E0   F0           MOVX    @DPTR,A
    207          	p->next = s;
   \   0000E1   8882         MOV     DPL,R0
   \   0000E3   8983         MOV     DPH,R1
   \   0000E5   EE           MOV     A,R6
   \   0000E6   F0           MOVX    @DPTR,A
   \   0000E7   A3           INC     DPTR
   \   0000E8   EF           MOV     A,R7
   \   0000E9   F0           MOVX    @DPTR,A
    208          
    209          	return OK;
   \   0000EA   7A01         MOV     R2,#0x1
   \                     ??ListInsert_L_4:
   \   0000EC   7B00         MOV     R3,#0x0
   \                     ??ListInsert_L_6:
   \   0000EE   7F0A         MOV     R7,#0xa
   \   0000F0   02....       LJMP    ?BANKED_LEAVE_XDATA
    210          }
    211          
    212          /*═════╗
    213          ║ 算法2.10 ║ 
    214          ╚═════*/

   \                                 In  segment BANKED_CODE, align 1, keep-with-next
    215          Status ListDelete_L(LinkList L, int i)
   \                     ListDelete_L:
    216          {
   \   000000   74F7         MOV     A,#-0x9
   \   000002   12....       LCALL   ?BANKED_ENTER_XDATA
   \   000005                ; Saved register size: 9
   \   000005                ; Auto size: 0
    217          	LinkList pre, p; 
    218          	int j;
    219          
    220          	pre = L;
    221          	j = 1; 
   \   000005   7801         MOV     R0,#0x1
   \   000007   7900         MOV     R1,#0x0
   \   000009   800F         SJMP    ??ListDelete_L_0
    222          
    223          	while(pre->next && j<i)			//寻找第i个结点，并令pre指向其前驱 
    224          	{
    225          		pre = pre->next;
   \                     ??ListDelete_L_1:
   \   00000B   12....       LCALL   ??Subroutine13_0 & 0xFFFF
   \                     ??CrossCallReturnLabel_19:
   \   00000E   FA           MOV     R2,A
   \   00000F   A3           INC     DPTR
   \   000010   E0           MOVX    A,@DPTR
   \   000011   FB           MOV     R3,A
    226          		++j;
   \   000012   E8           MOV     A,R0
   \   000013   2401         ADD     A,#0x1
   \   000015   08           INC     R0
   \   000016   E9           MOV     A,R1
   \   000017   3400         ADDC    A,#0x0
   \   000019   F9           MOV     R1,A
    227          	}
   \                     ??ListDelete_L_0:
   \   00001A   12....       LCALL   ??Subroutine16_0 & 0xFFFF
   \                     ??CrossCallReturnLabel_41:
   \   00001D   12....       LCALL   ?Subroutine4 & 0xFFFF
   \                     ??CrossCallReturnLabel_5:
   \   000020   600C         JZ      ??ListDelete_L_2
   \   000022   C3           CLR     C
   \   000023   E8           MOV     A,R0
   \   000024   9C           SUBB    A,R4
   \   000025   E9           MOV     A,R1
   \   000026   9D           SUBB    A,R5
   \   000027   A2D2         MOV     C,0xD0 /* PSW */.2
   \   000029   65D0         XRL     A,PSW
   \   00002B   33           RLC     A
   \   00002C   40DD         JC      ??ListDelete_L_1
    228          	
    229          	if(!pre->next || j>i)			//删除位置不合理
   \                     ??ListDelete_L_2:
   \   00002E   EE           MOV     A,R6
   \   00002F   4F           ORL     A,R7
   \   000030   600C         JZ      ??ListDelete_L_3
   \   000032   C3           CLR     C
   \   000033   EC           MOV     A,R4
   \   000034   98           SUBB    A,R0
   \   000035   ED           MOV     A,R5
   \   000036   99           SUBB    A,R1
   \   000037   A2D2         MOV     C,0xD0 /* PSW */.2
   \   000039   65D0         XRL     A,PSW
   \   00003B   33           RLC     A
   \   00003C   5004         JNC     ??ListDelete_L_4
    230          		return ERROR;
   \                     ??ListDelete_L_3:
   \   00003E   7A00         MOV     R2,#0x0
   \   000040   801D         SJMP    ??ListDelete_L_5
    231          
    232          	p = pre->next;
   \                     ??ListDelete_L_4:
   \   000042   EA           MOV     A,R2
   \   000043   240C         ADD     A,#0xc
   \   000045   F8           MOV     R0,A
   \   000046   EB           MOV     A,R3
   \   000047   12....       LCALL   ?Subroutine8 & 0xFFFF
   \                     ??CrossCallReturnLabel_8:
   \   00004A   12....       LCALL   ?Subroutine5 & 0xFFFF
    233          	pre->next = p->next;
   \                     ??CrossCallReturnLabel_18:
   \   00004D   FC           MOV     R4,A
   \   00004E   A3           INC     DPTR
   \   00004F   E0           MOVX    A,@DPTR
   \   000050   FD           MOV     R5,A
   \   000051   8882         MOV     DPL,R0
   \   000053   8983         MOV     DPH,R1
   \   000055   EC           MOV     A,R4
   \   000056   F0           MOVX    @DPTR,A
   \   000057   A3           INC     DPTR
   \   000058   ED           MOV     A,R5
   \   000059   F0           MOVX    @DPTR,A
    234          	osal_msg_deallocate((uint8 *)p);
   \   00005A                ; Setup parameters for call to function osal_msg_deallocate
   \   00005A   12....       LCALL   ??osal_msg_deallocate?relay
    235          
    236          	return OK; 
   \   00005D   7A01         MOV     R2,#0x1
   \                     ??ListDelete_L_5:
   \   00005F   7B00         MOV     R3,#0x0
   \   000061   02....       LJMP    ?Subroutine0 & 0xFFFF
    237          }

   \                                 In  segment BANK_RELAYS, align 1
   \                     ??findEndDeviceShortAddrByMachineid?relay:
   \   000000   12....       LCALL   ?BDISPATCH
   \   000003   ......       DC24    findEndDeviceShortAddrByMachineid

   \                                 In  segment BANK_RELAYS, align 1
   \                     ??InitList_L?relay:
   \   000000   12....       LCALL   ?BDISPATCH
   \   000003   ......       DC24    InitList_L

   \                                 In  segment BANK_RELAYS, align 1
   \                     ??DestroyList_L?relay:
   \   000000   12....       LCALL   ?BDISPATCH
   \   000003   ......       DC24    DestroyList_L

   \                                 In  segment BANK_RELAYS, align 1
   \                     ??ListLength_L?relay:
   \   000000   12....       LCALL   ?BDISPATCH
   \   000003   ......       DC24    ListLength_L

   \                                 In  segment BANK_RELAYS, align 1
   \                     ??checkEPIsInListByIEEE?relay:
   \   000000   12....       LCALL   ?BDISPATCH
   \   000003   ......       DC24    checkEPIsInListByIEEE

   \                                 In  segment BANK_RELAYS, align 1
   \                     ??checkEPIsInListByMachineId?relay:
   \   000000   12....       LCALL   ?BDISPATCH
   \   000003   ......       DC24    checkEPIsInListByMachineId

   \                                 In  segment BANK_RELAYS, align 1
   \                     ??updateListEleStatus?relay:
   \   000000   12....       LCALL   ?BDISPATCH
   \   000003   ......       DC24    updateListEleStatus

   \                                 In  segment BANK_RELAYS, align 1
   \                     ??decAllListEPLeftSec?relay:
   \   000000   12....       LCALL   ?BDISPATCH
   \   000003   ......       DC24    decAllListEPLeftSec

   \                                 In  segment BANK_RELAYS, align 1
   \                     ??GetElem_L?relay:
   \   000000   12....       LCALL   ?BDISPATCH
   \   000003   ......       DC24    GetElem_L

   \                                 In  segment BANK_RELAYS, align 1
   \                     ??ListInsert_L?relay:
   \   000000   12....       LCALL   ?BDISPATCH
   \   000003   ......       DC24    ListInsert_L

   \                                 In  segment BANK_RELAYS, align 1
   \                     ??ListDelete_L?relay:
   \   000000   12....       LCALL   ?BDISPATCH
   \   000003   ......       DC24    ListDelete_L

   \                                 In  segment XDATA_ROM_C, align 1
   \                     `?<Constant {35, 68, 0, 0, 0, 0, 0, 0, 0, 0, 64`:
   \   000000   23           DB 35
   \   000001   44           DB 68
   \   000002   00           DB 0
   \   000003   00           DB 0
   \   000004   00           DB 0
   \   000005   00           DB 0
   \   000006   00           DB 0
   \   000007   00           DB 0
   \   000008   00           DB 0
   \   000009   00           DB 0
   \   00000A   40           DB 64
    238          
    239          
    240          #endif 

   Maximum stack usage in bytes:

     Function                       ISTACK PSTACK XSTACK
     --------                       ------ ------ ------
     DestroyList_L                      0      0     10
       -> osal_msg_deallocate           0      0     20
     GetElem_L                          0      0     12
     InitList_L                         0      0      9
       -> osal_msg_allocate             0      0     18
     ListDelete_L                       0      0      9
       -> osal_msg_deallocate           0      0     18
     ListInsert_L                       1      0     25
       -> osal_msg_allocate             0      0     36
       -> osal_memcpy                   0      0     42
     ListLength_L                       2      0      0
     checkEPIsInListByIEEE              0      0     18
       -> osal_memcmp                   0      0     36
     checkEPIsInListByMachineId         2      0      0
     decAllListEPLeftSec                2      0     25
       -> osal_memcpy                   0      0     50
       -> mySendByteBuf                 0      0     44
     findEndDeviceShortAddrByMachineid
                                        1      0      9
     updateListEleStatus                1      0     12


   Segment part sizes:

     Function/Label                                 Bytes
     --------------                                 -----
     findEndDeviceShortAddrByMachineid
                                                      58
     ?Subroutine0                                      5
     ?Subroutine3                                     10
     ?Subroutine12                                     6
     ?Subroutine7                                      1
     ??Subroutine14_0                                  5
     ??Subroutine16_0                                  7
     InitList_L                                       66
     ?Subroutine8                                      8
     DestroyList_L                                    55
     ?Subroutine1                                      5
     ?Subroutine5                                      5
     ??Subroutine13_0                                 10
     ListLength_L                                     38
     ?Subroutine2                                      7
     checkEPIsInListByIEEE                            89
     ?Subroutine10                                    13
     ?Subroutine4                                     10
     ??Subroutine15_0                                  3
     checkEPIsInListByMachineId                       62
     ?Subroutine9                                      4
     updateListEleStatus                              49
     ?Subroutine11                                    13
     ?Subroutine6                                      3
     decAllListEPLeftSec                             139
     GetElem_L                                        87
     ListInsert_L                                    243
     ListDelete_L                                    100
     ??findEndDeviceShortAddrByMachineid?relay         6
     ??InitList_L?relay                                6
     ??DestroyList_L?relay                             6
     ??ListLength_L?relay                              6
     ??checkEPIsInListByIEEE?relay                     6
     ??checkEPIsInListByMachineId?relay                6
     ??updateListEleStatus?relay                       6
     ??decAllListEPLeftSec?relay                       6
     ??GetElem_L?relay                                 6
     ??ListInsert_L?relay                              6
     ??ListDelete_L?relay                              6
     ?<Constant {35, 68, 0, 0, 0, 0, 0, 0, 0, 0, 64   11

 
 1 101 bytes in segment BANKED_CODE
    66 bytes in segment BANK_RELAYS
    11 bytes in segment XDATA_ROM_C
 
 1 167 bytes of CODE  memory
    11 bytes of CONST memory

Errors: none
Warnings: none
