###############################################################################
#                                                                             #
# IAR C/C++ Compiler V8.10.3.10338/W32 for 8051         29/May/2019  11:56:35 #
# Copyright 2004-2011 IAR Systems AB.                                         #
#                                                                             #
#    Core               =  plain                                              #
#    Code model         =  banked                                             #
#    Data model         =  large                                              #
#    Calling convention =  xdata reentrant                                    #
#    Constant location  =  data_rom                                           #
#    Dptr setup         =  1,16                                               #
#    Source file        =  E:\Github_Repository\zigbee-net-tech\ZStack-2.5.1a #
#                          \Projects\zstack\Samples\SampleApp\Source\SinglyLi #
#                          nkedList.c                                         #
#    Command line       =  -f E:\Github_Repository\zigbee-net-tech\ZStack-2.5 #
#                          .1a\Projects\zstack\Samples\SampleApp\CC2530DB\..\ #
#                          ..\..\Tools\CC2530DB\f8wEndev.cfg (-DCPU32MHZ      #
#                          -DROOT=__near_func -DMAC_CFG_TX_DATA_MAX=3         #
#                          -DMAC_CFG_TX_MAX=6 -DMAC_CFG_RX_MAX=3) -f          #
#                          E:\Github_Repository\zigbee-net-tech\ZStack-2.5.1a #
#                          \Projects\zstack\Samples\SampleApp\CC2530DB\..\..\ #
#                          ..\Tools\CC2530DB\f8wConfig.cfg (-DZIGBEEPRO       #
#                          -DSECURE=0 -DZG_SECURE_DYNAMIC=0 -DREFLECTOR       #
#                          -DDEFAULT_CHANLIST=0x00000800                      #
#                          -DZDAPP_CONFIG_PAN_ID=0xFFF1                       #
#                          -DNWK_START_DELAY=100 -DEXTENDED_JOINING_RANDOM_MA #
#                          SK=0x007F -DBEACON_REQUEST_DELAY=100               #
#                          -DBEACON_REQ_DELAY_MASK=0x00FF                     #
#                          -DLINK_STATUS_JITTER_MASK=0x007F                   #
#                          -DROUTE_EXPIRY_TIME=30 -DAPSC_ACK_WAIT_DURATION_PO #
#                          LLED=3000 -DNWK_INDIRECT_MSG_TIMEOUT=7             #
#                          -DMAX_RREQ_ENTRIES=8 -DAPSC_MAX_FRAME_RETRIES=3    #
#                          -DNWK_MAX_DATA_RETRIES=2                           #
#                          -DMAX_POLL_FAILURE_RETRIES=2 -DMAX_BCAST=9         #
#                          -DAPS_MAX_GROUPS=16 -DMAX_RTG_ENTRIES=40           #
#                          -DNWK_MAX_BINDING_ENTRIES=4                        #
#                          -DMAX_BINDING_CLUSTER_IDS=4 "-DDEFAULT_KEY={0x01,  #
#                          0x03, 0x05, 0x07, 0x09, 0x0B, 0x0D, 0x0F, 0x00,    #
#                          0x02, 0x04, 0x06, 0x08, 0x0A, 0x0C, 0x0D}"         #
#                          -DMAC_MAX_FRAME_SIZE=116                           #
#                          -DZDNWKMGR_MIN_TRANSMISSIONS=20 "-DCONST=const     #
#                          __code" -DGENERIC=__generic                        #
#                          -DRFD_RCVC_ALWAYS_ON=FALSE -DPOLL_RATE=1000        #
#                          -DQUEUED_POLL_RATE=100 -DRESPONSE_POLL_RATE=100)   #
#                          -DREJOIN_POLL_RATE=440 E:\Github_Repository\zigbee #
#                          -net-tech\ZStack-2.5.1a\Projects\zstack\Samples\Sa #
#                          mpleApp\Source\SinglyLinkedList.c -D               #
#                          NWK_AUTO_POLL -D ZTOOL_P1 -D MT_TASK -D            #
#                          MT_SYS_FUNC -D MT_ZDO_FUNC -lC                     #
#                          E:\Github_Repository\zigbee-net-tech\ZStack-2.5.1a #
#                          \Projects\zstack\Samples\SampleApp\CC2530DB\EndDev #
#                          iceEB\List\ -lA E:\Github_Repository\zigbee-net-te #
#                          ch\ZStack-2.5.1a\Projects\zstack\Samples\SampleApp #
#                          \CC2530DB\EndDeviceEB\List\ --diag_suppress        #
#                          Pe001,Pa010 -o E:\Github_Repository\zigbee-net-tec #
#                          h\ZStack-2.5.1a\Projects\zstack\Samples\SampleApp\ #
#                          CC2530DB\EndDeviceEB\Obj\ -e --no_code_motion      #
#                          --debug --core=plain --dptr=16,1                   #
#                          --data_model=large --code_model=banked             #
#                          --calling_convention=xdata_reentrant               #
#                          --place_constants=data_rom --nr_virtual_regs 16    #
#                          -I E:\Github_Repository\zigbee-net-tech\ZStack-2.5 #
#                          .1a\Projects\zstack\Samples\SampleApp\CC2530DB\    #
#                          -I E:\Github_Repository\zigbee-net-tech\ZStack-2.5 #
#                          .1a\Projects\zstack\Samples\SampleApp\CC2530DB\..\ #
#                          Source\ -I E:\Github_Repository\zigbee-net-tech\ZS #
#                          tack-2.5.1a\Projects\zstack\Samples\SampleApp\CC25 #
#                          30DB\..\..\..\ZMain\TI2530DB\ -I                   #
#                          E:\Github_Repository\zigbee-net-tech\ZStack-2.5.1a #
#                          \Projects\zstack\Samples\SampleApp\CC2530DB\..\..\ #
#                          ..\..\..\Components\hal\include\ -I                #
#                          E:\Github_Repository\zigbee-net-tech\ZStack-2.5.1a #
#                          \Projects\zstack\Samples\SampleApp\CC2530DB\..\..\ #
#                          ..\..\..\Components\hal\target\CC2530EB\ -I        #
#                          E:\Github_Repository\zigbee-net-tech\ZStack-2.5.1a #
#                          \Projects\zstack\Samples\SampleApp\CC2530DB\..\..\ #
#                          ..\..\..\Components\mac\include\ -I                #
#                          E:\Github_Repository\zigbee-net-tech\ZStack-2.5.1a #
#                          \Projects\zstack\Samples\SampleApp\CC2530DB\..\..\ #
#                          ..\..\..\Components\mac\high_level\ -I             #
#                          E:\Github_Repository\zigbee-net-tech\ZStack-2.5.1a #
#                          \Projects\zstack\Samples\SampleApp\CC2530DB\..\..\ #
#                          ..\..\..\Components\mac\low_level\srf04\ -I        #
#                          E:\Github_Repository\zigbee-net-tech\ZStack-2.5.1a #
#                          \Projects\zstack\Samples\SampleApp\CC2530DB\..\..\ #
#                          ..\..\..\Components\mac\low_level\srf04\single_chi #
#                          p\ -I E:\Github_Repository\zigbee-net-tech\ZStack- #
#                          2.5.1a\Projects\zstack\Samples\SampleApp\CC2530DB\ #
#                          ..\..\..\..\..\Components\mt\ -I                   #
#                          E:\Github_Repository\zigbee-net-tech\ZStack-2.5.1a #
#                          \Projects\zstack\Samples\SampleApp\CC2530DB\..\..\ #
#                          ..\..\..\Components\osal\include\ -I               #
#                          E:\Github_Repository\zigbee-net-tech\ZStack-2.5.1a #
#                          \Projects\zstack\Samples\SampleApp\CC2530DB\..\..\ #
#                          ..\..\..\Components\services\saddr\ -I             #
#                          E:\Github_Repository\zigbee-net-tech\ZStack-2.5.1a #
#                          \Projects\zstack\Samples\SampleApp\CC2530DB\..\..\ #
#                          ..\..\..\Components\services\sdata\ -I             #
#                          E:\Github_Repository\zigbee-net-tech\ZStack-2.5.1a #
#                          \Projects\zstack\Samples\SampleApp\CC2530DB\..\..\ #
#                          ..\..\..\Components\stack\af\ -I                   #
#                          E:\Github_Repository\zigbee-net-tech\ZStack-2.5.1a #
#                          \Projects\zstack\Samples\SampleApp\CC2530DB\..\..\ #
#                          ..\..\..\Components\stack\nwk\ -I                  #
#                          E:\Github_Repository\zigbee-net-tech\ZStack-2.5.1a #
#                          \Projects\zstack\Samples\SampleApp\CC2530DB\..\..\ #
#                          ..\..\..\Components\stack\sapi\ -I                 #
#                          E:\Github_Repository\zigbee-net-tech\ZStack-2.5.1a #
#                          \Projects\zstack\Samples\SampleApp\CC2530DB\..\..\ #
#                          ..\..\..\Components\stack\sec\ -I                  #
#                          E:\Github_Repository\zigbee-net-tech\ZStack-2.5.1a #
#                          \Projects\zstack\Samples\SampleApp\CC2530DB\..\..\ #
#                          ..\..\..\Components\stack\sys\ -I                  #
#                          E:\Github_Repository\zigbee-net-tech\ZStack-2.5.1a #
#                          \Projects\zstack\Samples\SampleApp\CC2530DB\..\..\ #
#                          ..\..\..\Components\stack\zdo\ -I                  #
#                          E:\Github_Repository\zigbee-net-tech\ZStack-2.5.1a #
#                          \Projects\zstack\Samples\SampleApp\CC2530DB\..\..\ #
#                          ..\..\..\Components\zmac\ -I                       #
#                          E:\Github_Repository\zigbee-net-tech\ZStack-2.5.1a #
#                          \Projects\zstack\Samples\SampleApp\CC2530DB\..\..\ #
#                          ..\..\..\Components\zmac\f8w\ -Ohz                 #
#                          --require_prototypes                               #
#    List file          =  E:\Github_Repository\zigbee-net-tech\ZStack-2.5.1a #
#                          \Projects\zstack\Samples\SampleApp\CC2530DB\EndDev #
#                          iceEB\List\SinglyLinkedList.lst                    #
#    Object file        =  E:\Github_Repository\zigbee-net-tech\ZStack-2.5.1a #
#                          \Projects\zstack\Samples\SampleApp\CC2530DB\EndDev #
#                          iceEB\Obj\SinglyLinkedList.r51                     #
#                                                                             #
#                                                                             #
###############################################################################

E:\Github_Repository\zigbee-net-tech\ZStack-2.5.1a\Projects\zstack\Samples\SampleApp\Source\SinglyLinkedList.c
      1          /*******************************************
      2           *                                         *
      3           *                                         *
      4           * 文件名: SinglyLinkedList.c              *
      5           *                                         *
      6           *                                         *
      7           *******************************************/
      8          
      9          #ifndef SINGLYLINKEDLIST_C
     10          #define SINGLYLINKEDLIST_C
     11          
     12          #include "SinglyLinkedList.h" 		
     13          #include "OSAL.h"
     14          #include "MT_UART.h"
     15          

   \                                 In  segment BANKED_CODE, align 1, keep-with-next
     16          Status InitList_L(LinkList *L)                  // 初始化单链表L
   \                     InitList_L:
     17          {
   \   000000   74F7         MOV     A,#-0x9
   \   000002   12....       LCALL   ?BANKED_ENTER_XDATA
   \   000005                ; Saved register size: 9
   \   000005                ; Auto size: 0
   \   000005   EA           MOV     A,R2
   \   000006   FE           MOV     R6,A
   \   000007   EB           MOV     A,R3
   \   000008   FF           MOV     R7,A
     18          	(*L) = (LinkList)osal_msg_allocate(sizeof(LNode)); // osal_msg_deallocate
   \   000009                ; Setup parameters for call to function osal_msg_allocate
   \   000009   7A0D         MOV     R2,#0xd
   \   00000B   7B00         MOV     R3,#0x0
   \   00000D   12....       LCALL   ??osal_msg_allocate?relay
   \   000010   8E82         MOV     DPL,R6
   \   000012   8F83         MOV     DPH,R7
   \   000014   EA           MOV     A,R2
   \   000015   F0           MOVX    @DPTR,A
   \   000016   A3           INC     DPTR
   \   000017   EB           MOV     A,R3
   \   000018   F0           MOVX    @DPTR,A
     19          	if(!(*L)) {
   \   000019   8E82         MOV     DPL,R6
   \   00001B   8F83         MOV     DPH,R7
   \   00001D   E0           MOVX    A,@DPTR
   \   00001E   F8           MOV     R0,A
   \   00001F   A3           INC     DPTR
   \   000020   E0           MOVX    A,@DPTR
   \   000021   F9           MOV     R1,A
   \   000022   E8           MOV     A,R0
   \   000023   49           ORL     A,R1
   \   000024   7006         JNZ     ??InitList_L_0
     20                    return (OVERFLOW);
   \   000026   7AFE         MOV     R2,#-0x2
   \   000028   7BFF         MOV     R3,#-0x1
   \   00002A   8018         SJMP    ??InitList_L_1
     21                  }        
     22          	(*L)->next = NULL;	
   \                     ??InitList_L_0:
   \   00002C   8E82         MOV     DPL,R6
   \   00002E   8F83         MOV     DPH,R7
   \   000030   E0           MOVX    A,@DPTR
   \   000031   240B         ADD     A,#0xb
   \   000033   F8           MOV     R0,A
   \   000034   A3           INC     DPTR
   \   000035   E0           MOVX    A,@DPTR
   \   000036   3400         ADDC    A,#0x0
   \   000038   F9           MOV     R1,A
   \   000039   8882         MOV     DPL,R0
   \   00003B   8983         MOV     DPH,R1
   \   00003D   E4           CLR     A
   \   00003E   F0           MOVX    @DPTR,A
   \   00003F   A3           INC     DPTR
   \   000040   F0           MOVX    @DPTR,A
     23          
     24          	return OK;
   \   000041   7A01         MOV     R2,#0x1
   \   000043   FB           MOV     R3,A
   \                     ??InitList_L_1:
   \   000044                REQUIRE ?Subroutine0
   \   000044                ; // Fall through to label ?Subroutine0
     25          }

   \                                 In  segment BANKED_CODE, align 1, keep-with-next
   \                     ?Subroutine0:
   \   000000   7F01         MOV     R7,#0x1
   \   000002   02....       LJMP    ?BANKED_LEAVE_XDATA
     26          

   \                                 In  segment BANKED_CODE, align 1, keep-with-next
     27          void DestroyList_L(LinkList *L)			//销毁所有结点 
   \                     DestroyList_L:
     28          {
   \   000000   74F6         MOV     A,#-0xa
   \   000002   12....       LCALL   ?BANKED_ENTER_XDATA
   \   000005                ; Saved register size: 10
   \   000005                ; Auto size: 0
   \   000005   8A..         MOV     ?V0 + 0,R2
   \   000007   8B..         MOV     ?V0 + 1,R3
     29          	LinkList p = *L;	
   \   000009   8A82         MOV     DPL,R2
   \   00000B   8B83         MOV     DPH,R3
   \   00000D   E0           MOVX    A,@DPTR
   \   00000E   FE           MOV     R6,A
   \   00000F   A3           INC     DPTR
   \   000010   E0           MOVX    A,@DPTR
   \   000011   FF           MOV     R7,A
   \   000012   8020         SJMP    ??DestroyList_L_0
     30          
     31          	while(p)
     32          	{
     33          		p = (*L)->next;
   \                     ??DestroyList_L_1:
   \   000014   85..82       MOV     DPL,?V0 + 0
   \   000017   85..83       MOV     DPH,?V0 + 1
   \   00001A   E0           MOVX    A,@DPTR
   \   00001B   FA           MOV     R2,A
   \   00001C   A3           INC     DPTR
   \   00001D   E0           MOVX    A,@DPTR
   \   00001E   FB           MOV     R3,A
   \   00001F   12....       LCALL   ?Subroutine3 & 0xFFFF
     34          		osal_msg_deallocate((uint8*)*L);
   \                     ??CrossCallReturnLabel_0:
   \   000022                ; Setup parameters for call to function osal_msg_deallocate
   \   000022   12....       LCALL   ??osal_msg_deallocate?relay
     35          		(*L) = p;
   \   000025   EE           MOV     A,R6
   \   000026   F8           MOV     R0,A
   \   000027   EF           MOV     A,R7
   \   000028   F9           MOV     R1,A
   \   000029   85..82       MOV     DPL,?V0 + 0
   \   00002C   85..83       MOV     DPH,?V0 + 1
   \   00002F   E8           MOV     A,R0
   \   000030   F0           MOVX    @DPTR,A
   \   000031   A3           INC     DPTR
   \   000032   E9           MOV     A,R1
   \   000033   F0           MOVX    @DPTR,A
     36          	}
   \                     ??DestroyList_L_0:
   \   000034   EE           MOV     A,R6
   \   000035   4F           ORL     A,R7
   \   000036   70DC         JNZ     ??DestroyList_L_1
     37          }
   \   000038                REQUIRE ?Subroutine1
   \   000038                ; // Fall through to label ?Subroutine1

   \                                 In  segment BANKED_CODE, align 1, keep-with-next
   \                     ?Subroutine1:
   \   000000   7F02         MOV     R7,#0x2
   \   000002   02....       LJMP    ?BANKED_LEAVE_XDATA

   \                                 In  segment BANKED_CODE, align 1, keep-with-next
   \                     ?Subroutine3:
   \   000000   12....       LCALL   ?Subroutine13 & 0xFFFF
   \                     ??CrossCallReturnLabel_37:
   \   000003   EB           MOV     A,R3
   \   000004   12....       LCALL   ?Subroutine12 & 0xFFFF
   \                     ??CrossCallReturnLabel_18:
   \   000007   22           RET

   \                                 In  segment BANKED_CODE, align 1, keep-with-next
   \                     ?Subroutine13:
   \   000000   EA           MOV     A,R2
   \   000001                REQUIRE ??Subroutine19_0
   \   000001                ; // Fall through to label ??Subroutine19_0

   \                                 In  segment BANKED_CODE, align 1, keep-with-next
   \                     ??Subroutine19_0:
   \   000000   240B         ADD     A,#0xb
   \   000002   F582         MOV     DPL,A
   \   000004   22           RET

   \                                 In  segment BANKED_CODE, align 1, keep-with-next
   \                     ?Subroutine12:
   \   000000   12....       LCALL   ?Subroutine16 & 0xFFFF
   \                     ??CrossCallReturnLabel_26:
   \   000003   FE           MOV     R6,A
   \   000004   A3           INC     DPTR
   \   000005   E0           MOVX    A,@DPTR
   \   000006   FF           MOV     R7,A
   \   000007   22           RET

   \                                 In  segment BANKED_CODE, align 1, keep-with-next
   \                     ?Subroutine16:
   \   000000   3400         ADDC    A,#0x0
   \   000002   F583         MOV     DPH,A
   \   000004   E0           MOVX    A,@DPTR
   \   000005   22           RET
     38          

   \                                 In  segment BANKED_CODE, align 1, keep-with-next
     39          int ListLength_L(LinkList L)
   \                     ListLength_L:
     40          {
   \   000000   C082         PUSH    DPL
   \   000002   C083         PUSH    DPH
   \   000004                ; Saved register size: 2
   \   000004                ; Auto size: 0
     41          	LinkList p;
     42          	int i = 0;
   \   000004   7C00         MOV     R4,#0x0
   \   000006   7D00         MOV     R5,#0x0
     43          	
     44          	if(L)
   \   000008   EA           MOV     A,R2
   \   000009   4B           ORL     A,R3
   \   00000A   6019         JZ      ??ListLength_L_0
     45          	{
     46                    i = 0;
     47                    p = L->next;
   \   00000C   12....       LCALL   ??Subroutine18_0 & 0xFFFF
   \                     ??CrossCallReturnLabel_31:
   \   00000F   800D         SJMP    ??ListLength_L_1
     48                    while(p)
     49                    {
     50                      i++;
   \                     ??ListLength_L_2:
   \   000011   EC           MOV     A,R4
   \   000012   2401         ADD     A,#0x1
   \   000014   0C           INC     R4
   \   000015   ED           MOV     A,R5
   \   000016   3400         ADDC    A,#0x0
   \   000018   FD           MOV     R5,A
     51                      p = p->next;
   \   000019   E8           MOV     A,R0
   \   00001A   12....       LCALL   ??Subroutine19_0 & 0xFFFF
     52                    }		
   \                     ??CrossCallReturnLabel_32:
   \   00001D   E9           MOV     A,R1
   \                     ??ListLength_L_1:
   \   00001E   12....       LCALL   ?Subroutine15 & 0xFFFF
   \                     ??CrossCallReturnLabel_22:
   \   000021   E8           MOV     A,R0
   \   000022   49           ORL     A,R1
   \   000023   70EC         JNZ     ??ListLength_L_2
     53          	}
     54          	
     55          	return i;
   \                     ??ListLength_L_0:
   \   000025   EC           MOV     A,R4
   \   000026   FA           MOV     R2,A
   \   000027   ED           MOV     A,R5
   \   000028   FB           MOV     R3,A
   \   000029   D083         POP     DPH
   \   00002B   D082         POP     DPL
   \   00002D   02....       LJMP    ?BRET
     56          }

   \                                 In  segment BANKED_CODE, align 1, keep-with-next
   \                     ??Subroutine18_0:
   \   000000   12....       LCALL   ?Subroutine13 & 0xFFFF
   \                     ??CrossCallReturnLabel_39:
   \   000003   EB           MOV     A,R3
   \   000004   22           RET

   \                                 In  segment BANKED_CODE, align 1, keep-with-next
   \                     ?Subroutine15:
   \   000000   12....       LCALL   ?Subroutine16 & 0xFFFF
   \                     ??CrossCallReturnLabel_27:
   \   000003   F8           MOV     R0,A
   \   000004   A3           INC     DPTR
   \   000005   E0           MOVX    A,@DPTR
   \   000006   F9           MOV     R1,A
   \   000007   22           RET
     57          
     58          /**
     59            检查某个IEEE地址终端是否在列表中，如果已经在列表中返回位置
     60          */

   \                                 In  segment BANKED_CODE, align 1, keep-with-next
     61          int checkEPInList(LinkList L, uint8* ieeeAddrP) {
   \                     checkEPInList:
   \   000000   74F1         MOV     A,#-0xf
   \   000002   12....       LCALL   ?BANKED_ENTER_XDATA
   \   000005                ; Saved register size: 15
   \   000005                ; Auto size: 0
   \   000005   8C..         MOV     ?V0 + 2,R4
   \   000007   8D..         MOV     ?V0 + 3,R5
     62            int i = 0;
   \   000009   75..00       MOV     ?V0 + 0,#0x0
   \   00000C   12....       LCALL   ??Subroutine17_0 & 0xFFFF
     63            LinkList p = L->next;
   \                     ??CrossCallReturnLabel_30:
   \   00000F   8005         SJMP    ??checkEPInList_0
     64            while(p) {
     65              i++;
     66              if(osal_memcmp(p->data.IEEEArr, ieeeAddrP, 8) == TRUE) {
     67                return i;
     68              }
     69              p = p->next;
   \                     ??checkEPInList_1:
   \   000011   EE           MOV     A,R6
   \   000012   12....       LCALL   ??Subroutine19_0 & 0xFFFF
   \                     ??CrossCallReturnLabel_33:
   \   000015   EF           MOV     A,R7
   \                     ??checkEPInList_0:
   \   000016   12....       LCALL   ?Subroutine12 & 0xFFFF
   \                     ??CrossCallReturnLabel_17:
   \   000019   EE           MOV     A,R6
   \   00001A   4F           ORL     A,R7
   \   00001B   6034         JZ      ??checkEPInList_2
   \   00001D   12....       LCALL   ?Subroutine10 & 0xFFFF
   \                     ??CrossCallReturnLabel_13:
   \   000020                ; Setup parameters for call to function osal_memcmp
   \   000020   85....       MOV     ?V0 + 4,?V0 + 2
   \   000023   85....       MOV     ?V0 + 5,?V0 + 3
   \   000026   75..00       MOV     ?V0 + 6,#0x0
   \   000029   78..         MOV     R0,#?V0 + 4
   \   00002B   12....       LCALL   ?PUSH_XSTACK_I_THREE
   \   00002E   7C08         MOV     R4,#0x8
   \   000030   7D00         MOV     R5,#0x0
   \   000032   8E82         MOV     DPL,R6
   \   000034   8F83         MOV     DPH,R7
   \   000036   A3           INC     DPTR
   \   000037   A3           INC     DPTR
   \   000038   A982         MOV     R1,DPL
   \   00003A   AA83         MOV     R2,DPH
   \   00003C   7B00         MOV     R3,#0x0
   \   00003E   12....       LCALL   ??osal_memcmp?relay
   \   000041   7403         MOV     A,#0x3
   \   000043   12....       LCALL   ?DEALLOC_XSTACK8
   \   000046   E9           MOV     A,R1
   \   000047   6401         XRL     A,#0x1
   \   000049   70C6         JNZ     ??checkEPInList_1
   \   00004B   AA..         MOV     R2,?V0 + 0
   \   00004D   AB..         MOV     R3,?V0 + 1
   \   00004F   8004         SJMP    ??checkEPInList_3
     70            }
     71            
     72            return -1;
   \                     ??checkEPInList_2:
   \   000051   7AFF         MOV     R2,#-0x1
   \   000053   7BFF         MOV     R3,#-0x1
   \                     ??checkEPInList_3:
   \   000055                REQUIRE ?Subroutine2
   \   000055                ; // Fall through to label ?Subroutine2
     73          }

   \                                 In  segment BANKED_CODE, align 1, keep-with-next
   \                     ?Subroutine2:
   \   000000   7F07         MOV     R7,#0x7
   \   000002   02....       LJMP    ?BANKED_LEAVE_XDATA

   \                                 In  segment BANKED_CODE, align 1, keep-with-next
   \                     ??Subroutine17_0:
   \   000000   75..00       MOV     ?V0 + 1,#0x0
   \   000003                REQUIRE ??Subroutine18_0
   \   000003                ; // Fall through to label ??Subroutine18_0

   \                                 In  segment BANKED_CODE, align 1, keep-with-next
   \                     ?Subroutine10:
   \   000000   12....       LCALL   ?Subroutine14 & 0xFFFF
   \                     ??CrossCallReturnLabel_21:
   \   000003   22           RET

   \                                 In  segment BANKED_CODE, align 1, keep-with-next
   \                     ?Subroutine14:
   \   000000   E5..         MOV     A,?V0 + 0
   \   000002   2401         ADD     A,#0x1
   \   000004   F5..         MOV     ?V0 + 0,A
   \   000006   E5..         MOV     A,?V0 + 1
   \   000008   3400         ADDC    A,#0x0
   \   00000A   F5..         MOV     ?V0 + 1,A
   \   00000C   22           RET
     74          
     75          /**
     76            更新指定位置元素的时间状态值
     77          */

   \                                 In  segment BANKED_CODE, align 1, keep-with-next
     78          void updateListEleStatus(LinkList L, int i, int initLeftSec) {
   \                     updateListEleStatus:
   \   000000   74F6         MOV     A,#-0xa
   \   000002   12....       LCALL   ?BANKED_ENTER_XDATA
   \   000005                ; Saved register size: 10
   \   000005                ; Auto size: 0
   \   000005   740A         MOV     A,#0xa
   \   000007   12....       LCALL   ?XSTACK_DISP0_8
   \   00000A   E0           MOVX    A,@DPTR
   \   00000B   FE           MOV     R6,A
     79            int j = 1;
   \   00000C   12....       LCALL   ?Subroutine7 & 0xFFFF
     80            LinkList p = L->next;
   \                     ??CrossCallReturnLabel_28:
   \   00000F   8003         SJMP    ??CrossCallReturnLabel_9
     81            
     82            while(p && j<i)  //p不为空且还未到达i处
     83            {
     84              j++;
   \                     ??updateListEleStatus_0:
   \   000011   12....       LCALL   ?Subroutine8 & 0xFFFF
     85              p = p->next;
     86            }
   \                     ??CrossCallReturnLabel_9:
   \   000014   12....       LCALL   ?Subroutine5 & 0xFFFF
   \                     ??CrossCallReturnLabel_5:
   \   000017   6005         JZ      ??updateListEleStatus_1
   \   000019   12....       LCALL   ?Subroutine11 & 0xFFFF
   \                     ??CrossCallReturnLabel_15:
   \   00001C   40F3         JC      ??updateListEleStatus_0
     87            p->data.leftSecCount = initLeftSec;
   \                     ??updateListEleStatus_1:
   \   00001E   EE           MOV     A,R6
   \   00001F   A3           INC     DPTR
   \   000020   A3           INC     DPTR
   \   000021   A3           INC     DPTR
   \   000022   A3           INC     DPTR
   \   000023   A3           INC     DPTR
   \   000024   A3           INC     DPTR
   \   000025   A3           INC     DPTR
   \   000026   A3           INC     DPTR
   \   000027   A3           INC     DPTR
   \   000028   A3           INC     DPTR
   \   000029   F0           MOVX    @DPTR,A
     88          }
   \   00002A   02....       LJMP    ?Subroutine1 & 0xFFFF

   \                                 In  segment BANKED_CODE, align 1, keep-with-next
   \                     ?Subroutine7:
   \   000000   75..01       MOV     ?V0 + 0,#0x1
   \   000003                REQUIRE ??Subroutine17_0
   \   000003                ; // Fall through to label ??Subroutine17_0

   \                                 In  segment BANKED_CODE, align 1, keep-with-next
   \                     ?Subroutine11:
   \   000000   C3           CLR     C
   \   000001   E5..         MOV     A,?V0 + 0
   \   000003   9C           SUBB    A,R4
   \   000004   E5..         MOV     A,?V0 + 1
   \   000006   9D           SUBB    A,R5
   \   000007   A2D2         MOV     C,0xD0 /* PSW */.2
   \   000009   65D0         XRL     A,PSW
   \   00000B   33           RLC     A
   \   00000C   22           RET

   \                                 In  segment BANKED_CODE, align 1, keep-with-next
   \                     ?Subroutine8:
   \   000000   12....       LCALL   ?Subroutine14 & 0xFFFF
   \                     ??CrossCallReturnLabel_20:
   \   000003   E582         MOV     A,DPL
   \   000005   12....       LCALL   ??Subroutine19_0 & 0xFFFF
   \                     ??CrossCallReturnLabel_36:
   \   000008   E583         MOV     A,DPH
   \   00000A   22           RET

   \                                 In  segment BANKED_CODE, align 1, keep-with-next
   \                     ?Subroutine5:
   \   000000   12....       LCALL   ?Subroutine15 & 0xFFFF
   \                     ??CrossCallReturnLabel_23:
   \   000003   8882         MOV     DPL,R0
   \   000005   8983         MOV     DPH,R1
   \   000007   E582         MOV     A,DPL
   \   000009   4583         ORL     A,DPH
   \   00000B   22           RET
     89          
     90          /**
     91            遍历终端列表，将所有节点剩余时间-1，如果小于0，则置0
     92          */

   \                                 In  segment BANKED_CODE, align 1, keep-with-next
     93          void  decAllListEPLeftSec(LinkList L) {
   \                     decAllListEPLeftSec:
   \   000000   74F1         MOV     A,#-0xf
   \   000002   12....       LCALL   ?BANKED_ENTER_XDATA
   \   000005                ; Saved register size: 15
   \   000005                ; Auto size: 11
   \   000005   74F5         MOV     A,#-0xb
   \   000007   12....       LCALL   ?ALLOC_XSTACK8
     94            uint8 sendBuf[11] = {'#', 0x44, 0, 0, 0, 0, 0, 0, 0, 0, '@'};
   \   00000A   85..82       MOV     DPL,?XSP + 0
   \   00000D   85..83       MOV     DPH,?XSP + 1
   \   000010   AC82         MOV     R4,DPL
   \   000012   AD83         MOV     R5,DPH
   \   000014   7583..       MOV     DPH,#(`?<Constant {35, 68, 0, 0, 0, 0, 0, 0, 0, 0, 64` >> 8) & 0xff
   \   000017   7582..       MOV     DPL,#`?<Constant {35, 68, 0, 0, 0, 0, 0, 0, 0, 0, 64` & 0xff
   \   00001A   740B         MOV     A,#0xb
   \   00001C   12....       LCALL   ?MOVE_LONG8_XDATA_XDATA
     95            LinkList p = L->next;
   \   00001F   12....       LCALL   ?Subroutine3 & 0xFFFF
     96            int i = 0;
   \                     ??CrossCallReturnLabel_1:
   \   000022   75..00       MOV     ?V0 + 0,#0x0
   \   000025   75..00       MOV     ?V0 + 1,#0x0
   \   000028   02....       LJMP    ??CrossCallReturnLabel_3 & 0xFFFF
     97            while(p) {
     98              i++;
   \                     ??decAllListEPLeftSec_0:
   \   00002B   12....       LCALL   ?Subroutine10 & 0xFFFF
     99              p->data.leftSecCount -= 1;
   \                     ??CrossCallReturnLabel_14:
   \   00002E   EE           MOV     A,R6
   \   00002F   240A         ADD     A,#0xa
   \   000031   F582         MOV     DPL,A
   \   000033   EF           MOV     A,R7
   \   000034   12....       LCALL   ?Subroutine16 & 0xFFFF
   \                     ??CrossCallReturnLabel_24:
   \   000037   14           DEC     A
   \   000038   F0           MOVX    @DPTR,A
    100              if(p->data.leftSecCount < 0) {
   \   000039   C3           CLR     C
   \   00003A   9400         SUBB    A,#0x0
   \   00003C   A2D2         MOV     C,0xD0 /* PSW */.2
   \   00003E   65D0         XRL     A,PSW
   \   000040   33           RLC     A
   \   000041   504B         JNC     ??decAllListEPLeftSec_1
    101                p->data.leftSecCount = 0;
   \   000043   8E82         MOV     DPL,R6
   \   000045   8F83         MOV     DPH,R7
   \   000047   A3           INC     DPTR
   \   000048   A3           INC     DPTR
   \   000049   A3           INC     DPTR
   \   00004A   A3           INC     DPTR
   \   00004B   A3           INC     DPTR
   \   00004C   A3           INC     DPTR
   \   00004D   A3           INC     DPTR
   \   00004E   A3           INC     DPTR
   \   00004F   A3           INC     DPTR
   \   000050   A3           INC     DPTR
   \   000051   E4           CLR     A
   \   000052   F0           MOVX    @DPTR,A
    102                osal_memcpy(sendBuf+2, p->data.IEEEArr, 8); // 复制IEEE地址
   \   000053                ; Setup parameters for call to function osal_memcpy
   \   000053   8E82         MOV     DPL,R6
   \   000055   8F83         MOV     DPH,R7
   \   000057   A3           INC     DPTR
   \   000058   A3           INC     DPTR
   \   000059   A982         MOV     R1,DPL
   \   00005B   AA83         MOV     R2,DPH
   \   00005D   89..         MOV     ?V0 + 4,R1
   \   00005F   8A..         MOV     ?V0 + 5,R2
   \   000061   F5..         MOV     ?V0 + 6,A
   \   000063   78..         MOV     R0,#?V0 + 4
   \   000065   12....       LCALL   ?PUSH_XSTACK_I_THREE
   \   000068   7C08         MOV     R4,#0x8
   \   00006A   7D00         MOV     R5,#0x0
   \   00006C   7405         MOV     A,#0x5
   \   00006E   12....       LCALL   ?XSTACK_DISP0_8
   \   000071   AA82         MOV     R2,DPL
   \   000073   AB83         MOV     R3,DPH
   \   000075   12....       LCALL   ??osal_memcpy?relay
   \   000078   7403         MOV     A,#0x3
   \   00007A   12....       LCALL   ?DEALLOC_XSTACK8
    103                mySendByteBuf(sendBuf, 11); // 发送到上位机
   \   00007D                ; Setup parameters for call to function mySendByteBuf
   \   00007D   7C0B         MOV     R4,#0xb
   \   00007F   7D00         MOV     R5,#0x0
   \   000081   85..82       MOV     DPL,?XSP + 0
   \   000084   85..83       MOV     DPH,?XSP + 1
   \   000087   AA82         MOV     R2,DPL
   \   000089   AB83         MOV     R3,DPH
   \   00008B   12....       LCALL   ??mySendByteBuf?relay
    104              }
    105              myprintf("i = %d, leftSecCount = %d\n", i, p->data.leftSecCount);
   \                     ??decAllListEPLeftSec_1:
   \   00008E                ; Setup parameters for call to function myprintf
   \   00008E   8E82         MOV     DPL,R6
   \   000090   8F83         MOV     DPH,R7
   \   000092   A3           INC     DPTR
   \   000093   A3           INC     DPTR
   \   000094   A3           INC     DPTR
   \   000095   A3           INC     DPTR
   \   000096   A3           INC     DPTR
   \   000097   A3           INC     DPTR
   \   000098   A3           INC     DPTR
   \   000099   A3           INC     DPTR
   \   00009A   A3           INC     DPTR
   \   00009B   A3           INC     DPTR
   \   00009C   E0           MOVX    A,@DPTR
   \   00009D   F5..         MOV     ?V0 + 2,A
   \   00009F   33           RLC     A
   \   0000A0   95E0         SUBB    A,0xE0 /* A   */
   \   0000A2   F5..         MOV     ?V0 + 3,A
   \   0000A4   78..         MOV     R0,#?V0 + 2
   \   0000A6   12....       LCALL   ?PUSH_XSTACK_I_TWO
   \   0000A9   78..         MOV     R0,#?V0 + 0
   \   0000AB   12....       LCALL   ?PUSH_XSTACK_I_TWO
   \   0000AE   7A..         MOV     R2,#`?<Constant "i = %d, leftSecCount ...">` & 0xff
   \   0000B0   7B..         MOV     R3,#(`?<Constant "i = %d, leftSecCount ...">` >> 8) & 0xff
   \   0000B2   12....       LCALL   ??myprintf?relay
   \   0000B5   7404         MOV     A,#0x4
   \   0000B7   12....       LCALL   ?DEALLOC_XSTACK8
    106              p = p->next;
   \   0000BA   12....       LCALL   ?Subroutine4 & 0xFFFF
    107            }
   \                     ??CrossCallReturnLabel_3:
   \   0000BD   EE           MOV     A,R6
   \   0000BE   4F           ORL     A,R7
   \   0000BF   6003         JZ      $+5
   \   0000C1   02....       LJMP    ??decAllListEPLeftSec_0 & 0xFFFF
    108          }
   \   0000C4   740B         MOV     A,#0xb
   \   0000C6   12....       LCALL   ?DEALLOC_XSTACK8
   \   0000C9   02....       LJMP    ?Subroutine2 & 0xFFFF

   \                                 In  segment BANKED_CODE, align 1, keep-with-next
   \                     ?Subroutine4:
   \   000000   EE           MOV     A,R6
   \   000001   12....       LCALL   ??Subroutine19_0 & 0xFFFF
   \                     ??CrossCallReturnLabel_35:
   \   000004   EF           MOV     A,R7
   \   000005   12....       LCALL   ?Subroutine12 & 0xFFFF
   \                     ??CrossCallReturnLabel_19:
   \   000008   22           RET
    109          
    110          /*════╗
    111          ║ 算法2.8║ 
    112          ╚════*/

   \                                 In  segment BANKED_CODE, align 1, keep-with-next
    113          Status GetElem_L(LinkList L, int i, LElemType_L *e)
   \                     GetElem_L:
    114          {
   \   000000   74F6         MOV     A,#-0xa
   \   000002   12....       LCALL   ?BANKED_ENTER_XDATA
   \   000005                ; Saved register size: 10
   \   000005                ; Auto size: 0
   \   000005   740A         MOV     A,#0xa
   \   000007   12....       LCALL   ?XSTACK_DISP0_8
   \   00000A   E0           MOVX    A,@DPTR
   \   00000B   FE           MOV     R6,A
   \   00000C   A3           INC     DPTR
   \   00000D   E0           MOVX    A,@DPTR
   \   00000E   FF           MOV     R7,A
    115          	int j = 1;
   \   00000F   12....       LCALL   ?Subroutine7 & 0xFFFF
    116          	LinkList p = L->next;
   \                     ??CrossCallReturnLabel_29:
   \   000012   8003         SJMP    ??CrossCallReturnLabel_10
    117          	
    118          	while(p && j<i)						//p不为空且还未到达i处
    119          	{
    120          		j++;
   \                     ??GetElem_L_0:
   \   000014   12....       LCALL   ?Subroutine8 & 0xFFFF
    121          		p = p->next;
    122          	}
   \                     ??CrossCallReturnLabel_10:
   \   000017   12....       LCALL   ?Subroutine5 & 0xFFFF
   \                     ??CrossCallReturnLabel_6:
   \   00001A   6013         JZ      ??GetElem_L_1
   \   00001C   12....       LCALL   ?Subroutine11 & 0xFFFF
   \                     ??CrossCallReturnLabel_16:
   \   00001F   40F3         JC      ??GetElem_L_0
   \   000021   C3           CLR     C
   \   000022   EC           MOV     A,R4
   \   000023   95..         SUBB    A,?V0 + 0
   \   000025   ED           MOV     A,R5
   \   000026   95..         SUBB    A,?V0 + 1
   \   000028   A2D2         MOV     C,0xD0 /* PSW */.2
   \   00002A   65D0         XRL     A,PSW
   \   00002C   33           RLC     A
   \   00002D   5006         JNC     ??GetElem_L_2
    123          
    124          	if(!p || j>i)						//第i个元素不存在 
    125          		return ERROR;
   \                     ??GetElem_L_1:
   \   00002F   7A00         MOV     R2,#0x0
   \   000031   7B00         MOV     R3,#0x0
   \   000033   800C         SJMP    ??GetElem_L_3
    126          
    127          	*e = p->data;
   \                     ??GetElem_L_2:
   \   000035   EE           MOV     A,R6
   \   000036   FC           MOV     R4,A
   \   000037   EF           MOV     A,R7
   \   000038   FD           MOV     R5,A
   \   000039   740B         MOV     A,#0xb
   \   00003B   12....       LCALL   ?MOVE_LONG8_XDATA_XDATA
    128          
    129          	return OK; 
   \   00003E   7A01         MOV     R2,#0x1
   \   000040   FB           MOV     R3,A
   \                     ??GetElem_L_3:
   \   000041   02....       LJMP    ?Subroutine1 & 0xFFFF
    130          }
    131          
    132          /**
    133            向列表中插入一个终端上传的地址
    134            参数：
    135              插入的位置
    136              短地址高字节
    137              短地址低字节
    138              ieee地址8个字节
    139              心跳检测的次数，协调器检查每次减1，终端上传每次加1
    140          */

   \                                 In  segment BANKED_CODE, align 1, keep-with-next
    141          Status ListInsert_L(LinkList L, int i, uint8 addrH, uint8 addrL, uint8* ieeeAddrP, int8 delaySec)
   \                     ListInsert_L:
    142          {
   \   000000   74EE         MOV     A,#-0x12
   \   000002   12....       LCALL   ?BANKED_ENTER_XDATA
   \   000005                ; Saved register size: 18
   \   000005                ; Auto size: 0
   \   000005   89..         MOV     ?V0 + 2,R1
   \   000007   7412         MOV     A,#0x12
   \   000009   12....       LCALL   ?XSTACK_DISP0_8
   \   00000C   E0           MOVX    A,@DPTR
   \   00000D   F5..         MOV     ?V0 + 6,A
   \   00000F   7413         MOV     A,#0x13
   \   000011   12....       LCALL   ?XSTACK_DISP0_8
   \   000014   E0           MOVX    A,@DPTR
   \   000015   F5..         MOV     ?V0 + 4,A
   \   000017   A3           INC     DPTR
   \   000018   E0           MOVX    A,@DPTR
   \   000019   F5..         MOV     ?V0 + 5,A
   \   00001B   7415         MOV     A,#0x15
   \   00001D   12....       LCALL   ?XSTACK_DISP0_8
   \   000020   E0           MOVX    A,@DPTR
   \   000021   F5..         MOV     ?V0 + 3,A
    143          	LinkList p, s;
    144          	int j = 0;	
   \   000023   7800         MOV     R0,#0x0
   \   000025   7900         MOV     R1,#0x0
    145          	p = L;
   \   000027   EA           MOV     A,R2
   \   000028   FE           MOV     R6,A
   \   000029   EB           MOV     A,R3
   \   00002A   FF           MOV     R7,A
   \   00002B   800B         SJMP    ??ListInsert_L_0
    146          	
    147          	while(p && j<i-1)					//寻找第i-1个结点 
    148          	{
    149          		p = p->next;
   \                     ??ListInsert_L_1:
   \   00002D   12....       LCALL   ?Subroutine4 & 0xFFFF
    150          		++j;
   \                     ??CrossCallReturnLabel_4:
   \   000030   E8           MOV     A,R0
   \   000031   2401         ADD     A,#0x1
   \   000033   08           INC     R0
   \   000034   E9           MOV     A,R1
   \   000035   3400         ADDC    A,#0x0
   \   000037   F9           MOV     R1,A
    151          	}	
   \                     ??ListInsert_L_0:
   \   000038   EE           MOV     A,R6
   \   000039   4F           ORL     A,R7
   \   00003A   6020         JZ      ??ListInsert_L_2
   \   00003C   EC           MOV     A,R4
   \   00003D   24FF         ADD     A,#-0x1
   \   00003F   FA           MOV     R2,A
   \   000040   ED           MOV     A,R5
   \   000041   34FF         ADDC    A,#-0x1
   \   000043   FB           MOV     R3,A
   \   000044   C3           CLR     C
   \   000045   E8           MOV     A,R0
   \   000046   9A           SUBB    A,R2
   \   000047   E9           MOV     A,R1
   \   000048   9B           SUBB    A,R3
   \   000049   A2D2         MOV     C,0xD0 /* PSW */.2
   \   00004B   65D0         XRL     A,PSW
   \   00004D   33           RLC     A
   \   00004E   40DD         JC      ??ListInsert_L_1
   \   000050   C3           CLR     C
   \   000051   EA           MOV     A,R2
   \   000052   98           SUBB    A,R0
   \   000053   EB           MOV     A,R3
   \   000054   99           SUBB    A,R1
   \   000055   A2D2         MOV     C,0xD0 /* PSW */.2
   \   000057   65D0         XRL     A,PSW
   \   000059   33           RLC     A
   \   00005A   5004         JNC     ??ListInsert_L_3
    152          	if(!p || j>i-1)
    153                  {
    154          		return ERROR;
   \                     ??ListInsert_L_2:
   \   00005C   7A00         MOV     R2,#0x0
   \   00005E   8076         SJMP    ??ListInsert_L_4
    155                  }
    156          
    157          	s = (LinkList)osal_msg_allocate(sizeof(LNode));
   \                     ??ListInsert_L_3:
   \   000060                ; Setup parameters for call to function osal_msg_allocate
   \   000060   7A0D         MOV     R2,#0xd
   \   000062   7B00         MOV     R3,#0x0
   \   000064   12....       LCALL   ??osal_msg_allocate?relay
   \   000067   8A..         MOV     ?V0 + 0,R2
   \   000069   8B..         MOV     ?V0 + 1,R3
    158          	if(!s)
   \   00006B   EA           MOV     A,R2
   \   00006C   45..         ORL     A,?V0 + 1
   \   00006E   7006         JNZ     ??ListInsert_L_5
    159                  {
    160          		return (OVERFLOW);
   \   000070   7AFE         MOV     R2,#-0x2
   \   000072   7BFF         MOV     R3,#-0x1
   \   000074   8062         SJMP    ??ListInsert_L_6
    161                  }
    162          	s->data.shortAddrH = addrH;
   \                     ??ListInsert_L_5:
   \   000076   8A82         MOV     DPL,R2
   \   000078   8B83         MOV     DPH,R3
   \   00007A   E5..         MOV     A,?V0 + 2
   \   00007C   F0           MOVX    @DPTR,A
    163                  s->data.shortAddrL = addrL;
   \   00007D   A3           INC     DPTR
   \   00007E   E5..         MOV     A,?V0 + 6
   \   000080   F0           MOVX    @DPTR,A
    164                  osal_memcpy(s->data.IEEEArr, ieeeAddrP, 8);
   \   000081                ; Setup parameters for call to function osal_memcpy
   \   000081   75..00       MOV     ?V0 + 6,#0x0
   \   000084   78..         MOV     R0,#?V0 + 4
   \   000086   12....       LCALL   ?PUSH_XSTACK_I_THREE
   \   000089   7C08         MOV     R4,#0x8
   \   00008B   7D00         MOV     R5,#0x0
   \   00008D   EA           MOV     A,R2
   \   00008E   2402         ADD     A,#0x2
   \   000090   0A           INC     R2
   \   000091   0A           INC     R2
   \   000092   EB           MOV     A,R3
   \   000093   3400         ADDC    A,#0x0
   \   000095   FB           MOV     R3,A
   \   000096   12....       LCALL   ??osal_memcpy?relay
   \   000099   7403         MOV     A,#0x3
   \   00009B   12....       LCALL   ?DEALLOC_XSTACK8
    165                  s->data.leftSecCount = delaySec;
   \   00009E   85..82       MOV     DPL,?V0 + 0
   \   0000A1   85..83       MOV     DPH,?V0 + 1
   \   0000A4   A3           INC     DPTR
   \   0000A5   A3           INC     DPTR
   \   0000A6   A3           INC     DPTR
   \   0000A7   A3           INC     DPTR
   \   0000A8   A3           INC     DPTR
   \   0000A9   A3           INC     DPTR
   \   0000AA   A3           INC     DPTR
   \   0000AB   A3           INC     DPTR
   \   0000AC   A3           INC     DPTR
   \   0000AD   A3           INC     DPTR
   \   0000AE   E5..         MOV     A,?V0 + 3
   \   0000B0   F0           MOVX    @DPTR,A
    166                  
    167          	s->next = p->next;
   \   0000B1   EE           MOV     A,R6
   \   0000B2   240B         ADD     A,#0xb
   \   0000B4   F8           MOV     R0,A
   \   0000B5   EF           MOV     A,R7
   \   0000B6   12....       LCALL   ?Subroutine9 & 0xFFFF
   \                     ??CrossCallReturnLabel_11:
   \   0000B9   E5..         MOV     A,?V0 + 0
   \   0000BB   12....       LCALL   ??Subroutine19_0 & 0xFFFF
   \                     ??CrossCallReturnLabel_34:
   \   0000BE   E5..         MOV     A,?V0 + 1
   \   0000C0   3400         ADDC    A,#0x0
   \   0000C2   F583         MOV     DPH,A
   \   0000C4   EA           MOV     A,R2
   \   0000C5   F0           MOVX    @DPTR,A
   \   0000C6   A3           INC     DPTR
   \   0000C7   EB           MOV     A,R3
   \   0000C8   F0           MOVX    @DPTR,A
    168          	p->next = s;
   \   0000C9   8882         MOV     DPL,R0
   \   0000CB   8983         MOV     DPH,R1
   \   0000CD   E5..         MOV     A,?V0 + 0
   \   0000CF   F0           MOVX    @DPTR,A
   \   0000D0   A3           INC     DPTR
   \   0000D1   E5..         MOV     A,?V0 + 1
   \   0000D3   F0           MOVX    @DPTR,A
    169          
    170          	return OK;
   \   0000D4   7A01         MOV     R2,#0x1
   \                     ??ListInsert_L_4:
   \   0000D6   7B00         MOV     R3,#0x0
   \                     ??ListInsert_L_6:
   \   0000D8   7F0A         MOV     R7,#0xa
   \   0000DA   02....       LJMP    ?BANKED_LEAVE_XDATA
    171          }

   \                                 In  segment BANKED_CODE, align 1, keep-with-next
   \                     ?Subroutine9:
   \   000000   3400         ADDC    A,#0x0
   \   000002   F9           MOV     R1,A
   \   000003   8882         MOV     DPL,R0
   \   000005   8983         MOV     DPH,R1
   \   000007   E0           MOVX    A,@DPTR
   \   000008   FA           MOV     R2,A
   \   000009   A3           INC     DPTR
   \   00000A   E0           MOVX    A,@DPTR
   \   00000B   FB           MOV     R3,A
   \   00000C   22           RET
    172          
    173          /*═════╗
    174          ║ 算法2.10 ║ 
    175          ╚═════*/

   \                                 In  segment BANKED_CODE, align 1, keep-with-next
    176          Status ListDelete_L(LinkList L, int i)
   \                     ListDelete_L:
    177          {
   \   000000   74F7         MOV     A,#-0x9
   \   000002   12....       LCALL   ?BANKED_ENTER_XDATA
   \   000005                ; Saved register size: 9
   \   000005                ; Auto size: 0
    178          	LinkList pre, p; 
    179          	int j;
    180          
    181          	pre = L;
    182          	j = 1; 
   \   000005   7801         MOV     R0,#0x1
   \   000007   7900         MOV     R1,#0x0
   \   000009   800F         SJMP    ??ListDelete_L_0
    183          
    184          	while(pre->next && j<i)			//寻找第i个结点，并令pre指向其前驱 
    185          	{
    186          		pre = pre->next;
   \                     ??ListDelete_L_1:
   \   00000B   12....       LCALL   ?Subroutine6 & 0xFFFF
   \                     ??CrossCallReturnLabel_7:
   \   00000E   FA           MOV     R2,A
   \   00000F   A3           INC     DPTR
   \   000010   E0           MOVX    A,@DPTR
   \   000011   FB           MOV     R3,A
    187          		++j;
   \   000012   E8           MOV     A,R0
   \   000013   2401         ADD     A,#0x1
   \   000015   08           INC     R0
   \   000016   E9           MOV     A,R1
   \   000017   3400         ADDC    A,#0x0
   \   000019   F9           MOV     R1,A
    188          	}
   \                     ??ListDelete_L_0:
   \   00001A   12....       LCALL   ?Subroutine3 & 0xFFFF
   \                     ??CrossCallReturnLabel_2:
   \   00001D   EE           MOV     A,R6
   \   00001E   4F           ORL     A,R7
   \   00001F   600C         JZ      ??ListDelete_L_2
   \   000021   C3           CLR     C
   \   000022   E8           MOV     A,R0
   \   000023   9C           SUBB    A,R4
   \   000024   E9           MOV     A,R1
   \   000025   9D           SUBB    A,R5
   \   000026   A2D2         MOV     C,0xD0 /* PSW */.2
   \   000028   65D0         XRL     A,PSW
   \   00002A   33           RLC     A
   \   00002B   40DE         JC      ??ListDelete_L_1
    189          	
    190          	if(!pre->next || j>i)			//删除位置不合理
   \                     ??ListDelete_L_2:
   \   00002D   EE           MOV     A,R6
   \   00002E   4F           ORL     A,R7
   \   00002F   600C         JZ      ??ListDelete_L_3
   \   000031   C3           CLR     C
   \   000032   EC           MOV     A,R4
   \   000033   98           SUBB    A,R0
   \   000034   ED           MOV     A,R5
   \   000035   99           SUBB    A,R1
   \   000036   A2D2         MOV     C,0xD0 /* PSW */.2
   \   000038   65D0         XRL     A,PSW
   \   00003A   33           RLC     A
   \   00003B   5004         JNC     ??ListDelete_L_4
    191          		return ERROR;
   \                     ??ListDelete_L_3:
   \   00003D   7A00         MOV     R2,#0x0
   \   00003F   801D         SJMP    ??ListDelete_L_5
    192          
    193          	p = pre->next;
   \                     ??ListDelete_L_4:
   \   000041   EA           MOV     A,R2
   \   000042   240B         ADD     A,#0xb
   \   000044   F8           MOV     R0,A
   \   000045   EB           MOV     A,R3
   \   000046   12....       LCALL   ?Subroutine9 & 0xFFFF
    194          	pre->next = p->next;
   \                     ??CrossCallReturnLabel_12:
   \   000049   12....       LCALL   ?Subroutine6 & 0xFFFF
   \                     ??CrossCallReturnLabel_8:
   \   00004C   FC           MOV     R4,A
   \   00004D   A3           INC     DPTR
   \   00004E   E0           MOVX    A,@DPTR
   \   00004F   FD           MOV     R5,A
   \   000050   8882         MOV     DPL,R0
   \   000052   8983         MOV     DPH,R1
   \   000054   EC           MOV     A,R4
   \   000055   F0           MOVX    @DPTR,A
   \   000056   A3           INC     DPTR
   \   000057   ED           MOV     A,R5
   \   000058   F0           MOVX    @DPTR,A
    195          	osal_msg_deallocate((uint8 *)p);
   \   000059                ; Setup parameters for call to function osal_msg_deallocate
   \   000059   12....       LCALL   ??osal_msg_deallocate?relay
    196          
    197          	return OK; 
   \   00005C   7A01         MOV     R2,#0x1
   \                     ??ListDelete_L_5:
   \   00005E   7B00         MOV     R3,#0x0
   \   000060   02....       LJMP    ?Subroutine0 & 0xFFFF
    198          }

   \                                 In  segment BANKED_CODE, align 1, keep-with-next
   \                     ?Subroutine6:
   \   000000   12....       LCALL   ?Subroutine13 & 0xFFFF
   \                     ??CrossCallReturnLabel_38:
   \   000003   EB           MOV     A,R3
   \   000004   12....       LCALL   ?Subroutine16 & 0xFFFF
   \                     ??CrossCallReturnLabel_25:
   \   000007   22           RET

   \                                 In  segment BANK_RELAYS, align 1
   \                     ??InitList_L?relay:
   \   000000   12....       LCALL   ?BDISPATCH
   \   000003   ......       DC24    InitList_L

   \                                 In  segment BANK_RELAYS, align 1
   \                     ??DestroyList_L?relay:
   \   000000   12....       LCALL   ?BDISPATCH
   \   000003   ......       DC24    DestroyList_L

   \                                 In  segment BANK_RELAYS, align 1
   \                     ??ListLength_L?relay:
   \   000000   12....       LCALL   ?BDISPATCH
   \   000003   ......       DC24    ListLength_L

   \                                 In  segment BANK_RELAYS, align 1
   \                     ??checkEPInList?relay:
   \   000000   12....       LCALL   ?BDISPATCH
   \   000003   ......       DC24    checkEPInList

   \                                 In  segment BANK_RELAYS, align 1
   \                     ??updateListEleStatus?relay:
   \   000000   12....       LCALL   ?BDISPATCH
   \   000003   ......       DC24    updateListEleStatus

   \                                 In  segment BANK_RELAYS, align 1
   \                     ??decAllListEPLeftSec?relay:
   \   000000   12....       LCALL   ?BDISPATCH
   \   000003   ......       DC24    decAllListEPLeftSec

   \                                 In  segment BANK_RELAYS, align 1
   \                     ??GetElem_L?relay:
   \   000000   12....       LCALL   ?BDISPATCH
   \   000003   ......       DC24    GetElem_L

   \                                 In  segment BANK_RELAYS, align 1
   \                     ??ListInsert_L?relay:
   \   000000   12....       LCALL   ?BDISPATCH
   \   000003   ......       DC24    ListInsert_L

   \                                 In  segment BANK_RELAYS, align 1
   \                     ??ListDelete_L?relay:
   \   000000   12....       LCALL   ?BDISPATCH
   \   000003   ......       DC24    ListDelete_L

   \                                 In  segment XDATA_ROM_C, align 1
   \                     `?<Constant {35, 68, 0, 0, 0, 0, 0, 0, 0, 0, 64`:
   \   000000   23           DB 35
   \   000001   44           DB 68
   \   000002   00           DB 0
   \   000003   00           DB 0
   \   000004   00           DB 0
   \   000005   00           DB 0
   \   000006   00           DB 0
   \   000007   00           DB 0
   \   000008   00           DB 0
   \   000009   00           DB 0
   \   00000A   40           DB 64

   \                                 In  segment XDATA_ROM_C, align 1
   \                     `?<Constant "i = %d, leftSecCount ...">`:
   \   000000   69203D20     DB "i = %d, leftSecCount = %d\012"
   \            25642C20
   \            6C656674
   \            53656343
   \            6F756E74
   \            203D2025
   \            640A00  
    199          
    200          
    201          #endif 

   Maximum stack usage in bytes:

     Function                 ISTACK PSTACK XSTACK
     --------                 ------ ------ ------
     DestroyList_L                0      0     10
       -> osal_msg_deallocate     0      0     20
     GetElem_L                    0      0     12
     InitList_L                   0      0      9
       -> osal_msg_allocate       0      0     18
     ListDelete_L                 0      0      9
       -> osal_msg_deallocate     0      0     18
     ListInsert_L                 1      0     25
       -> osal_msg_allocate       0      0     36
       -> osal_memcpy             0      0     42
     ListLength_L                 2      0      0
     checkEPInList                0      0     18
       -> osal_memcmp             0      0     36
     decAllListEPLeftSec          2      0     30
       -> osal_memcpy             0      0     58
       -> mySendByteBuf           0      0     52
       -> myprintf                0      0     60
     updateListEleStatus          1      0     12


   Segment part sizes:

     Function/Label                                 Bytes
     --------------                                 -----
     InitList_L                                       68
     ?Subroutine0                                      5
     DestroyList_L                                    56
     ?Subroutine1                                      5
     ?Subroutine3                                      8
     ?Subroutine13                                     1
     ??Subroutine19_0                                  5
     ?Subroutine12                                     8
     ?Subroutine16                                     6
     ListLength_L                                     48
     ??Subroutine18_0                                  5
     ?Subroutine15                                     8
     checkEPInList                                    85
     ?Subroutine2                                      5
     ??Subroutine17_0                                  3
     ?Subroutine10                                     4
     ?Subroutine14                                    13
     updateListEleStatus                              45
     ?Subroutine7                                      3
     ?Subroutine11                                    13
     ?Subroutine8                                     11
     ?Subroutine5                                     12
     decAllListEPLeftSec                             204
     ?Subroutine4                                      9
     GetElem_L                                        68
     ListInsert_L                                    221
     ?Subroutine9                                     13
     ListDelete_L                                     99
     ?Subroutine6                                      8
     ??InitList_L?relay                                6
     ??DestroyList_L?relay                             6
     ??ListLength_L?relay                              6
     ??checkEPInList?relay                             6
     ??updateListEleStatus?relay                       6
     ??decAllListEPLeftSec?relay                       6
     ??GetElem_L?relay                                 6
     ??ListInsert_L?relay                              6
     ??ListDelete_L?relay                              6
     ?<Constant {35, 68, 0, 0, 0, 0, 0, 0, 0, 0, 64   11
     ?<Constant "i = %d, leftSecCount ...">           27

 
 1 039 bytes in segment BANKED_CODE
    54 bytes in segment BANK_RELAYS
    38 bytes in segment XDATA_ROM_C
 
 1 093 bytes of CODE  memory
    38 bytes of CONST memory

Errors: none
Warnings: none
