###############################################################################
#                                                                             #
# IAR C/C++ Compiler V8.10.3.10338/W32 for 8051         17/Jun/2019  20:12:02 #
# Copyright 2004-2011 IAR Systems AB.                                         #
#                                                                             #
#    Core               =  plain                                              #
#    Code model         =  banked                                             #
#    Data model         =  large                                              #
#    Calling convention =  xdata reentrant                                    #
#    Constant location  =  data_rom                                           #
#    Dptr setup         =  1,16                                               #
#    Source file        =  E:\Github_Repository\zigbee-net-tech\ZStack-2.5.1a #
#                          \Projects\zstack\Samples\SampleApp\Source\SinglyLi #
#                          nkedList.c                                         #
#    Command line       =  -f E:\Github_Repository\zigbee-net-tech\ZStack-2.5 #
#                          .1a\Projects\zstack\Samples\SampleApp\CC2530DB\..\ #
#                          ..\..\Tools\CC2530DB\f8wCoord.cfg (-DCPU32MHZ      #
#                          -DROOT=__near_func -DMAC_CFG_APP_PENDING_QUEUE=TRU #
#                          E -DMAC_CFG_TX_DATA_MAX=5 -DMAC_CFG_TX_MAX=8       #
#                          -DMAC_CFG_RX_MAX=5 -DZDO_COORDINATOR -DRTR_NWK)    #
#                          -f E:\Github_Repository\zigbee-net-tech\ZStack-2.5 #
#                          .1a\Projects\zstack\Samples\SampleApp\CC2530DB\..\ #
#                          ..\..\Tools\CC2530DB\f8wConfig.cfg (-DZIGBEEPRO    #
#                          -DSECURE=0 -DZG_SECURE_DYNAMIC=0 -DREFLECTOR       #
#                          -DDEFAULT_CHANLIST=0x00000800                      #
#                          -DZDAPP_CONFIG_PAN_ID=0xFFF1                       #
#                          -DNWK_START_DELAY=100 -DEXTENDED_JOINING_RANDOM_MA #
#                          SK=0x007F -DBEACON_REQUEST_DELAY=100               #
#                          -DBEACON_REQ_DELAY_MASK=0x00FF                     #
#                          -DLINK_STATUS_JITTER_MASK=0x007F                   #
#                          -DROUTE_EXPIRY_TIME=30 -DAPSC_ACK_WAIT_DURATION_PO #
#                          LLED=3000 -DNWK_INDIRECT_MSG_TIMEOUT=7             #
#                          -DMAX_RREQ_ENTRIES=8 -DAPSC_MAX_FRAME_RETRIES=3    #
#                          -DNWK_MAX_DATA_RETRIES=2                           #
#                          -DMAX_POLL_FAILURE_RETRIES=2 -DMAX_BCAST=9         #
#                          -DAPS_MAX_GROUPS=16 -DMAX_RTG_ENTRIES=40           #
#                          -DNWK_MAX_BINDING_ENTRIES=4                        #
#                          -DMAX_BINDING_CLUSTER_IDS=4 "-DDEFAULT_KEY={0x01,  #
#                          0x03, 0x05, 0x07, 0x09, 0x0B, 0x0D, 0x0F, 0x00,    #
#                          0x02, 0x04, 0x06, 0x08, 0x0A, 0x0C, 0x0D}"         #
#                          -DMAC_MAX_FRAME_SIZE=116                           #
#                          -DZDNWKMGR_MIN_TRANSMISSIONS=20 "-DCONST=const     #
#                          __code" -DGENERIC=__generic                        #
#                          -DRFD_RCVC_ALWAYS_ON=FALSE -DPOLL_RATE=1000        #
#                          -DQUEUED_POLL_RATE=100 -DRESPONSE_POLL_RATE=100)   #
#                          -DREJOIN_POLL_RATE=440 E:\Github_Repository\zigbee #
#                          -net-tech\ZStack-2.5.1a\Projects\zstack\Samples\Sa #
#                          mpleApp\Source\SinglyLinkedList.c -D               #
#                          NWK_AUTO_POLL -D ZIGBEEPRO -D ZTOOL_P1 -D          #
#                          xMT_TASK -D xMT_SYS_FUNC -D xMT_ZDO_FUNC -lC       #
#                          E:\Github_Repository\zigbee-net-tech\ZStack-2.5.1a #
#                          \Projects\zstack\Samples\SampleApp\CC2530DB\Coordi #
#                          natorEB\List\ -lA E:\Github_Repository\zigbee-net- #
#                          tech\ZStack-2.5.1a\Projects\zstack\Samples\SampleA #
#                          pp\CC2530DB\CoordinatorEB\List\ --diag_suppress    #
#                          Pe001,Pa010 -o E:\Github_Repository\zigbee-net-tec #
#                          h\ZStack-2.5.1a\Projects\zstack\Samples\SampleApp\ #
#                          CC2530DB\CoordinatorEB\Obj\ -e --no_code_motion    #
#                          --debug --core=plain --dptr=16,1                   #
#                          --data_model=large --code_model=banked             #
#                          --calling_convention=xdata_reentrant               #
#                          --place_constants=data_rom --nr_virtual_regs 16    #
#                          -I E:\Github_Repository\zigbee-net-tech\ZStack-2.5 #
#                          .1a\Projects\zstack\Samples\SampleApp\CC2530DB\    #
#                          -I E:\Github_Repository\zigbee-net-tech\ZStack-2.5 #
#                          .1a\Projects\zstack\Samples\SampleApp\CC2530DB\..\ #
#                          Source\ -I E:\Github_Repository\zigbee-net-tech\ZS #
#                          tack-2.5.1a\Projects\zstack\Samples\SampleApp\CC25 #
#                          30DB\..\..\..\ZMain\TI2530DB\ -I                   #
#                          E:\Github_Repository\zigbee-net-tech\ZStack-2.5.1a #
#                          \Projects\zstack\Samples\SampleApp\CC2530DB\..\..\ #
#                          ..\..\..\Components\hal\include\ -I                #
#                          E:\Github_Repository\zigbee-net-tech\ZStack-2.5.1a #
#                          \Projects\zstack\Samples\SampleApp\CC2530DB\..\..\ #
#                          ..\..\..\Components\hal\target\CC2530EB\ -I        #
#                          E:\Github_Repository\zigbee-net-tech\ZStack-2.5.1a #
#                          \Projects\zstack\Samples\SampleApp\CC2530DB\..\..\ #
#                          ..\..\..\Components\mac\include\ -I                #
#                          E:\Github_Repository\zigbee-net-tech\ZStack-2.5.1a #
#                          \Projects\zstack\Samples\SampleApp\CC2530DB\..\..\ #
#                          ..\..\..\Components\mac\high_level\ -I             #
#                          E:\Github_Repository\zigbee-net-tech\ZStack-2.5.1a #
#                          \Projects\zstack\Samples\SampleApp\CC2530DB\..\..\ #
#                          ..\..\..\Components\mac\low_level\srf04\ -I        #
#                          E:\Github_Repository\zigbee-net-tech\ZStack-2.5.1a #
#                          \Projects\zstack\Samples\SampleApp\CC2530DB\..\..\ #
#                          ..\..\..\Components\mac\low_level\srf04\single_chi #
#                          p\ -I E:\Github_Repository\zigbee-net-tech\ZStack- #
#                          2.5.1a\Projects\zstack\Samples\SampleApp\CC2530DB\ #
#                          ..\..\..\..\..\Components\mt\ -I                   #
#                          E:\Github_Repository\zigbee-net-tech\ZStack-2.5.1a #
#                          \Projects\zstack\Samples\SampleApp\CC2530DB\..\..\ #
#                          ..\..\..\Components\osal\include\ -I               #
#                          E:\Github_Repository\zigbee-net-tech\ZStack-2.5.1a #
#                          \Projects\zstack\Samples\SampleApp\CC2530DB\..\..\ #
#                          ..\..\..\Components\services\saddr\ -I             #
#                          E:\Github_Repository\zigbee-net-tech\ZStack-2.5.1a #
#                          \Projects\zstack\Samples\SampleApp\CC2530DB\..\..\ #
#                          ..\..\..\Components\services\sdata\ -I             #
#                          E:\Github_Repository\zigbee-net-tech\ZStack-2.5.1a #
#                          \Projects\zstack\Samples\SampleApp\CC2530DB\..\..\ #
#                          ..\..\..\Components\stack\af\ -I                   #
#                          E:\Github_Repository\zigbee-net-tech\ZStack-2.5.1a #
#                          \Projects\zstack\Samples\SampleApp\CC2530DB\..\..\ #
#                          ..\..\..\Components\stack\nwk\ -I                  #
#                          E:\Github_Repository\zigbee-net-tech\ZStack-2.5.1a #
#                          \Projects\zstack\Samples\SampleApp\CC2530DB\..\..\ #
#                          ..\..\..\Components\stack\sapi\ -I                 #
#                          E:\Github_Repository\zigbee-net-tech\ZStack-2.5.1a #
#                          \Projects\zstack\Samples\SampleApp\CC2530DB\..\..\ #
#                          ..\..\..\Components\stack\sec\ -I                  #
#                          E:\Github_Repository\zigbee-net-tech\ZStack-2.5.1a #
#                          \Projects\zstack\Samples\SampleApp\CC2530DB\..\..\ #
#                          ..\..\..\Components\stack\sys\ -I                  #
#                          E:\Github_Repository\zigbee-net-tech\ZStack-2.5.1a #
#                          \Projects\zstack\Samples\SampleApp\CC2530DB\..\..\ #
#                          ..\..\..\Components\stack\zdo\ -I                  #
#                          E:\Github_Repository\zigbee-net-tech\ZStack-2.5.1a #
#                          \Projects\zstack\Samples\SampleApp\CC2530DB\..\..\ #
#                          ..\..\..\Components\zmac\ -I                       #
#                          E:\Github_Repository\zigbee-net-tech\ZStack-2.5.1a #
#                          \Projects\zstack\Samples\SampleApp\CC2530DB\..\..\ #
#                          ..\..\..\Components\zmac\f8w\ -Ohz                 #
#                          --require_prototypes                               #
#    List file          =  E:\Github_Repository\zigbee-net-tech\ZStack-2.5.1a #
#                          \Projects\zstack\Samples\SampleApp\CC2530DB\Coordi #
#                          natorEB\List\SinglyLinkedList.lst                  #
#    Object file        =  E:\Github_Repository\zigbee-net-tech\ZStack-2.5.1a #
#                          \Projects\zstack\Samples\SampleApp\CC2530DB\Coordi #
#                          natorEB\Obj\SinglyLinkedList.r51                   #
#                                                                             #
#                                                                             #
###############################################################################

E:\Github_Repository\zigbee-net-tech\ZStack-2.5.1a\Projects\zstack\Samples\SampleApp\Source\SinglyLinkedList.c
      1          /*******************************************
      2           *                                         *
      3           *                                         *
      4           * 文件名: SinglyLinkedList.c              *
      5           *                                         *
      6           *                                         *
      7           *******************************************/
      8          
      9          #ifndef SINGLYLINKEDLIST_C
     10          #define SINGLYLINKEDLIST_C
     11          
     12          #include "SinglyLinkedList.h" 		
     13          #include "OSAL.h"
     14          #include "MT_UART.h"
     15          

   \                                 In  segment BANKED_CODE, align 1, keep-with-next
     16          Status InitList_L(LinkList *L)                  // 初始化单链表L
   \                     InitList_L:
     17          {
   \   000000   74F7         MOV     A,#-0x9
   \   000002   12....       LCALL   ?BANKED_ENTER_XDATA
   \   000005                ; Saved register size: 9
   \   000005                ; Auto size: 0
   \   000005   EA           MOV     A,R2
   \   000006   FE           MOV     R6,A
   \   000007   EB           MOV     A,R3
   \   000008   FF           MOV     R7,A
     18          	(*L) = (LinkList)osal_msg_allocate(sizeof(LNode)); // osal_msg_deallocate
   \   000009                ; Setup parameters for call to function osal_msg_allocate
   \   000009   7A0D         MOV     R2,#0xd
   \   00000B   7B00         MOV     R3,#0x0
   \   00000D   12....       LCALL   ??osal_msg_allocate?relay
   \   000010   8E82         MOV     DPL,R6
   \   000012   8F83         MOV     DPH,R7
   \   000014   EA           MOV     A,R2
   \   000015   F0           MOVX    @DPTR,A
   \   000016   A3           INC     DPTR
   \   000017   EB           MOV     A,R3
   \   000018   F0           MOVX    @DPTR,A
     19          	if(!(*L)) {
   \   000019   8E82         MOV     DPL,R6
   \   00001B   8F83         MOV     DPH,R7
   \   00001D   E0           MOVX    A,@DPTR
   \   00001E   F8           MOV     R0,A
   \   00001F   A3           INC     DPTR
   \   000020   E0           MOVX    A,@DPTR
   \   000021   F9           MOV     R1,A
   \   000022   E8           MOV     A,R0
   \   000023   49           ORL     A,R1
   \   000024   7006         JNZ     ??InitList_L_0
     20                    return (OVERFLOW);
   \   000026   7AFE         MOV     R2,#-0x2
   \   000028   7BFF         MOV     R3,#-0x1
   \   00002A   8014         SJMP    ??InitList_L_1
     21                  }        
     22          	(*L)->next = NULL;	
   \                     ??InitList_L_0:
   \   00002C   8E82         MOV     DPL,R6
   \   00002E   8F83         MOV     DPH,R7
   \   000030   E0           MOVX    A,@DPTR
   \   000031   240B         ADD     A,#0xb
   \   000033   F8           MOV     R0,A
   \   000034   A3           INC     DPTR
   \   000035   E0           MOVX    A,@DPTR
   \   000036   12....       LCALL   ?Subroutine7 & 0xFFFF
   \                     ??CrossCallReturnLabel_7:
   \   000039   E4           CLR     A
   \   00003A   F0           MOVX    @DPTR,A
   \   00003B   A3           INC     DPTR
   \   00003C   F0           MOVX    @DPTR,A
     23          
     24          	return OK;
   \   00003D   7A01         MOV     R2,#0x1
   \   00003F   FB           MOV     R3,A
   \                     ??InitList_L_1:
   \   000040                REQUIRE ?Subroutine0
   \   000040                ; // Fall through to label ?Subroutine0
     25          }

   \                                 In  segment BANKED_CODE, align 1, keep-with-next
   \                     ?Subroutine0:
   \   000000   7F01         MOV     R7,#0x1
   \   000002   02....       LJMP    ?BANKED_LEAVE_XDATA

   \                                 In  segment BANKED_CODE, align 1, keep-with-next
   \                     ?Subroutine7:
   \   000000   3400         ADDC    A,#0x0
   \   000002   F9           MOV     R1,A
   \   000003   8882         MOV     DPL,R0
   \   000005   8983         MOV     DPH,R1
   \   000007   22           RET
     26          

   \                                 In  segment BANKED_CODE, align 1, keep-with-next
     27          void DestroyList_L(LinkList *L)			//销毁所有结点 
   \                     DestroyList_L:
     28          {
   \   000000   74F6         MOV     A,#-0xa
   \   000002   12....       LCALL   ?BANKED_ENTER_XDATA
   \   000005                ; Saved register size: 10
   \   000005                ; Auto size: 0
   \   000005   8A..         MOV     ?V0 + 0,R2
   \   000007   8B..         MOV     ?V0 + 1,R3
     29          	LinkList p = *L;	
   \   000009   8A82         MOV     DPL,R2
   \   00000B   8B83         MOV     DPH,R3
   \   00000D   E0           MOVX    A,@DPTR
   \   00000E   FE           MOV     R6,A
   \   00000F   A3           INC     DPTR
   \   000010   E0           MOVX    A,@DPTR
   \   000011   FF           MOV     R7,A
   \   000012   801F         SJMP    ??DestroyList_L_0
     30          
     31          	while(p)
     32          	{
     33          		p = (*L)->next;
   \                     ??DestroyList_L_1:
   \   000014   85..82       MOV     DPL,?V0 + 0
   \   000017   85..83       MOV     DPH,?V0 + 1
   \   00001A   12....       LCALL   ?Subroutine2 & 0xFFFF
   \                     ??CrossCallReturnLabel_1:
   \   00001D   FE           MOV     R6,A
   \   00001E   A3           INC     DPTR
   \   00001F   E0           MOVX    A,@DPTR
   \   000020   FF           MOV     R7,A
     34          		osal_msg_deallocate((uint8*)*L);
   \   000021                ; Setup parameters for call to function osal_msg_deallocate
   \   000021   12....       LCALL   ??osal_msg_deallocate?relay
     35          		(*L) = p;
   \   000024   EE           MOV     A,R6
   \   000025   F8           MOV     R0,A
   \   000026   EF           MOV     A,R7
   \   000027   F9           MOV     R1,A
   \   000028   85..82       MOV     DPL,?V0 + 0
   \   00002B   85..83       MOV     DPH,?V0 + 1
   \   00002E   E8           MOV     A,R0
   \   00002F   F0           MOVX    @DPTR,A
   \   000030   A3           INC     DPTR
   \   000031   E9           MOV     A,R1
   \   000032   F0           MOVX    @DPTR,A
     36          	}
   \                     ??DestroyList_L_0:
   \   000033   EE           MOV     A,R6
   \   000034   4F           ORL     A,R7
   \   000035   70DD         JNZ     ??DestroyList_L_1
     37          }
   \   000037                REQUIRE ?Subroutine1
   \   000037                ; // Fall through to label ?Subroutine1

   \                                 In  segment BANKED_CODE, align 1, keep-with-next
   \                     ?Subroutine1:
   \   000000   7F02         MOV     R7,#0x2
   \   000002   02....       LJMP    ?BANKED_LEAVE_XDATA

   \                                 In  segment BANKED_CODE, align 1, keep-with-next
   \                     ?Subroutine2:
   \   000000   E0           MOVX    A,@DPTR
   \   000001   FA           MOV     R2,A
   \   000002   A3           INC     DPTR
   \   000003   E0           MOVX    A,@DPTR
   \   000004   FB           MOV     R3,A
   \   000005   EA           MOV     A,R2
   \   000006   240B         ADD     A,#0xb
   \   000008   F582         MOV     DPL,A
   \   00000A   EB           MOV     A,R3
   \   00000B   12....       LCALL   ?Subroutine11 & 0xFFFF
   \                     ??CrossCallReturnLabel_25:
   \   00000E   22           RET

   \                                 In  segment BANKED_CODE, align 1, keep-with-next
   \                     ?Subroutine11:
   \   000000   3400         ADDC    A,#0x0
   \   000002   F583         MOV     DPH,A
   \   000004   E0           MOVX    A,@DPTR
   \   000005   22           RET
     38          

   \                                 In  segment BANKED_CODE, align 1, keep-with-next
     39          int ListLength_L(LinkList L)
   \                     ListLength_L:
     40          {
   \   000000   C082         PUSH    DPL
   \   000002   C083         PUSH    DPH
   \   000004                ; Saved register size: 2
   \   000004                ; Auto size: 0
     41          	LinkList p;
     42          	int i = 0;
   \   000004   7C00         MOV     R4,#0x0
   \   000006   7D00         MOV     R5,#0x0
     43          	
     44          	if(L)
   \   000008   EA           MOV     A,R2
   \   000009   4B           ORL     A,R3
   \   00000A   601D         JZ      ??ListLength_L_0
     45          	{
     46                    i = 0;
     47                    p = L->next;
   \   00000C   12....       LCALL   ??Subroutine13_0 & 0xFFFF
   \                     ??CrossCallReturnLabel_17:
   \   00000F   800D         SJMP    ??ListLength_L_1
     48                    while(p)
     49                    {
     50                      i++;
   \                     ??ListLength_L_2:
   \   000011   EC           MOV     A,R4
   \   000012   2401         ADD     A,#0x1
   \   000014   0C           INC     R4
   \   000015   ED           MOV     A,R5
   \   000016   3400         ADDC    A,#0x0
   \   000018   FD           MOV     R5,A
     51                      p = p->next;
   \   000019   E8           MOV     A,R0
   \   00001A   12....       LCALL   ??Subroutine15_0 & 0xFFFF
     52                    }		
   \                     ??CrossCallReturnLabel_31:
   \   00001D   E9           MOV     A,R1
   \                     ??ListLength_L_1:
   \   00001E   12....       LCALL   ??Subroutine14_0 & 0xFFFF
   \                     ??CrossCallReturnLabel_21:
   \   000021   F8           MOV     R0,A
   \   000022   A3           INC     DPTR
   \   000023   E0           MOVX    A,@DPTR
   \   000024   F9           MOV     R1,A
   \   000025   E8           MOV     A,R0
   \   000026   49           ORL     A,R1
   \   000027   70E8         JNZ     ??ListLength_L_2
     53          	}
     54          	
     55          	return i;
   \                     ??ListLength_L_0:
   \   000029   EC           MOV     A,R4
   \   00002A   FA           MOV     R2,A
   \   00002B   ED           MOV     A,R5
   \   00002C   FB           MOV     R3,A
   \   00002D   D083         POP     DPH
   \   00002F   D082         POP     DPL
   \   000031   02....       LJMP    ?BRET
     56          }

   \                                 In  segment BANKED_CODE, align 1, keep-with-next
   \                     ??Subroutine13_0:
   \   000000   EA           MOV     A,R2
   \   000001   240B         ADD     A,#0xb
   \   000003   F582         MOV     DPL,A
   \   000005   EB           MOV     A,R3
   \   000006   22           RET

   \                                 In  segment BANKED_CODE, align 1, keep-with-next
   \                     ??Subroutine14_0:
   \   000000   12....       LCALL   ?Subroutine11 & 0xFFFF
   \                     ??CrossCallReturnLabel_28:
   \   000003   22           RET

   \                                 In  segment BANKED_CODE, align 1, keep-with-next
   \                     ??Subroutine15_0:
   \   000000   240B         ADD     A,#0xb
   \   000002   F582         MOV     DPL,A
   \   000004   22           RET
     57          
     58          /**
     59            检查某个IEEE地址终端是否在列表中，如果已经在列表中返回位置
     60          */

   \                                 In  segment BANKED_CODE, align 1, keep-with-next
     61          int checkEPInList(LinkList L, uint8* ieeeAddrP) {
   \                     checkEPInList:
   \   000000   74F1         MOV     A,#-0xf
   \   000002   12....       LCALL   ?BANKED_ENTER_XDATA
   \   000005                ; Saved register size: 15
   \   000005                ; Auto size: 0
   \   000005   8C..         MOV     ?V0 + 2,R4
   \   000007   8D..         MOV     ?V0 + 3,R5
     62            int i = 0;
   \   000009   75..00       MOV     ?V0 + 0,#0x0
   \   00000C   12....       LCALL   ??Subroutine12_0 & 0xFFFF
     63            LinkList p = L->next;
   \                     ??CrossCallReturnLabel_16:
   \   00000F   8005         SJMP    ??checkEPInList_0
     64            while(p) {
     65              i++;
     66              if(osal_memcmp(p->data.IEEEArr, ieeeAddrP, 8) == TRUE) {
     67                return i;
     68              }
     69              p = p->next;
   \                     ??checkEPInList_1:
   \   000011   EE           MOV     A,R6
   \   000012   12....       LCALL   ??Subroutine15_0 & 0xFFFF
   \                     ??CrossCallReturnLabel_32:
   \   000015   EF           MOV     A,R7
   \                     ??checkEPInList_0:
   \   000016   12....       LCALL   ?Subroutine4 & 0xFFFF
   \                     ??CrossCallReturnLabel_4:
   \   000019   6034         JZ      ??checkEPInList_2
   \   00001B   12....       LCALL   ?Subroutine10 & 0xFFFF
   \                     ??CrossCallReturnLabel_12:
   \   00001E                ; Setup parameters for call to function osal_memcmp
   \   00001E   85....       MOV     ?V0 + 4,?V0 + 2
   \   000021   85....       MOV     ?V0 + 5,?V0 + 3
   \   000024   75..00       MOV     ?V0 + 6,#0x0
   \   000027   78..         MOV     R0,#?V0 + 4
   \   000029   12....       LCALL   ?PUSH_XSTACK_I_THREE
   \   00002C   7C08         MOV     R4,#0x8
   \   00002E   7D00         MOV     R5,#0x0
   \   000030   8E82         MOV     DPL,R6
   \   000032   8F83         MOV     DPH,R7
   \   000034   A3           INC     DPTR
   \   000035   A3           INC     DPTR
   \   000036   A982         MOV     R1,DPL
   \   000038   AA83         MOV     R2,DPH
   \   00003A   7B00         MOV     R3,#0x0
   \   00003C   12....       LCALL   ??osal_memcmp?relay
   \   00003F   7403         MOV     A,#0x3
   \   000041   12....       LCALL   ?DEALLOC_XSTACK8
   \   000044   E9           MOV     A,R1
   \   000045   6401         XRL     A,#0x1
   \   000047   70C8         JNZ     ??checkEPInList_1
   \   000049   AA..         MOV     R2,?V0 + 0
   \   00004B   AB..         MOV     R3,?V0 + 1
   \   00004D   8004         SJMP    ??checkEPInList_3
     70            }
     71            
     72            return -1;
   \                     ??checkEPInList_2:
   \   00004F   7AFF         MOV     R2,#-0x1
   \   000051   7BFF         MOV     R3,#-0x1
   \                     ??checkEPInList_3:
   \   000053   7F07         MOV     R7,#0x7
   \   000055   02....       LJMP    ?BANKED_LEAVE_XDATA
     73          }

   \                                 In  segment BANKED_CODE, align 1, keep-with-next
   \                     ??Subroutine12_0:
   \   000000   75..00       MOV     ?V0 + 1,#0x0
   \   000003                REQUIRE ??Subroutine13_0
   \   000003                ; // Fall through to label ??Subroutine13_0

   \                                 In  segment BANKED_CODE, align 1, keep-with-next
   \                     ?Subroutine4:
   \   000000   12....       LCALL   ?Subroutine11 & 0xFFFF
   \                     ??CrossCallReturnLabel_27:
   \   000003   FE           MOV     R6,A
   \   000004   A3           INC     DPTR
   \   000005   E0           MOVX    A,@DPTR
   \   000006   FF           MOV     R7,A
   \   000007   EE           MOV     A,R6
   \   000008   4F           ORL     A,R7
   \   000009   22           RET

   \                                 In  segment BANKED_CODE, align 1, keep-with-next
   \                     ?Subroutine10:
   \   000000   E5..         MOV     A,?V0 + 0
   \   000002   2401         ADD     A,#0x1
   \   000004   F5..         MOV     ?V0 + 0,A
   \   000006   E5..         MOV     A,?V0 + 1
   \   000008   3400         ADDC    A,#0x0
   \   00000A   F5..         MOV     ?V0 + 1,A
   \   00000C   22           RET
     74          
     75          /**
     76            更新指定位置元素的时间状态值
     77          */

   \                                 In  segment BANKED_CODE, align 1, keep-with-next
   \                     ?Subroutine5:
   \   000000   75..01       MOV     ?V0 + 0,#0x1
   \   000003                REQUIRE ??Subroutine12_0
   \   000003                ; // Fall through to label ??Subroutine12_0

   \                                 In  segment BANKED_CODE, align 1, keep-with-next
     78          void updateListEleStatus(LinkList L, int i, int initLeftSec) {
   \                     updateListEleStatus:
   \   000000   74F6         MOV     A,#-0xa
   \   000002   12....       LCALL   ?BANKED_ENTER_XDATA
   \   000005                ; Saved register size: 10
   \   000005                ; Auto size: 0
   \   000005   740A         MOV     A,#0xa
   \   000007   12....       LCALL   ?XSTACK_DISP0_8
   \   00000A   E0           MOVX    A,@DPTR
   \   00000B   FE           MOV     R6,A
     79            int j = 1;
   \   00000C   12....       LCALL   ?Subroutine5 & 0xFFFF
     80            LinkList p = L->next;
   \                     ??CrossCallReturnLabel_14:
   \   00000F   8005         SJMP    ??updateListEleStatus_0
     81            
     82            while(p && j<i)  //p不为空且还未到达i处
     83            {
     84              j++;
   \                     ??updateListEleStatus_1:
   \   000011   12....       LCALL   ?Subroutine6 & 0xFFFF
     85              p = p->next;
     86            }
   \                     ??CrossCallReturnLabel_29:
   \   000014   E583         MOV     A,DPH
   \                     ??updateListEleStatus_0:
   \   000016   12....       LCALL   ?Subroutine3 & 0xFFFF
   \                     ??CrossCallReturnLabel_2:
   \   000019   6005         JZ      ??updateListEleStatus_2
   \   00001B   12....       LCALL   ?Subroutine9 & 0xFFFF
   \                     ??CrossCallReturnLabel_10:
   \   00001E   40F1         JC      ??updateListEleStatus_1
     87            p->data.leftSecCount = initLeftSec;
   \                     ??updateListEleStatus_2:
   \   000020   EE           MOV     A,R6
   \   000021   A3           INC     DPTR
   \   000022   A3           INC     DPTR
   \   000023   A3           INC     DPTR
   \   000024   A3           INC     DPTR
   \   000025   A3           INC     DPTR
   \   000026   A3           INC     DPTR
   \   000027   A3           INC     DPTR
   \   000028   A3           INC     DPTR
   \   000029   A3           INC     DPTR
   \   00002A   A3           INC     DPTR
   \   00002B   F0           MOVX    @DPTR,A
     88          }
   \   00002C   02....       LJMP    ?Subroutine1 & 0xFFFF

   \                                 In  segment BANKED_CODE, align 1, keep-with-next
   \                     ?Subroutine9:
   \   000000   C3           CLR     C
   \   000001   E5..         MOV     A,?V0 + 0
   \   000003   9C           SUBB    A,R4
   \   000004   E5..         MOV     A,?V0 + 1
   \   000006   9D           SUBB    A,R5
   \   000007   A2D2         MOV     C,0xD0 /* PSW */.2
   \   000009   65D0         XRL     A,PSW
   \   00000B   33           RLC     A
   \   00000C   22           RET

   \                                 In  segment BANKED_CODE, align 1, keep-with-next
   \                     ?Subroutine3:
   \   000000   12....       LCALL   ?Subroutine11 & 0xFFFF
   \                     ??CrossCallReturnLabel_26:
   \   000003   F8           MOV     R0,A
   \   000004   A3           INC     DPTR
   \   000005   E0           MOVX    A,@DPTR
   \   000006   F9           MOV     R1,A
   \   000007   8882         MOV     DPL,R0
   \   000009   8983         MOV     DPH,R1
   \   00000B   E582         MOV     A,DPL
   \   00000D   4583         ORL     A,DPH
   \   00000F   22           RET

   \                                 In  segment BANKED_CODE, align 1, keep-with-next
   \                     ?Subroutine6:
   \   000000   12....       LCALL   ?Subroutine10 & 0xFFFF
   \                     ??CrossCallReturnLabel_13:
   \   000003   E582         MOV     A,DPL
   \   000005                REQUIRE ??Subroutine15_0
   \   000005                ; // Fall through to label ??Subroutine15_0
     89          
     90          /**
     91            遍历终端列表，将所有节点剩余时间-1，如果小于0，则置0
     92          */

   \                                 In  segment BANKED_CODE, align 1, keep-with-next
     93          void  decAllListEPLeftSec(LinkList L) {
   \                     decAllListEPLeftSec:
   \   000000   74F5         MOV     A,#-0xb
   \   000002   12....       LCALL   ?BANKED_ENTER_XDATA
   \   000005                ; Saved register size: 11
   \   000005                ; Auto size: 11
   \   000005   74F5         MOV     A,#-0xb
   \   000007   12....       LCALL   ?ALLOC_XSTACK8
     94            uint8 sendBuf[11] = {'#', 0x44, 0, 0, 0, 0, 0, 0, 0, 0, '@'};
   \   00000A   85..82       MOV     DPL,?XSP + 0
   \   00000D   85..83       MOV     DPH,?XSP + 1
   \   000010   AC82         MOV     R4,DPL
   \   000012   AD83         MOV     R5,DPH
   \   000014   7583..       MOV     DPH,#(`?<Constant {35, 68, 0, 0, 0, 0, 0, 0, 0, 0, 64` >> 8) & 0xff
   \   000017   7582..       MOV     DPL,#`?<Constant {35, 68, 0, 0, 0, 0, 0, 0, 0, 0, 64` & 0xff
   \   00001A   740B         MOV     A,#0xb
   \   00001C   12....       LCALL   ?MOVE_LONG8_XDATA_XDATA
     95            LinkList p = L->next;
   \   00001F   12....       LCALL   ??Subroutine13_0 & 0xFFFF
   \                     ??CrossCallReturnLabel_18:
   \   000022   806B         SJMP    ??decAllListEPLeftSec_0
     96            int i = 0;
     97            while(p) {
     98              i++;
     99              p->data.leftSecCount -= 1;
   \                     ??decAllListEPLeftSec_1:
   \   000024   EE           MOV     A,R6
   \   000025   240A         ADD     A,#0xa
   \   000027   F582         MOV     DPL,A
   \   000029   12....       LCALL   ?Subroutine8 & 0xFFFF
   \                     ??CrossCallReturnLabel_23:
   \   00002C   14           DEC     A
   \   00002D   F0           MOVX    @DPTR,A
    100              if(p->data.leftSecCount < 0) {
   \   00002E   C3           CLR     C
   \   00002F   9400         SUBB    A,#0x0
   \   000031   A2D2         MOV     C,0xD0 /* PSW */.2
   \   000033   65D0         XRL     A,PSW
   \   000035   33           RLC     A
   \   000036   5052         JNC     ??decAllListEPLeftSec_2
    101                p->data.leftSecCount = 0;
   \   000038   8E82         MOV     DPL,R6
   \   00003A   8F83         MOV     DPH,R7
   \   00003C   A3           INC     DPTR
   \   00003D   A3           INC     DPTR
   \   00003E   A3           INC     DPTR
   \   00003F   A3           INC     DPTR
   \   000040   A3           INC     DPTR
   \   000041   A3           INC     DPTR
   \   000042   A3           INC     DPTR
   \   000043   A3           INC     DPTR
   \   000044   A3           INC     DPTR
   \   000045   A3           INC     DPTR
   \   000046   E4           CLR     A
   \   000047   F0           MOVX    @DPTR,A
    102                osal_memcpy(sendBuf+2, p->data.IEEEArr, 8); // 复制IEEE地址
   \   000048                ; Setup parameters for call to function osal_memcpy
   \   000048   8E82         MOV     DPL,R6
   \   00004A   8F83         MOV     DPH,R7
   \   00004C   A3           INC     DPTR
   \   00004D   A3           INC     DPTR
   \   00004E   A982         MOV     R1,DPL
   \   000050   AA83         MOV     R2,DPH
   \   000052   89..         MOV     ?V0 + 0,R1
   \   000054   8A..         MOV     ?V0 + 1,R2
   \   000056   F5..         MOV     ?V0 + 2,A
   \   000058   78..         MOV     R0,#?V0 + 0
   \   00005A   12....       LCALL   ?PUSH_XSTACK_I_THREE
   \   00005D   7C08         MOV     R4,#0x8
   \   00005F   7D00         MOV     R5,#0x0
   \   000061   7405         MOV     A,#0x5
   \   000063   12....       LCALL   ?XSTACK_DISP0_8
   \   000066   AA82         MOV     R2,DPL
   \   000068   AB83         MOV     R3,DPH
   \   00006A   12....       LCALL   ??osal_memcpy?relay
   \   00006D   7403         MOV     A,#0x3
   \   00006F   12....       LCALL   ?DEALLOC_XSTACK8
    103                mySendByteBuf(sendBuf, 11); // 发送到上位机
   \   000072                ; Setup parameters for call to function mySendByteBuf
   \   000072   7C0B         MOV     R4,#0xb
   \   000074   7D00         MOV     R5,#0x0
   \   000076   85..82       MOV     DPL,?XSP + 0
   \   000079   85..83       MOV     DPH,?XSP + 1
   \   00007C   AA82         MOV     R2,DPL
   \   00007E   AB83         MOV     R3,DPH
   \   000080   12....       LCALL   ??mySendByteBuf?relay
    104                myprintf("one end device offline\n");
   \   000083                ; Setup parameters for call to function myprintf
   \   000083   7A..         MOV     R2,#`?<Constant "one end device offline\\n">` & 0xff
   \   000085   7B..         MOV     R3,#(`?<Constant "one end device offline\\n">` >> 8) & 0xff
   \   000087   12....       LCALL   ??myprintf?relay
    105              }
    106              // myprintf("i = %d, leftSecCount = %d\n", i, p->data.leftSecCount);
    107              p = p->next;
   \                     ??decAllListEPLeftSec_2:
   \   00008A   EE           MOV     A,R6
   \   00008B   12....       LCALL   ??Subroutine15_0 & 0xFFFF
    108            }
   \                     ??CrossCallReturnLabel_33:
   \   00008E   EF           MOV     A,R7
   \                     ??decAllListEPLeftSec_0:
   \   00008F   12....       LCALL   ?Subroutine4 & 0xFFFF
   \                     ??CrossCallReturnLabel_5:
   \   000092   7090         JNZ     ??decAllListEPLeftSec_1
    109          }
   \   000094   740B         MOV     A,#0xb
   \   000096   12....       LCALL   ?DEALLOC_XSTACK8
   \   000099   7F03         MOV     R7,#0x3
   \   00009B   02....       LJMP    ?BANKED_LEAVE_XDATA

   \                                 In  segment BANKED_CODE, align 1, keep-with-next
   \                     ?Subroutine8:
   \   000000   EF           MOV     A,R7
   \   000001                REQUIRE ??Subroutine14_0
   \   000001                ; // Fall through to label ??Subroutine14_0
    110          
    111          /*════╗
    112          ║ 算法2.8║ 
    113          ╚════*/

   \                                 In  segment BANKED_CODE, align 1, keep-with-next
    114          Status GetElem_L(LinkList L, int i, LElemType_L *e)
   \                     GetElem_L:
    115          {
   \   000000   74F6         MOV     A,#-0xa
   \   000002   12....       LCALL   ?BANKED_ENTER_XDATA
   \   000005                ; Saved register size: 10
   \   000005                ; Auto size: 0
   \   000005   740A         MOV     A,#0xa
   \   000007   12....       LCALL   ?XSTACK_DISP0_8
   \   00000A   E0           MOVX    A,@DPTR
   \   00000B   FE           MOV     R6,A
   \   00000C   A3           INC     DPTR
   \   00000D   E0           MOVX    A,@DPTR
   \   00000E   FF           MOV     R7,A
    116          	int j = 1;
   \   00000F   12....       LCALL   ?Subroutine5 & 0xFFFF
    117          	LinkList p = L->next;
   \                     ??CrossCallReturnLabel_15:
   \   000012   8005         SJMP    ??GetElem_L_0
    118          	
    119          	while(p && j<i)						//p不为空且还未到达i处
    120          	{
    121          		j++;
   \                     ??GetElem_L_1:
   \   000014   12....       LCALL   ?Subroutine6 & 0xFFFF
    122          		p = p->next;
    123          	}
   \                     ??CrossCallReturnLabel_30:
   \   000017   E583         MOV     A,DPH
   \                     ??GetElem_L_0:
   \   000019   12....       LCALL   ?Subroutine3 & 0xFFFF
   \                     ??CrossCallReturnLabel_3:
   \   00001C   6013         JZ      ??GetElem_L_2
   \   00001E   12....       LCALL   ?Subroutine9 & 0xFFFF
   \                     ??CrossCallReturnLabel_11:
   \   000021   40F1         JC      ??GetElem_L_1
   \   000023   C3           CLR     C
   \   000024   EC           MOV     A,R4
   \   000025   95..         SUBB    A,?V0 + 0
   \   000027   ED           MOV     A,R5
   \   000028   95..         SUBB    A,?V0 + 1
   \   00002A   A2D2         MOV     C,0xD0 /* PSW */.2
   \   00002C   65D0         XRL     A,PSW
   \   00002E   33           RLC     A
   \   00002F   5006         JNC     ??GetElem_L_3
    124          
    125          	if(!p || j>i)						//第i个元素不存在 
    126          		return ERROR;
   \                     ??GetElem_L_2:
   \   000031   7A00         MOV     R2,#0x0
   \   000033   7B00         MOV     R3,#0x0
   \   000035   800C         SJMP    ??GetElem_L_4
    127          
    128          	*e = p->data;
   \                     ??GetElem_L_3:
   \   000037   EE           MOV     A,R6
   \   000038   FC           MOV     R4,A
   \   000039   EF           MOV     A,R7
   \   00003A   FD           MOV     R5,A
   \   00003B   740B         MOV     A,#0xb
   \   00003D   12....       LCALL   ?MOVE_LONG8_XDATA_XDATA
    129          
    130          	return OK; 
   \   000040   7A01         MOV     R2,#0x1
   \   000042   FB           MOV     R3,A
   \                     ??GetElem_L_4:
   \   000043   02....       LJMP    ?Subroutine1 & 0xFFFF
    131          }
    132          
    133          /**
    134            向列表中插入一个终端上传的地址
    135            参数：
    136              插入的位置
    137              短地址高字节
    138              短地址低字节
    139              ieee地址8个字节
    140              心跳检测的次数，协调器检查每次减1，终端上传每次加1
    141          */

   \                                 In  segment BANKED_CODE, align 1, keep-with-next
    142          Status ListInsert_L(LinkList L, int i, uint8 addrH, uint8 addrL, uint8* ieeeAddrP, int8 delaySec)
   \                     ListInsert_L:
    143          {
   \   000000   74EE         MOV     A,#-0x12
   \   000002   12....       LCALL   ?BANKED_ENTER_XDATA
   \   000005                ; Saved register size: 18
   \   000005                ; Auto size: 0
   \   000005   89..         MOV     ?V0 + 2,R1
   \   000007   7412         MOV     A,#0x12
   \   000009   12....       LCALL   ?XSTACK_DISP0_8
   \   00000C   E0           MOVX    A,@DPTR
   \   00000D   F5..         MOV     ?V0 + 6,A
   \   00000F   7413         MOV     A,#0x13
   \   000011   12....       LCALL   ?XSTACK_DISP0_8
   \   000014   E0           MOVX    A,@DPTR
   \   000015   F5..         MOV     ?V0 + 4,A
   \   000017   A3           INC     DPTR
   \   000018   E0           MOVX    A,@DPTR
   \   000019   F5..         MOV     ?V0 + 5,A
   \   00001B   7415         MOV     A,#0x15
   \   00001D   12....       LCALL   ?XSTACK_DISP0_8
   \   000020   E0           MOVX    A,@DPTR
   \   000021   F5..         MOV     ?V0 + 3,A
    144          	LinkList p, s;
    145          	int j = 0;	
   \   000023   7800         MOV     R0,#0x0
   \   000025   7900         MOV     R1,#0x0
    146          	p = L;
   \   000027   EA           MOV     A,R2
   \   000028   FE           MOV     R6,A
   \   000029   EB           MOV     A,R3
   \   00002A   FF           MOV     R7,A
   \   00002B   8013         SJMP    ??ListInsert_L_0
    147          	
    148          	while(p && j<i-1)					//寻找第i-1个结点 
    149          	{
    150          		p = p->next;
   \                     ??ListInsert_L_1:
   \   00002D   EE           MOV     A,R6
   \   00002E   12....       LCALL   ??Subroutine15_0 & 0xFFFF
   \                     ??CrossCallReturnLabel_34:
   \   000031   12....       LCALL   ?Subroutine8 & 0xFFFF
   \                     ??CrossCallReturnLabel_24:
   \   000034   FE           MOV     R6,A
   \   000035   A3           INC     DPTR
   \   000036   E0           MOVX    A,@DPTR
   \   000037   FF           MOV     R7,A
    151          		++j;
   \   000038   E8           MOV     A,R0
   \   000039   2401         ADD     A,#0x1
   \   00003B   08           INC     R0
   \   00003C   E9           MOV     A,R1
   \   00003D   3400         ADDC    A,#0x0
   \   00003F   F9           MOV     R1,A
    152          	}	
   \                     ??ListInsert_L_0:
   \   000040   EE           MOV     A,R6
   \   000041   4F           ORL     A,R7
   \   000042   6020         JZ      ??ListInsert_L_2
   \   000044   EC           MOV     A,R4
   \   000045   24FF         ADD     A,#-0x1
   \   000047   FA           MOV     R2,A
   \   000048   ED           MOV     A,R5
   \   000049   34FF         ADDC    A,#-0x1
   \   00004B   FB           MOV     R3,A
   \   00004C   C3           CLR     C
   \   00004D   E8           MOV     A,R0
   \   00004E   9A           SUBB    A,R2
   \   00004F   E9           MOV     A,R1
   \   000050   9B           SUBB    A,R3
   \   000051   A2D2         MOV     C,0xD0 /* PSW */.2
   \   000053   65D0         XRL     A,PSW
   \   000055   33           RLC     A
   \   000056   40D5         JC      ??ListInsert_L_1
   \   000058   C3           CLR     C
   \   000059   EA           MOV     A,R2
   \   00005A   98           SUBB    A,R0
   \   00005B   EB           MOV     A,R3
   \   00005C   99           SUBB    A,R1
   \   00005D   A2D2         MOV     C,0xD0 /* PSW */.2
   \   00005F   65D0         XRL     A,PSW
   \   000061   33           RLC     A
   \   000062   5004         JNC     ??ListInsert_L_3
    153          	if(!p || j>i-1)
    154                  {
    155          		return ERROR;
   \                     ??ListInsert_L_2:
   \   000064   7A00         MOV     R2,#0x0
   \   000066   807B         SJMP    ??ListInsert_L_4
    156                  }
    157          
    158          	s = (LinkList)osal_msg_allocate(sizeof(LNode));
   \                     ??ListInsert_L_3:
   \   000068                ; Setup parameters for call to function osal_msg_allocate
   \   000068   7A0D         MOV     R2,#0xd
   \   00006A   7B00         MOV     R3,#0x0
   \   00006C   12....       LCALL   ??osal_msg_allocate?relay
   \   00006F   8A..         MOV     ?V0 + 0,R2
   \   000071   8B..         MOV     ?V0 + 1,R3
    159          	if(!s)
   \   000073   EA           MOV     A,R2
   \   000074   45..         ORL     A,?V0 + 1
   \   000076   7006         JNZ     ??ListInsert_L_5
    160                  {
    161          		return (OVERFLOW);
   \   000078   7AFE         MOV     R2,#-0x2
   \   00007A   7BFF         MOV     R3,#-0x1
   \   00007C   8067         SJMP    ??ListInsert_L_6
    162                  }
    163          	s->data.shortAddrH = addrH;
   \                     ??ListInsert_L_5:
   \   00007E   8A82         MOV     DPL,R2
   \   000080   8B83         MOV     DPH,R3
   \   000082   E5..         MOV     A,?V0 + 2
   \   000084   F0           MOVX    @DPTR,A
    164                  s->data.shortAddrL = addrL;
   \   000085   A3           INC     DPTR
   \   000086   E5..         MOV     A,?V0 + 6
   \   000088   F0           MOVX    @DPTR,A
    165                  osal_memcpy(s->data.IEEEArr, ieeeAddrP, 8);
   \   000089                ; Setup parameters for call to function osal_memcpy
   \   000089   75..00       MOV     ?V0 + 6,#0x0
   \   00008C   78..         MOV     R0,#?V0 + 4
   \   00008E   12....       LCALL   ?PUSH_XSTACK_I_THREE
   \   000091   7C08         MOV     R4,#0x8
   \   000093   7D00         MOV     R5,#0x0
   \   000095   EA           MOV     A,R2
   \   000096   2402         ADD     A,#0x2
   \   000098   0A           INC     R2
   \   000099   0A           INC     R2
   \   00009A   EB           MOV     A,R3
   \   00009B   3400         ADDC    A,#0x0
   \   00009D   FB           MOV     R3,A
   \   00009E   12....       LCALL   ??osal_memcpy?relay
   \   0000A1   7403         MOV     A,#0x3
   \   0000A3   12....       LCALL   ?DEALLOC_XSTACK8
    166                  s->data.leftSecCount = delaySec;
   \   0000A6   85..82       MOV     DPL,?V0 + 0
   \   0000A9   85..83       MOV     DPH,?V0 + 1
   \   0000AC   A3           INC     DPTR
   \   0000AD   A3           INC     DPTR
   \   0000AE   A3           INC     DPTR
   \   0000AF   A3           INC     DPTR
   \   0000B0   A3           INC     DPTR
   \   0000B1   A3           INC     DPTR
   \   0000B2   A3           INC     DPTR
   \   0000B3   A3           INC     DPTR
   \   0000B4   A3           INC     DPTR
   \   0000B5   A3           INC     DPTR
   \   0000B6   E5..         MOV     A,?V0 + 3
   \   0000B8   F0           MOVX    @DPTR,A
    167                  
    168          	s->next = p->next;
   \   0000B9   EE           MOV     A,R6
   \   0000BA   240B         ADD     A,#0xb
   \   0000BC   F8           MOV     R0,A
   \   0000BD   EF           MOV     A,R7
   \   0000BE   12....       LCALL   ?Subroutine7 & 0xFFFF
   \                     ??CrossCallReturnLabel_8:
   \   0000C1   E0           MOVX    A,@DPTR
   \   0000C2   FA           MOV     R2,A
   \   0000C3   A3           INC     DPTR
   \   0000C4   E0           MOVX    A,@DPTR
   \   0000C5   FB           MOV     R3,A
   \   0000C6   E5..         MOV     A,?V0 + 0
   \   0000C8   12....       LCALL   ??Subroutine15_0 & 0xFFFF
   \                     ??CrossCallReturnLabel_35:
   \   0000CB   E5..         MOV     A,?V0 + 1
   \   0000CD   3400         ADDC    A,#0x0
   \   0000CF   F583         MOV     DPH,A
   \   0000D1   EA           MOV     A,R2
   \   0000D2   F0           MOVX    @DPTR,A
   \   0000D3   A3           INC     DPTR
   \   0000D4   EB           MOV     A,R3
   \   0000D5   F0           MOVX    @DPTR,A
    169          	p->next = s;
   \   0000D6   8882         MOV     DPL,R0
   \   0000D8   8983         MOV     DPH,R1
   \   0000DA   E5..         MOV     A,?V0 + 0
   \   0000DC   F0           MOVX    @DPTR,A
   \   0000DD   A3           INC     DPTR
   \   0000DE   E5..         MOV     A,?V0 + 1
   \   0000E0   F0           MOVX    @DPTR,A
    170          
    171          	return OK;
   \   0000E1   7A01         MOV     R2,#0x1
   \                     ??ListInsert_L_4:
   \   0000E3   7B00         MOV     R3,#0x0
   \                     ??ListInsert_L_6:
   \   0000E5   7F0A         MOV     R7,#0xa
   \   0000E7   02....       LJMP    ?BANKED_LEAVE_XDATA
    172          }
    173          
    174          /*═════╗
    175          ║ 算法2.10 ║ 
    176          ╚═════*/

   \                                 In  segment BANKED_CODE, align 1, keep-with-next
    177          Status ListDelete_L(LinkList L, int i)
   \                     ListDelete_L:
    178          {
   \   000000   74F7         MOV     A,#-0x9
   \   000002   12....       LCALL   ?BANKED_ENTER_XDATA
   \   000005                ; Saved register size: 9
   \   000005                ; Auto size: 0
    179          	LinkList pre, p; 
    180          	int j;
    181          
    182          	pre = L;
    183          	j = 1; 
   \   000005   7801         MOV     R0,#0x1
   \   000007   7900         MOV     R1,#0x0
   \   000009   8012         SJMP    ??ListDelete_L_0
    184          
    185          	while(pre->next && j<i)			//寻找第i个结点，并令pre指向其前驱 
    186          	{
    187          		pre = pre->next;
   \                     ??ListDelete_L_1:
   \   00000B   12....       LCALL   ??Subroutine13_0 & 0xFFFF
   \                     ??CrossCallReturnLabel_19:
   \   00000E   12....       LCALL   ??Subroutine14_0 & 0xFFFF
   \                     ??CrossCallReturnLabel_22:
   \   000011   FA           MOV     R2,A
   \   000012   A3           INC     DPTR
   \   000013   E0           MOVX    A,@DPTR
   \   000014   FB           MOV     R3,A
    188          		++j;
   \   000015   E8           MOV     A,R0
   \   000016   2401         ADD     A,#0x1
   \   000018   08           INC     R0
   \   000019   E9           MOV     A,R1
   \   00001A   3400         ADDC    A,#0x0
   \   00001C   F9           MOV     R1,A
    189          	}
   \                     ??ListDelete_L_0:
   \   00001D   12....       LCALL   ??Subroutine13_0 & 0xFFFF
   \                     ??CrossCallReturnLabel_20:
   \   000020   12....       LCALL   ?Subroutine4 & 0xFFFF
   \                     ??CrossCallReturnLabel_6:
   \   000023   600C         JZ      ??ListDelete_L_2
   \   000025   C3           CLR     C
   \   000026   E8           MOV     A,R0
   \   000027   9C           SUBB    A,R4
   \   000028   E9           MOV     A,R1
   \   000029   9D           SUBB    A,R5
   \   00002A   A2D2         MOV     C,0xD0 /* PSW */.2
   \   00002C   65D0         XRL     A,PSW
   \   00002E   33           RLC     A
   \   00002F   40DA         JC      ??ListDelete_L_1
    190          	
    191          	if(!pre->next || j>i)			//删除位置不合理
   \                     ??ListDelete_L_2:
   \   000031   EE           MOV     A,R6
   \   000032   4F           ORL     A,R7
   \   000033   600C         JZ      ??ListDelete_L_3
   \   000035   C3           CLR     C
   \   000036   EC           MOV     A,R4
   \   000037   98           SUBB    A,R0
   \   000038   ED           MOV     A,R5
   \   000039   99           SUBB    A,R1
   \   00003A   A2D2         MOV     C,0xD0 /* PSW */.2
   \   00003C   65D0         XRL     A,PSW
   \   00003E   33           RLC     A
   \   00003F   5004         JNC     ??ListDelete_L_4
    192          		return ERROR;
   \                     ??ListDelete_L_3:
   \   000041   7A00         MOV     R2,#0x0
   \   000043   801D         SJMP    ??ListDelete_L_5
    193          
    194          	p = pre->next;
   \                     ??ListDelete_L_4:
   \   000045   EA           MOV     A,R2
   \   000046   240B         ADD     A,#0xb
   \   000048   F8           MOV     R0,A
   \   000049   EB           MOV     A,R3
   \   00004A   12....       LCALL   ?Subroutine7 & 0xFFFF
   \                     ??CrossCallReturnLabel_9:
   \   00004D   12....       LCALL   ?Subroutine2 & 0xFFFF
    195          	pre->next = p->next;
   \                     ??CrossCallReturnLabel_0:
   \   000050   FC           MOV     R4,A
   \   000051   A3           INC     DPTR
   \   000052   E0           MOVX    A,@DPTR
   \   000053   FD           MOV     R5,A
   \   000054   8882         MOV     DPL,R0
   \   000056   8983         MOV     DPH,R1
   \   000058   EC           MOV     A,R4
   \   000059   F0           MOVX    @DPTR,A
   \   00005A   A3           INC     DPTR
   \   00005B   ED           MOV     A,R5
   \   00005C   F0           MOVX    @DPTR,A
    196          	osal_msg_deallocate((uint8 *)p);
   \   00005D                ; Setup parameters for call to function osal_msg_deallocate
   \   00005D   12....       LCALL   ??osal_msg_deallocate?relay
    197          
    198          	return OK; 
   \   000060   7A01         MOV     R2,#0x1
   \                     ??ListDelete_L_5:
   \   000062   7B00         MOV     R3,#0x0
   \   000064   02....       LJMP    ?Subroutine0 & 0xFFFF
    199          }

   \                                 In  segment BANK_RELAYS, align 1
   \                     ??InitList_L?relay:
   \   000000   12....       LCALL   ?BDISPATCH
   \   000003   ......       DC24    InitList_L

   \                                 In  segment BANK_RELAYS, align 1
   \                     ??DestroyList_L?relay:
   \   000000   12....       LCALL   ?BDISPATCH
   \   000003   ......       DC24    DestroyList_L

   \                                 In  segment BANK_RELAYS, align 1
   \                     ??ListLength_L?relay:
   \   000000   12....       LCALL   ?BDISPATCH
   \   000003   ......       DC24    ListLength_L

   \                                 In  segment BANK_RELAYS, align 1
   \                     ??checkEPInList?relay:
   \   000000   12....       LCALL   ?BDISPATCH
   \   000003   ......       DC24    checkEPInList

   \                                 In  segment BANK_RELAYS, align 1
   \                     ??updateListEleStatus?relay:
   \   000000   12....       LCALL   ?BDISPATCH
   \   000003   ......       DC24    updateListEleStatus

   \                                 In  segment BANK_RELAYS, align 1
   \                     ??decAllListEPLeftSec?relay:
   \   000000   12....       LCALL   ?BDISPATCH
   \   000003   ......       DC24    decAllListEPLeftSec

   \                                 In  segment BANK_RELAYS, align 1
   \                     ??GetElem_L?relay:
   \   000000   12....       LCALL   ?BDISPATCH
   \   000003   ......       DC24    GetElem_L

   \                                 In  segment BANK_RELAYS, align 1
   \                     ??ListInsert_L?relay:
   \   000000   12....       LCALL   ?BDISPATCH
   \   000003   ......       DC24    ListInsert_L

   \                                 In  segment BANK_RELAYS, align 1
   \                     ??ListDelete_L?relay:
   \   000000   12....       LCALL   ?BDISPATCH
   \   000003   ......       DC24    ListDelete_L

   \                                 In  segment XDATA_ROM_C, align 1
   \                     `?<Constant {35, 68, 0, 0, 0, 0, 0, 0, 0, 0, 64`:
   \   000000   23           DB 35
   \   000001   44           DB 68
   \   000002   00           DB 0
   \   000003   00           DB 0
   \   000004   00           DB 0
   \   000005   00           DB 0
   \   000006   00           DB 0
   \   000007   00           DB 0
   \   000008   00           DB 0
   \   000009   00           DB 0
   \   00000A   40           DB 64

   \                                 In  segment XDATA_ROM_C, align 1
   \                     `?<Constant "one end device offline\\n">`:
   \   000000   6F6E6520     DB "one end device offline\012"
   \            656E6420
   \            64657669
   \            6365206F
   \            66666C69
   \            6E650A00
    200          
    201          
    202          #endif 

   Maximum stack usage in bytes:

     Function                 ISTACK PSTACK XSTACK
     --------                 ------ ------ ------
     DestroyList_L                0      0     10
       -> osal_msg_deallocate     0      0     20
     GetElem_L                    0      0     12
     InitList_L                   0      0      9
       -> osal_msg_allocate       0      0     18
     ListDelete_L                 0      0      9
       -> osal_msg_deallocate     0      0     18
     ListInsert_L                 1      0     25
       -> osal_msg_allocate       0      0     36
       -> osal_memcpy             0      0     42
     ListLength_L                 2      0      0
     checkEPInList                0      0     18
       -> osal_memcmp             0      0     36
     decAllListEPLeftSec          2      0     25
       -> osal_memcpy             0      0     50
       -> mySendByteBuf           0      0     44
       -> myprintf                0      0     44
     updateListEleStatus          1      0     12


   Segment part sizes:

     Function/Label                                 Bytes
     --------------                                 -----
     InitList_L                                       64
     ?Subroutine0                                      5
     ?Subroutine7                                      8
     DestroyList_L                                    55
     ?Subroutine1                                      5
     ?Subroutine2                                     15
     ?Subroutine11                                     6
     ListLength_L                                     52
     ??Subroutine13_0                                  7
     ??Subroutine14_0                                  4
     ??Subroutine15_0                                  5
     checkEPInList                                    88
     ??Subroutine12_0                                  3
     ?Subroutine4                                     10
     ?Subroutine10                                    13
     ?Subroutine5                                      3
     updateListEleStatus                              47
     ?Subroutine9                                     13
     ?Subroutine3                                     16
     ?Subroutine6                                      5
     decAllListEPLeftSec                             158
     ?Subroutine8                                      1
     GetElem_L                                        70
     ListInsert_L                                    234
     ListDelete_L                                    103
     ??InitList_L?relay                                6
     ??DestroyList_L?relay                             6
     ??ListLength_L?relay                              6
     ??checkEPInList?relay                             6
     ??updateListEleStatus?relay                       6
     ??decAllListEPLeftSec?relay                       6
     ??GetElem_L?relay                                 6
     ??ListInsert_L?relay                              6
     ??ListDelete_L?relay                              6
     ?<Constant {35, 68, 0, 0, 0, 0, 0, 0, 0, 0, 64   11
     ?<Constant "one end device offline\n">           24

 
 990 bytes in segment BANKED_CODE
  54 bytes in segment BANK_RELAYS
  35 bytes in segment XDATA_ROM_C
 
 1 044 bytes of CODE  memory
    35 bytes of CONST memory

Errors: none
Warnings: none
